Archive member included to satisfy reference by file (symbol)

c:/devkitPro/libctru/lib\libcitro3d.a(attribs.o)
                              render.o (AttrInfo_Init)
c:/devkitPro/libctru/lib\libcitro3d.a(base.o)
                              c:/devkitPro/libctru/lib\libcitro3d.a(attribs.o) (__C3D_Context)
c:/devkitPro/libctru/lib\libcitro3d.a(buffers.o)
                              render.o (BufInfo_Init)
c:/devkitPro/libctru/lib\libcitro3d.a(effect.o)
                              c:/devkitPro/libctru/lib\libcitro3d.a(base.o) (C3D_DepthMap)
c:/devkitPro/libctru/lib\libcitro3d.a(immediate.o)
                              render.o (C3D_ImmDrawBegin)
c:/devkitPro/libctru/lib\libcitro3d.a(renderbuffer.o)
                              c:/devkitPro/libctru/lib\libcitro3d.a(base.o) (C3Di_RenderBufBind)
c:/devkitPro/libctru/lib\libcitro3d.a(renderqueue.o)
                              render.o (C3D_FrameBegin)
c:/devkitPro/libctru/lib\libcitro3d.a(texenv.o)
                              c:/devkitPro/libctru/lib\libcitro3d.a(base.o) (TexEnv_Init)
c:/devkitPro/libctru/lib\libcitro3d.a(texture.o)
                              render.o (C3D_TexInit)
c:/devkitPro/libctru/lib\libcitro3d.a(uniforms.o)
                              c:/devkitPro/libctru/lib\libcitro3d.a(base.o) (C3D_UpdateUniforms)
c:/devkitPro/libctru/lib\libcitro3d.a(mtx_orthotilt.o)
                              render.o (Mtx_OrthoTilt)
c:/devkitPro/libctru/lib\libcitro3d.a(mtx_identity.o)
                              c:/devkitPro/libctru/lib\libcitro3d.a(mtx_orthotilt.o) (Mtx_Identity)
c:/devkitPro/libctru/lib\libcitro3d.a(mtx_multiply.o)
                              c:/devkitPro/libctru/lib\libcitro3d.a(mtx_orthotilt.o) (Mtx_Multiply)
c:/devkitPro/libctru/lib\libctru.a(linear.o)
                              render.o (linearAlloc)
c:/devkitPro/libctru/lib\libctru.a(mem_pool.o)
                              c:/devkitPro/libctru/lib\libctru.a(linear.o) (MemPool::Allocate(MemChunk&, unsigned long, int))
c:/devkitPro/libctru/lib\libctru.a(vram.o)
                              c:/devkitPro/libctru/lib\libcitro3d.a(texture.o) (vramAlloc)
c:/devkitPro/libctru/lib\libctru.a(gfx.o)
                              c:/devkitPro/libctru/lib\libcitro3d.a(renderqueue.o) (gfxIs3D)
c:/devkitPro/libctru/lib\libctru.a(os.o)
                              c:/devkitPro/libctru/lib\libcitro3d.a(base.o) (osConvertVirtToPhys)
c:/devkitPro/libctru/lib\libctru.a(gpu.o)
                              c:/devkitPro/libctru/lib\libcitro3d.a(base.o) (GPUCMD_SetBuffer)
c:/devkitPro/libctru/lib\libctru.a(gx.o)
                              c:/devkitPro/libctru/lib\libctru.a(gfx.o) (gxCmdBuf)
c:/devkitPro/libctru/lib\libctru.a(shaderProgram.o)
                              render.o (shaderInstanceGetUniformLocation)
c:/devkitPro/libctru/lib\libctru.a(shbin.o)
                              render.o (DVLB_Free)
c:/devkitPro/libctru/lib\libctru.a(apt.o)
                              c:/devkitPro/libctru/lib\libcitro3d.a(base.o) (aptHook)
c:/devkitPro/libctru/lib\libctru.a(gspgpu.o)
                              c:/devkitPro/libctru/lib\libctru.a(gfx.o) (gspInit)
c:/devkitPro/libctru/lib\libctru.a(hid.o)
                              main.o (hidScanInput)
c:/devkitPro/libctru/lib\libctru.a(irrst.o)
                              c:/devkitPro/libctru/lib\libctru.a(hid.o) (irrstScanInput)
c:/devkitPro/libctru/lib\libctru.a(ptmsysm.o)
                              c:/devkitPro/libctru/lib\libctru.a(os.o) (ptmSysmInit)
c:/devkitPro/libctru/lib\libctru.a(rbtree_find.o)
                              c:/devkitPro/libctru/lib\libctru.a(linear.o) (rbtree_find)
c:/devkitPro/libctru/lib\libctru.a(rbtree_init.o)
                              c:/devkitPro/libctru/lib\libctru.a(linear.o) (rbtree_init)
c:/devkitPro/libctru/lib\libctru.a(rbtree_insert.o)
                              c:/devkitPro/libctru/lib\libctru.a(linear.o) (rbtree_insert)
c:/devkitPro/libctru/lib\libctru.a(rbtree_remove.o)
                              c:/devkitPro/libctru/lib\libctru.a(linear.o) (rbtree_remove)
c:/devkitPro/libctru/lib\libctru.a(rbtree_rotate.o)
                              c:/devkitPro/libctru/lib\libctru.a(rbtree_insert.o) (rbtree_rotate)
c:/devkitPro/libctru/lib\libctru.a(allocateHeaps.o)
                              c:/devkitPro/libctru/lib\libcitro3d.a(base.o) (__ctru_linear_heap_size)
c:/devkitPro/libctru/lib\libctru.a(initArgv.o)
                              c:/devkitpro/devkitarm/bin/../lib/gcc/arm-none-eabi/5.3.0/../../../../arm-none-eabi/lib/armv6k/fpu/3dsx_crt0.o (__system_argc)
c:/devkitPro/libctru/lib\libctru.a(initSystem.o)
                              c:/devkitPro/libctru/lib\libctru.a(apt.o) (__system_retAddr)
c:/devkitPro/libctru/lib\libctru.a(syscalls.o)
                              c:/devkitPro/libctru/lib\libctru.a(initSystem.o) (__system_initSyscalls)
c:/devkitPro/libctru/lib\libctru.a(svc.o)
[...]
Memory Configuration

Name             Origin             Length             Attributes
*default*        0x00000000         0xffffffff

Linker script and memory map

                0x00100000                . = 0x100000
                0x00100000                __start__ = .

.text           0x00100000    0x1d234
 *(.crt0)
 .crt0          0x00100000       0x94 c:/devkitpro/devkitarm/bin/../lib/gcc/arm-none-eabi/5.3.0/../../../../arm-none-eabi/lib/armv6k/fpu/3dsx_crt0.o
                0x00100000                _start
                0x00100008                __service_ptr
                0x0010000c                __apt_appid
                0x00100010                __heap_size
                0x00100014                __linear_heap_size
                0x00100018                __system_arglist
                0x0010001c                __system_runflags
 *(.init)
 .init          0x00100094        0xc c:/devkitpro/devkitarm/bin/../lib/gcc/arm-none-eabi/5.3.0/armv6k/fpu/crti.o
                0x00100094                _init
 .init          0x001000a0        0xc c:/devkitpro/devkitarm/bin/../lib/gcc/arm-none-eabi/5.3.0/armv6k/fpu/crtn.o
                0x001000ac                . = ALIGN (0x4)
 *(.text)
 .text          0x001000ac      0x108 c:/devkitpro/devkitarm/bin/../lib/gcc/arm-none-eabi/5.3.0/armv6k/fpu/crtbegin.o
 .text          0x001001b4       0x64 c:/devkitPro/libctru/lib\libctru.a(stack_adjust.o)
                0x001001b4                initSystem
                0x001001f8                __ctru_exit
 .text          0x00100218      0x20c c:/devkitpro/devkitarm/bin/../lib/gcc/arm-none-eabi/5.3.0/armv6k/fpu\libgcc.a(_udivsi3.o)
                0x00100218                __aeabi_uidiv
                0x00100218                __udivsi3
                0x00100404                __aeabi_uidivmod
 .text          0x00100424      0x240 c:/devkitpro/devkitarm/bin/../lib/gcc/arm-none-eabi/5.3.0/armv6k/fpu\libgcc.a(_divsi3.o)
                0x00100424                __divsi3
                0x00100424                __aeabi_idiv
                0x00100644                __aeabi_idivmod
 .text          0x00100664        0x4 c:/devkitpro/devkitarm/bin/../lib/gcc/arm-none-eabi/5.3.0/armv6k/fpu\libgcc.a(_dvmd_tls.o)
                0x00100664                __aeabi_idiv0
                0x00100664                __aeabi_ldiv0
 *fill*         0x00100668       0x18 
 .text          0x00100680      0x3a0 c:/devkitpro/devkitarm/bin/../lib/gcc/arm-none-eabi/5.3.0/../../../../arm-none-eabi/lib/armv6k/fpu\libg.a(lib_a-strcmp.o)
                0x00100688                strcmp
 .text          0x00100a20      0x1c4 c:/devkitpro/devkitarm/bin/../lib/gcc/arm-none-eabi/5.3.0/../../../../arm-none-eabi/lib/armv6k/fpu\libsysbase.a(iosupport.o)
                0x00100a28                setDefaultDevice
                0x00100a40                FindDevice
                0x00100afc                RemoveDevice
                0x00100b28                AddDevice
                0x00100bc0                GetDeviceOpTab
 .text          0x00100be4       0x7c c:/devkitpro/devkitarm/bin/../lib/gcc/arm-none-eabi/5.3.0/../../../../arm-none-eabi/lib/armv6k/fpu\libsysbase.a(close.o)
                0x00100be4                _close_r
 .text          0x00100c60       0x6c c:/devkitpro/devkitarm/bin/../lib/gcc/arm-none-eabi/5.3.0/../../../../arm-none-eabi/lib/armv6k/fpu\libsysbase.a(fstat.o)
                0x00100c60                _fstat_r
 .text          0x00100ccc       0x2c c:/devkitpro/devkitarm/bin/../lib/gcc/arm-none-eabi/5.3.0/../../../../arm-none-eabi/lib/armv6k/fpu\libsysbase.a(gettod.o)
                0x00100ccc                _gettimeofday_r
 .text          0x00100cf8        0x8 c:/devkitpro/devkitarm/bin/../lib/gcc/arm-none-eabi/5.3.0/../../../../arm-none-eabi/lib/armv6k/fpu\libsysbase.a(isatty.o)
                0x00100cf8                _isatty_r
 .text          0x00100d00       0x78 c:/devkitpro/devkitarm/bin/../lib/gcc/arm-none-eabi/5.3.0/../../../../arm-none-eabi/lib/armv6k/fpu\libsysbase.a(lseek.o)
                0x00100d00                _lseek_r
 .text          0x00100d78       0x78 c:/devkitpro/devkitarm/bin/../lib/gcc/arm-none-eabi/5.3.0/../../../../arm-none-eabi/lib/armv6k/fpu\libsysbase.a(read.o)
                0x00100d78                _read_r
 .text          0x00100df0       0x70 c:/devkitpro/devkitarm/bin/../lib/gcc/arm-none-eabi/5.3.0/../../../../arm-none-eabi/lib/armv6k/fpu\libsysbase.a(sbrk.o)
                0x00100df0                _sbrk_r
 .text          0x00100e60       0x78 c:/devkitpro/devkitarm/bin/../lib/gcc/arm-none-eabi/5.3.0/../../../../arm-none-eabi/lib/armv6k/fpu\libsysbase.a(write.o)
                0x00100e60                _write_r
 .text          0x00100ed8      0x3b0 c:/devkitpro/devkitarm/bin/../lib/gcc/arm-none-eabi/5.3.0/../../../../arm-none-eabi/lib/armv6k/fpu\libsysbase.a(chdir.o)
                0x00100ed8                _concatenate_path
                0x00101094                chdir
                0x001011e8                getcwd
 .text          0x00101288       0x10 c:/devkitpro/devkitarm/bin/../lib/gcc/arm-none-eabi/5.3.0/../../../../arm-none-eabi/lib/armv6k/fpu\libsysbase.a(flock.o)
                0x00101288                __flockfile
                0x00101290                __funlockfile
 .text          0x00101298      0x108 c:/devkitpro/devkitarm/bin/../lib/gcc/arm-none-eabi/5.3.0/../../../../arm-none-eabi/lib/armv6k/fpu\libsysbase.a(syscall_support.o)
                0x00101298                __libc_lock_init
                0x001012b0                __libc_lock_acquire
                0x001012c8                __libc_lock_try_acquire
                0x001012ec                __libc_lock_release
                0x00101304                __libc_lock_close
                0x0010131c                __libc_lock_init_recursive
                0x00101334                __libc_lock_acquire_recursive
                0x0010134c                __libc_lock_try_acquire_recursive
                0x00101370                __libc_lock_release_recursive
                0x00101388                __libc_lock_close_recursive
 .text          0x001013a0      0x2c4 c:/devkitpro/devkitarm/bin/../lib/gcc/arm-none-eabi/5.3.0/../../../../arm-none-eabi/lib/armv6k/fpu\libsysbase.a(handle_manager.o)
                0x001013a0                __free_handle
                0x001013e4                __release_handle
                0x00101420                __alloc_handle
                0x00101498                __get_handle
                0x001014b4                dup
                0x00101558                dup2
 .text          0x00101664       0x28 c:/devkitpro/devkitarm/bin/../lib/gcc/arm-none-eabi/5.3.0/../../../../arm-none-eabi/lib/armv6k/fpu\libsysbase.a(getreent.o)
                0x00101664                __getreent
 .text          0x0010168c       0x3c c:/devkitpro/devkitarm/bin/../lib/gcc/arm-none-eabi/5.3.0/armv6k/fpu\libgcc.a(_aeabi_uldivmod.o)
                0x0010168c                __aeabi_uldivmod
 .text          0x001016c8      0x128 c:/devkitpro/devkitarm/bin/../lib/gcc/arm-none-eabi/5.3.0/armv6k/fpu\libgcc.a(_udivmoddi4.o)
                0x001016c8                __udivmoddi4
 *(.text.*)
 .text.setBitOfReversedStream
                0x001017f0       0x38 lodepng.o
 .text.checkColorValidity
                0x00101828       0xa0 lodepng.o
 .text.addColorBits
                0x001018c8       0x4c lodepng.o
 .text.color_tree_get
                0x00101914       0x60 lodepng.o
 .text.getPixelColorRGBA8
                0x00101974      0x3a0 lodepng.o
 .text.getPixelColorsRGBA8
                0x00101d14      0x578 lodepng.o
 .text.getPixelColorRGBA16
                0x0010228c      0x1b0 lodepng.o
 .text.Adam7_getpassvalues
                0x0010243c      0x1ac lodepng.o
 .text.unfilter
                0x001025e8      0x3ac lodepng.o
 .text.removePaddingBits
                0x00102994       0x90 lodepng.o
 .text.color_tree_add
                0x00102a24       0xb4 lodepng.o
 .text.HuffmanTree_cleanup
                0x00102ad8       0x24 lodepng.o
 .text.LodePNGText_cleanup
                0x00102afc       0x60 lodepng.o
 .text.LodePNGIText_cleanup
                0x00102b5c       0x90 lodepng.o
 .text.color_tree_cleanup
                0x00102bec       0x30 lodepng.o
 .text.string_set
                0x00102c1c       0x60 lodepng.o
 .text.lodepng_color_mode_equal
                0x00102c7c       0xd0 lodepng.o
 .text.uivector_reserve.isra.10
                0x00102d4c       0x5c lodepng.o
 .text.ucvector_push_back
                0x00102da8       0x38 lodepng.o
 .text.uivector_resizev.constprop.22
                0x00102de0       0x58 lodepng.o
 .text.HuffmanTree_makeFromLengths2
                0x00102e38      0x34c lodepng.o
 .text.HuffmanTree_makeFromLengths
                0x00103184       0x6c lodepng.o
 .text.generateFixedLitLenTree
                0x001031f0       0xa4 lodepng.o
 .text.generateFixedDistanceTree
                0x00103294       0x60 lodepng.o
 .text.lodepng_inflatev.isra.12
                0x001032f4      0xb20 lodepng.o
 .text.lodepng_zlib_decompress
                0x00103e14      0x1b4 lodepng.o
                0x00103e14                lodepng_zlib_decompress
 .text.zlib_decompress
                0x00103fc8       0x2c lodepng.o
 .text.lodepng_chunk_type_equals
                0x00103ff4       0x6c lodepng.o
                0x00103ff4                lodepng_chunk_type_equals
 .text.lodepng_chunk_check_crc
                0x00104060       0xa4 lodepng.o
                0x00104060                lodepng_chunk_check_crc
 .text.lodepng_chunk_append
                0x00104104       0xb0 lodepng.o
                0x00104104                lodepng_chunk_append
 .text.lodepng_color_mode_copy
                0x001041b4       0xac lodepng.o
                0x001041b4                lodepng_color_mode_copy
 .text.lodepng_add_text
                0x00104260      0x104 lodepng.o
                0x00104260                lodepng_add_text
 .text.lodepng_add_itext
                0x00104364      0x1f4 lodepng.o
                0x00104364                lodepng_add_itext
 .text.lodepng_info_init
                0x00104558       0x8c lodepng.o
                0x00104558                lodepng_info_init
 .text.lodepng_info_cleanup
                0x001045e4       0x50 lodepng.o
                0x001045e4                lodepng_info_cleanup
 .text.lodepng_convert
                0x00104634      0x4f8 lodepng.o
                0x00104634                lodepng_convert
 .text.lodepng_inspect
                0x00104b2c      0x254 lodepng.o
                0x00104b2c                lodepng_inspect
 .text.decodeGeneric
                0x00104d80     0x174c lodepng.o
 .text.lodepng_decode
                0x001064cc      0x13c lodepng.o
                0x001064cc                lodepng_decode
 .text.lodepng_state_init
                0x00106608       0xb8 lodepng.o
                0x00106608                lodepng_state_init
 .text.lodepng_state_cleanup
                0x001066c0       0x30 lodepng.o
                0x001066c0                lodepng_state_cleanup
 .text.lodepng_decode_memory
                0x001066f0       0x68 lodepng.o
                0x001066f0                lodepng_decode_memory
 .text.lodepng_decode32
                0x00106758       0x28 lodepng.o
                0x00106758                lodepng_decode32
 .text.startup.main
                0x00106780      0x320 main.o
                0x00106780                main
 .text.RDR_DisplayInit
                0x00106aa0       0x70 render.o
                0x00106aa0                RDR_DisplayInit
 .text.RDR_DrawSplashScreen
                0x00106b10       0x3c render.o
                0x00106b10                RDR_DrawSplashScreen
 .text.RDR_DrawGameBoard
                0x00106b4c       0x98 render.o
                0x00106b4c                RDR_DrawGameBoard
 .text.RDR_DrawSprite
                0x00106be4      0x180 render.o
                0x00106be4                RDR_DrawSprite
 .text.RDR_SceneInit
                0x00106d64      0x230 render.o
                0x00106d64                RDR_SceneInit
 .text.RDR_SceneRender
                0x00106f94       0xc8 render.o
                0x00106f94                RDR_SceneRender
 .text.RDR_SceneExit
                0x0010705c       0x20 render.o
                0x0010705c                RDR_SceneExit
 .text.SAGA_GameInit
                0x0010707c       0xa4 samegame.o
                0x0010707c                SAGA_GameInit
 .text.SAGA_GetBlockColor
                0x00107120       0x6c samegame.o
                0x00107120                SAGA_GetBlockColor
 .text.SAGA_DeleteBoard
                0x0010718c       0x54 samegame.o
                0x0010718c                SAGA_DeleteBoard
 .text.SAGA_CreateBoard
                0x001071e0       0xb0 samegame.o
                0x001071e0                SAGA_CreateBoard
 .text.SAGA_SetupBoard
                0x00107290       0xb8 samegame.o
                0x00107290                SAGA_SetupBoard
 .text.SAGA_GetRemainingCount
                0x00107348       0x10 samegame.o
                0x00107348                SAGA_GetRemainingCount
 .text.SAGA_IsGameOver
                0x00107358       0xf0 samegame.o
                0x00107358                SAGA_IsGameOver
 .text.SAGA_DeleteNeighborBlocks
                0x00107448      0x1d4 samegame.o
                0x00107448                SAGA_DeleteNeighborBlocks
 .text.SAGA_CompactBoard
                0x0010761c      0x1c4 samegame.o
                0x0010761c                SAGA_CompactBoard
 .text.SAGA_DeleteBlocks
                0x001077e0      0x178 samegame.o
                0x001077e0                SAGA_DeleteBlocks
 .text.SYS_TouchDelay
                0x00107958       0x30 system.o
                0x00107958                SYS_TouchDelay
 .text.SYS_UserExit
                0x00107988       0x14 system.o
                0x00107988                SYS_UserExit
 .text.AttrInfo_Init
                0x0010799c       0x28 c:/devkitPro/libctru/lib\libcitro3d.a(attribs.o)
                0x0010799c                AttrInfo_Init
 .text.AttrInfo_AddLoader
                0x001079c4       0xa4 c:/devkitPro/libctru/lib\libcitro3d.a(attribs.o)
                0x001079c4                AttrInfo_AddLoader
 .text.C3D_GetAttrInfo
                0x00107a68       0x24 c:/devkitPro/libctru/lib\libcitro3d.a(attribs.o)
                0x00107a68                C3D_GetAttrInfo
 .text.C3Di_AttrInfoBind
                0x00107a8c       0x80 c:/devkitPro/libctru/lib\libcitro3d.a(attribs.o)
                0x00107a8c                C3Di_AttrInfoBind
 .text.C3Di_AptEventHook
                0x00107b0c       0x68 c:/devkitPro/libctru/lib\libcitro3d.a(base.o)
 .text.C3D_Init
                0x00107b74      0x154 c:/devkitPro/libctru/lib\libcitro3d.a(base.o)
                0x00107b74                C3D_Init
 .text.C3D_SetViewport
                0x00107cc8       0x98 c:/devkitPro/libctru/lib\libcitro3d.a(base.o)
                0x00107cc8                C3D_SetViewport
 .text.C3Di_UpdateContext
                0x00107d60      0x580 c:/devkitPro/libctru/lib\libcitro3d.a(base.o)
                0x00107d60                C3Di_UpdateContext
 .text.C3Di_FinalizeFrame
                0x001082e0       0xcc c:/devkitPro/libctru/lib\libcitro3d.a(base.o)
                0x001082e0                C3Di_FinalizeFrame
 .text.C3D_Fini
                0x001083ac       0x48 c:/devkitPro/libctru/lib\libcitro3d.a(base.o)
                0x001083ac                C3D_Fini
 .text.C3D_BindProgram
                0x001083f4       0xd4 c:/devkitPro/libctru/lib\libcitro3d.a(base.o)
                0x001083f4                C3D_BindProgram
 .text.BufInfo_Init
                0x001084c8       0x20 c:/devkitPro/libctru/lib\libcitro3d.a(buffers.o)
                0x001084c8                BufInfo_Init
 .text.C3D_GetBufInfo
                0x001084e8       0x24 c:/devkitPro/libctru/lib\libcitro3d.a(buffers.o)
                0x001084e8                C3D_GetBufInfo
 .text.C3Di_BufInfoBind
                0x0010850c       0x48 c:/devkitPro/libctru/lib\libcitro3d.a(buffers.o)
                0x0010850c                C3Di_BufInfoBind
 .text.C3D_DepthMap
                0x00108554       0x3c c:/devkitPro/libctru/lib\libcitro3d.a(effect.o)
                0x00108554                C3D_DepthMap
 .text.C3D_CullFace
                0x00108590       0x1c c:/devkitPro/libctru/lib\libcitro3d.a(effect.o)
                0x00108590                C3D_CullFace
 .text.C3D_StencilTest
                0x001085ac       0x3c c:/devkitPro/libctru/lib\libcitro3d.a(effect.o)
                0x001085ac                C3D_StencilTest
 .text.C3D_StencilOp
                0x001085e8       0x24 c:/devkitPro/libctru/lib\libcitro3d.a(effect.o)
                0x001085e8                C3D_StencilOp
 .text.C3D_BlendingColor
                0x0010860c       0x1c c:/devkitPro/libctru/lib\libcitro3d.a(effect.o)
                0x0010860c                C3D_BlendingColor
 .text.C3D_DepthTest
                0x00108628       0x28 c:/devkitPro/libctru/lib\libcitro3d.a(effect.o)
                0x00108628                C3D_DepthTest
 .text.C3D_AlphaTest
                0x00108650       0x28 c:/devkitPro/libctru/lib\libcitro3d.a(effect.o)
                0x00108650                C3D_AlphaTest
 .text.C3D_AlphaBlend
                0x00108678       0x50 c:/devkitPro/libctru/lib\libcitro3d.a(effect.o)
                0x00108678                C3D_AlphaBlend
 .text.C3D_FragOpMode
                0x001086c8       0x30 c:/devkitPro/libctru/lib\libcitro3d.a(effect.o)
                0x001086c8                C3D_FragOpMode
 .text.C3Di_EffectBind
                0x001086f8      0x11c c:/devkitPro/libctru/lib\libcitro3d.a(effect.o)
                0x001086f8                C3Di_EffectBind
 .text.C3D_ImmDrawBegin
                0x00108814       0xb8 c:/devkitPro/libctru/lib\libcitro3d.a(immediate.o)
                0x00108814                C3D_ImmDrawBegin
 .text.C3D_ImmSendAttrib
                0x001088cc       0xb4 c:/devkitPro/libctru/lib\libcitro3d.a(immediate.o)
                0x001088cc                C3D_ImmSendAttrib
 .text.C3D_ImmDrawEnd
                0x00108980       0x74 c:/devkitPro/libctru/lib\libcitro3d.a(immediate.o)
                0x00108980                C3D_ImmDrawEnd
 .text.C3D_RenderBufInit
                0x001089f4       0xa4 c:/devkitPro/libctru/lib\libcitro3d.a(renderbuffer.o)
                0x001089f4                C3D_RenderBufInit
 .text.C3D_RenderBufClearAsync
                0x00108a98       0x80 c:/devkitPro/libctru/lib\libcitro3d.a(renderbuffer.o)
                0x00108a98                C3D_RenderBufClearAsync
 .text.C3D_RenderBufTransferAsync
                0x00108b18       0x28 c:/devkitPro/libctru/lib\libcitro3d.a(renderbuffer.o)
                0x00108b18                C3D_RenderBufTransferAsync
 .text.C3D_RenderBufBind
                0x00108b40       0x38 c:/devkitPro/libctru/lib\libcitro3d.a(renderbuffer.o)
                0x00108b40                C3D_RenderBufBind
 .text.C3Di_RenderBufBind
                0x00108b78      0x168 c:/devkitPro/libctru/lib\libcitro3d.a(renderbuffer.o)
                0x00108b78                C3Di_RenderBufBind
 .text.C3D_RenderBufDelete
                0x00108ce0       0x18 c:/devkitPro/libctru/lib\libcitro3d.a(renderbuffer.o)
                0x00108ce0                C3D_RenderBufDelete
 .text.C3Di_RenderQueueInit
                0x00108cf8       0x38 c:/devkitPro/libctru/lib\libcitro3d.a(renderqueue.o)
 .text.performTransfer
                0x00108d30       0x74 c:/devkitPro/libctru/lib\libcitro3d.a(renderqueue.o)
 .text.transferTarget
                0x00108da4       0x44 c:/devkitPro/libctru/lib\libcitro3d.a(renderqueue.o)
 .text.onVBlank1
                0x00108de8       0x24 c:/devkitPro/libctru/lib\libcitro3d.a(renderqueue.o)
 .text.performClear
                0x00108e0c       0x3c c:/devkitPro/libctru/lib\libcitro3d.a(renderqueue.o)
 .text.clearTarget
                0x00108e48       0x40 c:/devkitPro/libctru/lib\libcitro3d.a(renderqueue.o)
 .text.onVBlank0
                0x00108e88       0x8c c:/devkitPro/libctru/lib\libcitro3d.a(renderqueue.o)
 .text.updateFrameQueue.part.0
                0x00108f14       0xc0 c:/devkitPro/libctru/lib\libcitro3d.a(renderqueue.o)
 .text.onRenderFinish
                0x00108fd4       0xe0 c:/devkitPro/libctru/lib\libcitro3d.a(renderqueue.o)
 .text.onClearDone.part.2
                0x001090b4       0x18 c:/devkitPro/libctru/lib\libcitro3d.a(renderqueue.o)
 .text.onTransferFinish
                0x001090cc       0x74 c:/devkitPro/libctru/lib\libcitro3d.a(renderqueue.o)
 .text.onClearDone
                0x00109140       0x40 c:/devkitPro/libctru/lib\libcitro3d.a(renderqueue.o)
 .text.C3D_FrameBegin
                0x00109180       0x64 c:/devkitPro/libctru/lib\libcitro3d.a(renderqueue.o)
                0x00109180                C3D_FrameBegin
 .text.C3D_FrameDrawOn
                0x001091e4       0x78 c:/devkitPro/libctru/lib\libcitro3d.a(renderqueue.o)
                0x001091e4                C3D_FrameDrawOn
 .text.C3D_FrameEnd
                0x0010925c       0xd0 c:/devkitPro/libctru/lib\libcitro3d.a(renderqueue.o)
                0x0010925c                C3D_FrameEnd
 .text.C3D_RenderTargetCreate
                0x0010932c       0xe4 c:/devkitPro/libctru/lib\libcitro3d.a(renderqueue.o)
                0x0010932c                C3D_RenderTargetCreate
 .text.C3D_RenderTargetDelete
                0x00109410       0x70 c:/devkitPro/libctru/lib\libcitro3d.a(renderqueue.o)
                0x00109410                C3D_RenderTargetDelete
 .text.C3Di_RenderQueueExit
                0x00109480       0x90 c:/devkitPro/libctru/lib\libcitro3d.a(renderqueue.o)
 .text.C3D_RenderTargetSetClear
                0x00109510       0x50 c:/devkitPro/libctru/lib\libcitro3d.a(renderqueue.o)
                0x00109510                C3D_RenderTargetSetClear
 .text.C3D_RenderTargetSetOutput
                0x00109560       0x58 c:/devkitPro/libctru/lib\libcitro3d.a(renderqueue.o)
                0x00109560                C3D_RenderTargetSetOutput
 .text.TexEnv_Init
                0x001095b8       0x34 c:/devkitPro/libctru/lib\libcitro3d.a(texenv.o)
                0x001095b8                TexEnv_Init
 .text.C3D_GetTexEnv
                0x001095ec       0x34 c:/devkitPro/libctru/lib\libcitro3d.a(texenv.o)
                0x001095ec                C3D_GetTexEnv
 .text.C3Di_TexEnvBind
                0x00109620       0x24 c:/devkitPro/libctru/lib\libcitro3d.a(texenv.o)
                0x00109620                C3Di_TexEnvBind
 .text.C3D_TexInit
                0x00109644       0xa0 c:/devkitPro/libctru/lib\libcitro3d.a(texture.o)
                0x00109644                C3D_TexInit
 .text.C3D_TexInitVRAM
                0x001096e4       0xa0 c:/devkitPro/libctru/lib\libcitro3d.a(texture.o)
                0x001096e4                C3D_TexInitVRAM
 .text.C3D_TexSetFilter
                0x00109784       0x24 c:/devkitPro/libctru/lib\libcitro3d.a(texture.o)
                0x00109784                C3D_TexSetFilter
 .text.C3D_TexBind
                0x001097a8       0x34 c:/devkitPro/libctru/lib\libcitro3d.a(texture.o)
                0x001097a8                C3D_TexBind
 .text.C3D_TexDelete
                0x001097dc       0x3c c:/devkitPro/libctru/lib\libcitro3d.a(texture.o)
                0x001097dc                C3D_TexDelete
 .text.C3D_UpdateUniforms
                0x00109818      0x2a8 c:/devkitPro/libctru/lib\libcitro3d.a(uniforms.o)
                0x00109818                C3D_UpdateUniforms
 .text.C3Di_DirtyUniforms
                0x00109ac0       0xc0 c:/devkitPro/libctru/lib\libcitro3d.a(uniforms.o)
                0x00109ac0                C3Di_DirtyUniforms
 .text.C3Di_LoadShaderUniforms
                0x00109b80       0xd4 c:/devkitPro/libctru/lib\libcitro3d.a(uniforms.o)
                0x00109b80                C3Di_LoadShaderUniforms
 .text.C3Di_ClearShaderUniforms
                0x00109c54       0x28 c:/devkitPro/libctru/lib\libcitro3d.a(uniforms.o)
                0x00109c54                C3Di_ClearShaderUniforms
 .text.Mtx_OrthoTilt
                0x00109c7c      0x104 c:/devkitPro/libctru/lib\libcitro3d.a(mtx_orthotilt.o)
                0x00109c7c                Mtx_OrthoTilt
 .text.Mtx_Identity
                0x00109d80       0x2c c:/devkitPro/libctru/lib\libcitro3d.a(mtx_identity.o)
                0x00109d80                Mtx_Identity
 .text.Mtx_Multiply
                0x00109dac       0x70 c:/devkitPro/libctru/lib\libcitro3d.a(mtx_multiply.o)
                0x00109dac                Mtx_Multiply
 .text._ZL21addrMapNodeComparatorPK11rbtree_nodeS1_
                0x00109e1c       0x24 c:/devkitPro/libctru/lib\libctru.a(linear.o)
 .text._ZL21addrMapNodeDestructorP11rbtree_node
                0x00109e40        0x4 c:/devkitPro/libctru/lib\libctru.a(linear.o)
 .text.linearMemAlign
                0x00109e44      0x140 c:/devkitPro/libctru/lib\libctru.a(linear.o)
                0x00109e44                linearMemAlign
 .text.linearAlloc
                0x00109f84        0x8 c:/devkitPro/libctru/lib\libctru.a(linear.o)
                0x00109f84                linearAlloc
 .text.linearFree
                0x00109f8c       0x50 c:/devkitPro/libctru/lib\libctru.a(linear.o)
                0x00109f8c                linearFree
 .text._ZN7MemPool13CoalesceRightEP8MemBlock
                0x00109fdc       0xa0 c:/devkitPro/libctru/lib\libctru.a(mem_pool.o)
                0x00109fdc                MemPool::CoalesceRight(MemBlock*)
 .text._ZN7MemPool8AllocateER8MemChunkmi
                0x0010a07c      0x18c c:/devkitPro/libctru/lib\libctru.a(mem_pool.o)
                0x0010a07c                MemPool::Allocate(MemChunk&, unsigned long, int)
 .text._ZN7MemPool10DeallocateERK8MemChunk
                0x0010a208      0x104 c:/devkitPro/libctru/lib\libctru.a(mem_pool.o)
                0x0010a208                MemPool::Deallocate(MemChunk const&)
 .text._ZL21addrMapNodeComparatorPK11rbtree_nodeS1_
                0x0010a30c       0x24 c:/devkitPro/libctru/lib\libctru.a(vram.o)
 .text._ZL21addrMapNodeDestructorP11rbtree_node
                0x0010a330        0x4 c:/devkitPro/libctru/lib\libctru.a(vram.o)
 .text.vramMemAlign
                0x0010a334      0x130 c:/devkitPro/libctru/lib\libctru.a(vram.o)
                0x0010a334                vramMemAlign
 .text.vramAlloc
                0x0010a464        0x8 c:/devkitPro/libctru/lib\libctru.a(vram.o)
                0x0010a464                vramAlloc
 .text.vramFree
                0x0010a46c       0x50 c:/devkitPro/libctru/lib\libctru.a(vram.o)
                0x0010a46c                vramFree
 .text.gfxSetFramebufferInfo.part.0
                0x0010a4bc       0x8c c:/devkitPro/libctru/lib\libctru.a(gfx.o)
 .text.gfxIs3D  0x0010a548       0x10 c:/devkitPro/libctru/lib\libctru.a(gfx.o)
                0x0010a548                gfxIs3D
 .text.gfxSetDoubleBuffering
                0x0010a558       0x14 c:/devkitPro/libctru/lib\libctru.a(gfx.o)
                0x0010a558                gfxSetDoubleBuffering
 .text.gfxSetFramebufferInfo
                0x0010a56c       0x70 c:/devkitPro/libctru/lib\libctru.a(gfx.o)
                0x0010a56c                gfxSetFramebufferInfo
 .text.gfxWriteFramebufferInfo
                0x0010a5dc       0x88 c:/devkitPro/libctru/lib\libctru.a(gfx.o)
                0x0010a5dc                gfxWriteFramebufferInfo
 .text.gfxInit  0x0010a664      0x1d0 c:/devkitPro/libctru/lib\libctru.a(gfx.o)
                0x0010a664                gfxInit
 .text.gfxInitDefault
                0x0010a834       0x10 c:/devkitPro/libctru/lib\libctru.a(gfx.o)
                0x0010a834                gfxInitDefault
 .text.gfxExit  0x0010a844       0xe0 c:/devkitPro/libctru/lib\libctru.a(gfx.o)
                0x0010a844                gfxExit
 .text.gfxGetFramebuffer
                0x0010a924       0xb0 c:/devkitPro/libctru/lib\libctru.a(gfx.o)
                0x0010a924                gfxGetFramebuffer
 .text.gfxFlushBuffers
                0x0010a9d4       0xcc c:/devkitPro/libctru/lib\libctru.a(gfx.o)
                0x0010a9d4                gfxFlushBuffers
 .text.gfxConfigScreen
                0x0010aaa0       0x70 c:/devkitPro/libctru/lib\libctru.a(gfx.o)
                0x0010aaa0                gfxConfigScreen
 .text.gfxSwapBuffers
                0x0010ab10       0x20 c:/devkitPro/libctru/lib\libctru.a(gfx.o)
                0x0010ab10                gfxSwapBuffers
 .text.getSysTime
                0x0010ab30       0x58 c:/devkitPro/libctru/lib\libctru.a(os.o)
 .text.osConvertVirtToPhys
                0x0010ab88       0x4c c:/devkitPro/libctru/lib\libctru.a(os.o)
                0x0010ab88                osConvertVirtToPhys
 .text.osGetMemRegionUsed
                0x0010abd4       0x24 c:/devkitPro/libctru/lib\libctru.a(os.o)
                0x0010abd4                osGetMemRegionUsed
 .text.__libctru_gtod
                0x0010abf8       0xf8 c:/devkitPro/libctru/lib\libctru.a(os.o)
                0x0010abf8                __libctru_gtod
 .text.__ctru_speedup_config
                0x0010acf0       0x34 c:/devkitPro/libctru/lib\libctru.a(os.o)
                0x0010acf0                __ctru_speedup_config
 .text.GPUCMD_SetBuffer
                0x0010ad24       0x2c c:/devkitPro/libctru/lib\libctru.a(gpu.o)
                0x0010ad24                GPUCMD_SetBuffer
 .text.GPUCMD_GetBuffer
                0x0010ad50       0x40 c:/devkitPro/libctru/lib\libctru.a(gpu.o)
                0x0010ad50                GPUCMD_GetBuffer
 .text.GPUCMD_Add
                0x0010ad90       0xe4 c:/devkitPro/libctru/lib\libctru.a(gpu.o)
                0x0010ad90                GPUCMD_Add
 .text.GPUCMD_Finalize
                0x0010ae74       0x98 c:/devkitPro/libctru/lib\libctru.a(gpu.o)
                0x0010ae74                GPUCMD_Finalize
 .text.f32tof24
                0x0010af0c       0x40 c:/devkitPro/libctru/lib\libctru.a(gpu.o)
                0x0010af0c                f32tof24
 .text.f32tof31
                0x0010af4c       0x40 c:/devkitPro/libctru/lib\libctru.a(gpu.o)
                0x0010af4c                f32tof31
 .text.GX_ProcessCommandList
                0x0010af8c       0x54 c:/devkitPro/libctru/lib\libctru.a(gx.o)
                0x0010af8c                GX_ProcessCommandList
 .text.GX_MemoryFill
                0x0010afe0       0x60 c:/devkitPro/libctru/lib\libctru.a(gx.o)
                0x0010afe0                GX_MemoryFill
 .text.GX_DisplayTransfer
                0x0010b040       0x50 c:/devkitPro/libctru/lib\libctru.a(gx.o)
                0x0010b040                GX_DisplayTransfer
 .text.GX_FlushCacheRegions
                0x0010b090       0x54 c:/devkitPro/libctru/lib\libctru.a(gx.o)
                0x0010b090                GX_FlushCacheRegions
 .text.GPU_SetShaderOutmap
                0x0010b0e4       0x48 c:/devkitPro/libctru/lib\libctru.a(shaderProgram.o)
 .text.GPU_SendShaderCode.constprop.0
                0x0010b12c       0xb8 c:/devkitPro/libctru/lib\libctru.a(shaderProgram.o)
 .text.GPU_SendOperandDescriptors.constprop.1
                0x0010b1e4       0x70 c:/devkitPro/libctru/lib\libctru.a(shaderProgram.o)
 .text.shaderInstanceInit
                0x0010b254      0x23c c:/devkitPro/libctru/lib\libctru.a(shaderProgram.o)
                0x0010b254                shaderInstanceInit
 .text.shaderInstanceFree
                0x0010b490       0x38 c:/devkitPro/libctru/lib\libctru.a(shaderProgram.o)
                0x0010b490                shaderInstanceFree
 .text.shaderInstanceGetUniformLocation
                0x0010b4c8       0x18 c:/devkitPro/libctru/lib\libctru.a(shaderProgram.o)
                0x0010b4c8                shaderInstanceGetUniformLocation
 .text.shaderProgramInit
                0x0010b4e0       0x18 c:/devkitPro/libctru/lib\libctru.a(shaderProgram.o)
                0x0010b4e0                shaderProgramInit
 .text.shaderProgramFree
                0x0010b4f8       0x30 c:/devkitPro/libctru/lib\libctru.a(shaderProgram.o)
                0x0010b4f8                shaderProgramFree
 .text.shaderProgramSetVsh
                0x0010b528       0x6c c:/devkitPro/libctru/lib\libctru.a(shaderProgram.o)
                0x0010b528                shaderProgramSetVsh
 .text.shaderProgramConfigure
                0x0010b594      0x340 c:/devkitPro/libctru/lib\libctru.a(shaderProgram.o)
                0x0010b594                shaderProgramConfigure
 .text.DVLB_Free
                0x0010b8d4       0x3c c:/devkitPro/libctru/lib\libctru.a(shbin.o)
                0x0010b8d4                DVLB_Free
 .text.DVLE_GetUniformRegister
                0x0010b910       0x80 c:/devkitPro/libctru/lib\libctru.a(shbin.o)
                0x0010b910                DVLE_GetUniformRegister
 .text.DVLE_GenerateOutmap
                0x0010b990      0x198 c:/devkitPro/libctru/lib\libctru.a(shbin.o)
                0x0010b990                DVLE_GenerateOutmap
 .text.DVLB_ParseFile
                0x0010bb28      0x198 c:/devkitPro/libctru/lib\libctru.a(shbin.o)
                0x0010bb28                DVLB_ParseFile
 .text.__apt_initservicehandle
                0x0010bcc0       0x68 c:/devkitPro/libctru/lib\libctru.a(apt.o)
 .text._aptDebug
                0x0010bd28        0x4 c:/devkitPro/libctru/lib\libctru.a(apt.o)
                0x0010bd28                _aptDebug
 .text.aptInitCaptureInfo
                0x0010bd2c       0x98 c:/devkitPro/libctru/lib\libctru.a(apt.o)
                0x0010bd2c                aptInitCaptureInfo
 .text.aptWaitStatusEvent
                0x0010bdc4       0x28 c:/devkitPro/libctru/lib\libctru.a(apt.o)
                0x0010bdc4                aptWaitStatusEvent
 .text.aptGetMenuAppID
                0x0010bdec       0x60 c:/devkitPro/libctru/lib\libctru.a(apt.o)
                0x0010bdec                aptGetMenuAppID
 .text.aptHook  0x0010be4c       0x34 c:/devkitPro/libctru/lib\libctru.a(apt.o)
                0x0010be4c                aptHook
 .text.aptUnhook
                0x0010be80       0x2c c:/devkitPro/libctru/lib\libctru.a(apt.o)
                0x0010be80                aptUnhook
 .text.aptSetStatus
                0x0010beac       0x6c c:/devkitPro/libctru/lib\libctru.a(apt.o)
                0x0010beac                aptSetStatus
 .text.APT_GetLockHandle
                0x0010bf18       0x48 c:/devkitPro/libctru/lib\libctru.a(apt.o)
                0x0010bf18                APT_GetLockHandle
 .text.APT_Initialize
                0x0010bf60       0x60 c:/devkitPro/libctru/lib\libctru.a(apt.o)
                0x0010bf60                APT_Initialize
 .text.APT_Finalize
                0x0010bfc0       0x34 c:/devkitPro/libctru/lib\libctru.a(apt.o)
                0x0010bfc0                APT_Finalize
 .text.APT_InquireNotification
                0x0010bff4       0x48 c:/devkitPro/libctru/lib\libctru.a(apt.o)
                0x0010bff4                APT_InquireNotification
 .text.APT_PrepareToJumpToHomeMenu
                0x0010c03c       0x2c c:/devkitPro/libctru/lib\libctru.a(apt.o)
                0x0010c03c                APT_PrepareToJumpToHomeMenu
 .text.APT_JumpToHomeMenu
                0x0010c068       0x50 c:/devkitPro/libctru/lib\libctru.a(apt.o)
                0x0010c068                APT_JumpToHomeMenu
 .text.APT_PrepareToJumpToApplication
                0x0010c0b8       0x34 c:/devkitPro/libctru/lib\libctru.a(apt.o)
                0x0010c0b8                APT_PrepareToJumpToApplication
 .text.APT_JumpToApplication
                0x0010c0ec       0x50 c:/devkitPro/libctru/lib\libctru.a(apt.o)
                0x0010c0ec                APT_JumpToApplication
 .text.APT_NotifyToWait
                0x0010c13c       0x34 c:/devkitPro/libctru/lib\libctru.a(apt.o)
                0x0010c13c                APT_NotifyToWait
 .text.APT_AppletUtility
                0x0010c170       0x7c c:/devkitPro/libctru/lib\libctru.a(apt.o)
                0x0010c170                APT_AppletUtility
 .text.aptAppletUtility_Exit_RetToApp
                0x0010c1ec      0x188 c:/devkitPro/libctru/lib\libctru.a(apt.o)
                0x0010c1ec                aptAppletUtility_Exit_RetToApp
 .text.aptAppletClosed
                0x0010c374       0x3c c:/devkitPro/libctru/lib\libctru.a(apt.o)
                0x0010c374                aptAppletClosed
 .text.aptAppStarted
                0x0010c3b0      0x114 c:/devkitPro/libctru/lib\libctru.a(apt.o)
 .text.aptInit  0x0010c4c4      0x298 c:/devkitPro/libctru/lib\libctru.a(apt.o)
                0x0010c4c4                aptInit
 .text.APT_ReceiveParameter
                0x0010c75c       0x6c c:/devkitPro/libctru/lib\libctru.a(apt.o)
                0x0010c75c                APT_ReceiveParameter
 .text.APT_SendParameter
                0x0010c7c8       0x64 c:/devkitPro/libctru/lib\libctru.a(apt.o)
                0x0010c7c8                APT_SendParameter
 .text.APT_SendCaptureBufferInfo
                0x0010c82c       0x44 c:/devkitPro/libctru/lib\libctru.a(apt.o)
                0x0010c82c                APT_SendCaptureBufferInfo
 .text.aptReturnToMenu
                0x0010c870      0x264 c:/devkitPro/libctru/lib\libctru.a(apt.o)
                0x0010c870                aptReturnToMenu
 .text.APT_ReplySleepQuery
                0x0010cad4       0x38 c:/devkitPro/libctru/lib\libctru.a(apt.o)
                0x0010cad4                APT_ReplySleepQuery
 .text.APT_ReplySleepNotificationComplete
                0x0010cb0c       0x34 c:/devkitPro/libctru/lib\libctru.a(apt.o)
                0x0010cb0c                APT_ReplySleepNotificationComplete
 .text.aptEventHandler
                0x0010cb40      0x3f4 c:/devkitPro/libctru/lib\libctru.a(apt.o)
                0x0010cb40                aptEventHandler
 .text.APT_PrepareToCloseApplication
                0x0010cf34       0x34 c:/devkitPro/libctru/lib\libctru.a(apt.o)
                0x0010cf34                APT_PrepareToCloseApplication
 .text.APT_CloseApplication
                0x0010cf68       0x50 c:/devkitPro/libctru/lib\libctru.a(apt.o)
                0x0010cf68                APT_CloseApplication
 .text.aptExit  0x0010cfb8      0x2d0 c:/devkitPro/libctru/lib\libctru.a(apt.o)
                0x0010cfb8                aptExit
 .text.APT_CheckNew3DS_System
                0x0010d288       0x6c c:/devkitPro/libctru/lib\libctru.a(apt.o)
                0x0010d288                APT_CheckNew3DS_System
 .text.APT_CheckNew3DS
                0x0010d2f4       0x8c c:/devkitPro/libctru/lib\libctru.a(apt.o)
                0x0010d2f4                APT_CheckNew3DS
 .text.APT_StartLibraryApplet
                0x0010d380       0x54 c:/devkitPro/libctru/lib\libctru.a(apt.o)
                0x0010d380                APT_StartLibraryApplet
 .text.aptAppletStarted
                0x0010d3d4      0x174 c:/devkitPro/libctru/lib\libctru.a(apt.o)
                0x0010d3d4                aptAppletStarted
 .text.aptMainLoop
                0x0010d548      0x1a4 c:/devkitPro/libctru/lib\libctru.a(apt.o)
                0x0010d548                aptMainLoop
 .text.gspEventThreadMain
                0x0010d6ec      0x124 c:/devkitPro/libctru/lib\libctru.a(gspgpu.o)
 .text.gspInit  0x0010d810       0x74 c:/devkitPro/libctru/lib\libctru.a(gspgpu.o)
                0x0010d810                gspInit
 .text.gspExit  0x0010d884       0x3c c:/devkitPro/libctru/lib\libctru.a(gspgpu.o)
                0x0010d884                gspExit
 .text.gspSetEventCallback
                0x0010d8c0       0x34 c:/devkitPro/libctru/lib\libctru.a(gspgpu.o)
                0x0010d8c0                gspSetEventCallback
 .text.gspInitEventHandler
                0x0010d8f4       0xd0 c:/devkitPro/libctru/lib\libctru.a(gspgpu.o)
                0x0010d8f4                gspInitEventHandler
 .text.gspExitEventHandler
                0x0010d9c4       0x5c c:/devkitPro/libctru/lib\libctru.a(gspgpu.o)
                0x0010d9c4                gspExitEventHandler
 .text.gspWaitForEvent
                0x0010da20       0x58 c:/devkitPro/libctru/lib\libctru.a(gspgpu.o)
                0x0010da20                gspWaitForEvent
 .text.gspWaitForAnyEvent
                0x0010da78       0x58 c:/devkitPro/libctru/lib\libctru.a(gspgpu.o)
                0x0010da78                gspWaitForAnyEvent
 .text.gspSubmitGxCommand
                0x0010dad0      0x128 c:/devkitPro/libctru/lib\libctru.a(gspgpu.o)
                0x0010dad0                gspSubmitGxCommand
 .text.GSPGPU_SetBufferSwap
                0x0010dbf8       0x6c c:/devkitPro/libctru/lib\libctru.a(gspgpu.o)
                0x0010dbf8                GSPGPU_SetBufferSwap
 .text.GSPGPU_FlushDataCache
                0x0010dc64       0x4c c:/devkitPro/libctru/lib\libctru.a(gspgpu.o)
                0x0010dc64                GSPGPU_FlushDataCache
 .text.GSPGPU_SetLcdForceBlack
                0x0010dcb0       0x34 c:/devkitPro/libctru/lib\libctru.a(gspgpu.o)
                0x0010dcb0                GSPGPU_SetLcdForceBlack
 .text.GSPGPU_RegisterInterruptRelayQueue
                0x0010dce4       0x64 c:/devkitPro/libctru/lib\libctru.a(gspgpu.o)
                0x0010dce4                GSPGPU_RegisterInterruptRelayQueue
 .text.GSPGPU_UnregisterInterruptRelayQueue
                0x0010dd48       0x2c c:/devkitPro/libctru/lib\libctru.a(gspgpu.o)
                0x0010dd48                GSPGPU_UnregisterInterruptRelayQueue
 .text.GSPGPU_AcquireRight
                0x0010dd74       0x48 c:/devkitPro/libctru/lib\libctru.a(gspgpu.o)
                0x0010dd74                GSPGPU_AcquireRight
 .text.GSPGPU_ReleaseRight
                0x0010ddbc       0x2c c:/devkitPro/libctru/lib\libctru.a(gspgpu.o)
                0x0010ddbc                GSPGPU_ReleaseRight
 .text.GSPGPU_ImportDisplayCaptureInfo
                0x0010dde8       0x80 c:/devkitPro/libctru/lib\libctru.a(gspgpu.o)
                0x0010dde8                GSPGPU_ImportDisplayCaptureInfo
 .text.GSPGPU_SaveVramSysArea
                0x0010de68       0x2c c:/devkitPro/libctru/lib\libctru.a(gspgpu.o)
                0x0010de68                GSPGPU_SaveVramSysArea
 .text.GSPGPU_RestoreVramSysArea
                0x0010de94       0x2c c:/devkitPro/libctru/lib\libctru.a(gspgpu.o)
                0x0010de94                GSPGPU_RestoreVramSysArea
 .text.hidExit  0x0010dec0       0xd8 c:/devkitPro/libctru/lib\libctru.a(hid.o)
                0x0010dec0                hidExit
 .text.hidScanInput
                0x0010df98      0x238 c:/devkitPro/libctru/lib\libctru.a(hid.o)
                0x0010df98                hidScanInput
 .text.hidKeysDown
                0x0010e1d0       0x10 c:/devkitPro/libctru/lib\libctru.a(hid.o)
                0x0010e1d0                hidKeysDown
 .text.hidTouchRead
                0x0010e1e0       0x18 c:/devkitPro/libctru/lib\libctru.a(hid.o)
                0x0010e1e0                hidTouchRead
 .text.HIDUSER_GetHandles
                0x0010e1f8       0x90 c:/devkitPro/libctru/lib\libctru.a(hid.o)
                0x0010e1f8                HIDUSER_GetHandles
 .text.hidInit  0x0010e288      0x184 c:/devkitPro/libctru/lib\libctru.a(hid.o)
                0x0010e288                hidInit
 .text.irrstScanInput
                0x0010e40c       0xb0 c:/devkitPro/libctru/lib\libctru.a(irrst.o)
                0x0010e40c                irrstScanInput
 .text.irrstKeysHeld
                0x0010e4bc       0x1c c:/devkitPro/libctru/lib\libctru.a(irrst.o)
                0x0010e4bc                irrstKeysHeld
 .text.IRRST_GetHandles
                0x0010e4d8       0x50 c:/devkitPro/libctru/lib\libctru.a(irrst.o)
                0x0010e4d8                IRRST_GetHandles
 .text.irrstInit
                0x0010e528      0x148 c:/devkitPro/libctru/lib\libctru.a(irrst.o)
                0x0010e528                irrstInit
 .text.IRRST_Shutdown
                0x0010e670       0x2c c:/devkitPro/libctru/lib\libctru.a(irrst.o)
                0x0010e670                IRRST_Shutdown
 .text.irrstExit
                0x0010e69c       0xb0 c:/devkitPro/libctru/lib\libctru.a(irrst.o)
                0x0010e69c                irrstExit
 .text.ptmSysmInit
                0x0010e74c       0x70 c:/devkitPro/libctru/lib\libctru.a(ptmsysm.o)
                0x0010e74c                ptmSysmInit
 .text.ptmSysmExit
                0x0010e7bc       0x34 c:/devkitPro/libctru/lib\libctru.a(ptmsysm.o)
                0x0010e7bc                ptmSysmExit
 .text.PTMSYSM_ConfigureNew3DSCPU
                0x0010e7f0       0x34 c:/devkitPro/libctru/lib\libctru.a(ptmsysm.o)
                0x0010e7f0                PTMSYSM_ConfigureNew3DSCPU
 .text.rbtree_find
                0x0010e824       0x70 c:/devkitPro/libctru/lib\libctru.a(rbtree_find.o)
                0x0010e824                rbtree_find
 .text.rbtree_init
                0x0010e894       0x14 c:/devkitPro/libctru/lib\libctru.a(rbtree_init.o)
                0x0010e894                rbtree_init
 .text.do_insert
                0x0010e8a8      0x1d4 c:/devkitPro/libctru/lib\libctru.a(rbtree_insert.o)
 .text.rbtree_insert
                0x0010ea7c        0x8 c:/devkitPro/libctru/lib\libctru.a(rbtree_insert.o)
                0x0010ea7c                rbtree_insert
 .text.rbtree_remove
                0x0010ea84      0x35c c:/devkitPro/libctru/lib\libctru.a(rbtree_remove.o)
                0x0010ea84                rbtree_remove
 .text.rbtree_rotate
                0x0010ede0       0xac c:/devkitPro/libctru/lib\libctru.a(rbtree_rotate.o)
                0x0010ede0                rbtree_rotate
 .text.osGetMemRegionSize
                0x0010ee8c       0x58 c:/devkitPro/libctru/lib\libctru.a(allocateHeaps.o)
 .text.__system_allocateHeaps
                0x0010eee4      0x124 c:/devkitPro/libctru/lib\libctru.a(allocateHeaps.o)
                0x0010eee4                __system_allocateHeaps
 .text.__system_initArgv
                0x0010f008       0xf4 c:/devkitPro/libctru/lib\libctru.a(initArgv.o)
                0x0010f008                __system_initArgv
 .text.__libctru_init
                0x0010f0fc       0x38 c:/devkitPro/libctru/lib\libctru.a(initSystem.o)
                0x0010f0fc                __libctru_init
 .text.__ctru_get_reent
                0x0010f134       0x30 c:/devkitPro/libctru/lib\libctru.a(syscalls.o)
 .text.__system_initSyscalls
                0x0010f164       0xe8 c:/devkitPro/libctru/lib\libctru.a(syscalls.o)
                0x0010f164                __system_initSyscalls
 .text.svcControlMemory
                0x0010f24c       0x20 c:/devkitPro/libctru/lib\libctru.a(svc.o)
                0x0010f24c                svcControlMemory
 .text.svcExitProcess
                0x0010f26c        0x8 c:/devkitPro/libctru/lib\libctru.a(svc.o)
                0x0010f26c                svcExitProcess
 .text.svcCreateThread
                0x0010f274       0x20 c:/devkitPro/libctru/lib\libctru.a(svc.o)
                0x0010f274                svcCreateThread
 .text.svcExitThread
                0x0010f294        0x8 c:/devkitPro/libctru/lib\libctru.a(svc.o)
                0x0010f294                svcExitThread
 .text.svcCreateEvent
                0x0010f29c       0x14 c:/devkitPro/libctru/lib\libctru.a(svc.o)
                0x0010f29c                svcCreateEvent
 .text.svcSignalEvent
                0x0010f2b0        0x8 c:/devkitPro/libctru/lib\libctru.a(svc.o)
                0x0010f2b0                svcSignalEvent
 .text.svcClearEvent
                0x0010f2b8        0x8 c:/devkitPro/libctru/lib\libctru.a(svc.o)
                0x0010f2b8                svcClearEvent
 .text.svcMapMemoryBlock
                0x0010f2c0        0x8 c:/devkitPro/libctru/lib\libctru.a(svc.o)
                0x0010f2c0                svcMapMemoryBlock
 .text.svcUnmapMemoryBlock
                0x0010f2c8        0x8 c:/devkitPro/libctru/lib\libctru.a(svc.o)
                0x0010f2c8                svcUnmapMemoryBlock
 .text.svcCreateAddressArbiter
                0x0010f2d0       0x14 c:/devkitPro/libctru/lib\libctru.a(svc.o)
                0x0010f2d0                svcCreateAddressArbiter
 .text.svcArbitrateAddress
                0x0010f2e4       0x18 c:/devkitPro/libctru/lib\libctru.a(svc.o)
                0x0010f2e4                svcArbitrateAddress
 .text.svcCloseHandle
                0x0010f2fc        0x8 c:/devkitPro/libctru/lib\libctru.a(svc.o)
                0x0010f2fc                svcCloseHandle
 .text.svcWaitSynchronization
                0x0010f304        0x8 c:/devkitPro/libctru/lib\libctru.a(svc.o)
                0x0010f304                svcWaitSynchronization
 .text.svcWaitSynchronizationN
                0x0010f30c       0x28 c:/devkitPro/libctru/lib\libctru.a(svc.o)
                0x0010f30c                svcWaitSynchronizationN
 .text.svcDuplicateHandle
                0x0010f334       0x14 c:/devkitPro/libctru/lib\libctru.a(svc.o)
                0x0010f334                svcDuplicateHandle
 .text.svcGetSystemTick
                0x0010f348        0x8 c:/devkitPro/libctru/lib\libctru.a(svc.o)
                0x0010f348                svcGetSystemTick
 .text.svcGetSystemInfo
                0x0010f350       0x18 c:/devkitPro/libctru/lib\libctru.a(svc.o)
                0x0010f350                svcGetSystemInfo
 .text.svcConnectToPort
                0x0010f368       0x14 c:/devkitPro/libctru/lib\libctru.a(svc.o)
                0x0010f368                svcConnectToPort
 .text.svcSendSyncRequest
                0x0010f37c        0x8 c:/devkitPro/libctru/lib\libctru.a(svc.o)
                0x0010f37c                svcSendSyncRequest
 .text.svcBreak
                0x0010f384        0x8 c:/devkitPro/libctru/lib\libctru.a(svc.o)
                0x0010f384                svcBreak
 .text._ZL21addrMapNodeComparatorPK11rbtree_nodeS1_
                0x0010f38c       0x24 c:/devkitPro/libctru/lib\libctru.a(mappable.o)
 .text._ZL21addrMapNodeDestructorP11rbtree_node
                0x0010f3b0        0x4 c:/devkitPro/libctru/lib\libctru.a(mappable.o)
 .text.mappableAlloc
                0x0010f3b4       0xf4 c:/devkitPro/libctru/lib\libctru.a(mappable.o)
                0x0010f3b4                mappableAlloc
 .text.mappableFree
                0x0010f4a8       0x50 c:/devkitPro/libctru/lib\libctru.a(mappable.o)
                0x0010f4a8                mappableFree
 .text.envGetHandle
                0x0010f4f8       0x94 c:/devkitPro/libctru/lib\libctru.a(env.o)
                0x0010f4f8                envGetHandle
 .text.envDestroyHandles
                0x0010f58c       0x4c c:/devkitPro/libctru/lib\libctru.a(env.o)
                0x0010f58c                envDestroyHandles
 .text.srvExit  0x0010f5d8       0x50 c:/devkitPro/libctru/lib\libctru.a(srv.o)
                0x0010f5d8                srvExit
 .text.srvRegisterClient
                0x0010f628       0x38 c:/devkitPro/libctru/lib\libctru.a(srv.o)
                0x0010f628                srvRegisterClient
 .text.srvInit  0x0010f660       0x70 c:/devkitPro/libctru/lib\libctru.a(srv.o)
                0x0010f660                srvInit
 .text.srvGetServiceHandleDirect
                0x0010f6d0       0x68 c:/devkitPro/libctru/lib\libctru.a(srv.o)
                0x0010f6d0                srvGetServiceHandleDirect
 .text.srvGetServiceHandle
                0x0010f738       0x38 c:/devkitPro/libctru/lib\libctru.a(srv.o)
                0x0010f738                srvGetServiceHandle
 .text.LightLock_Unlock.part.1
                0x0010f770       0x34 c:/devkitPro/libctru/lib\libctru.a(synchronization.o)
 .text.__sync_init
                0x0010f7a4        0xc c:/devkitPro/libctru/lib\libctru.a(synchronization.o)
                0x0010f7a4                __sync_init
 .text.__sync_fini
                0x0010f7b0       0x18 c:/devkitPro/libctru/lib\libctru.a(synchronization.o)
                0x0010f7b0                __sync_fini
 .text.LightLock_Init
                0x0010f7c8       0x18 c:/devkitPro/libctru/lib\libctru.a(synchronization.o)
                0x0010f7c8                LightLock_Init
 .text.LightLock_Lock
                0x0010f7e0       0x94 c:/devkitPro/libctru/lib\libctru.a(synchronization.o)
                0x0010f7e0                LightLock_Lock
 .text.LightLock_TryLock
                0x0010f874       0x34 c:/devkitPro/libctru/lib\libctru.a(synchronization.o)
                0x0010f874                LightLock_TryLock
 .text.LightLock_Unlock
                0x0010f8a8       0x20 c:/devkitPro/libctru/lib\libctru.a(synchronization.o)
                0x0010f8a8                LightLock_Unlock
 .text.RecursiveLock_Init
                0x0010f8c8       0x24 c:/devkitPro/libctru/lib\libctru.a(synchronization.o)
                0x0010f8c8                RecursiveLock_Init
 .text.RecursiveLock_Lock
                0x0010f8ec       0x30 c:/devkitPro/libctru/lib\libctru.a(synchronization.o)
                0x0010f8ec                RecursiveLock_Lock
 .text.RecursiveLock_TryLock
                0x0010f91c       0x58 c:/devkitPro/libctru/lib\libctru.a(synchronization.o)
                0x0010f91c                RecursiveLock_TryLock
 .text.RecursiveLock_Unlock
                0x0010f974       0x38 c:/devkitPro/libctru/lib\libctru.a(synchronization.o)
                0x0010f974                RecursiveLock_Unlock
 .text.threadCreate
                0x0010f9ac      0x1c8 c:/devkitPro/libctru/lib\libctru.a(thread.o)
                0x0010f9ac                threadCreate
 .text.threadJoin
                0x0010fb74       0x24 c:/devkitPro/libctru/lib\libctru.a(thread.o)
                0x0010fb74                threadJoin
 .text.threadExit
                0x0010fb98       0x6c c:/devkitPro/libctru/lib\libctru.a(thread.o)
                0x0010fb98                threadExit
 .text._thread_begin
                0x0010fc04       0x3c c:/devkitPro/libctru/lib\libctru.a(thread.o)
 .text.rbtree_node_next
                0x0010fc40       0x8c c:/devkitPro/libctru/lib\libctru.a(rbtree_iterator.o)
                0x0010fc40                rbtree_node_next
 .text.__appExit
                0x0010fccc       0x1c c:/devkitPro/libctru/lib\libctru.a(appExit.o)
                0x0010fccc                __appExit
 .text.__appInit
                0x0010fce8       0x1c c:/devkitPro/libctru/lib\libctru.a(appInit.o)
                0x0010fce8                __appInit
 .text.__libctru_exit
                0x0010fd04       0xa4 c:/devkitPro/libctru/lib\libctru.a(ctru_exit.o)
                0x0010fd04                __libctru_exit
 .text.sdmc_link
                0x0010fda8       0x10 c:/devkitPro/libctru/lib\libctru.a(sdmc_dev.o)
 .text.sdmc_dirreset
                0x0010fdb8       0x10 c:/devkitPro/libctru/lib\libctru.a(sdmc_dev.o)
 .text.sdmc_chmod
                0x0010fdc8       0x10 c:/devkitPro/libctru/lib\libctru.a(sdmc_dev.o)
 .text.sdmc_fchmod
                0x0010fdd8       0x10 c:/devkitPro/libctru/lib\libctru.a(sdmc_dev.o)
 .text.error_cmp
                0x0010fde8       0x24 c:/devkitPro/libctru/lib\libctru.a(sdmc_dev.o)
 .text.sdmc_translate_error
                0x0010fe0c       0x50 c:/devkitPro/libctru/lib\libctru.a(sdmc_dev.o)
 .text.sdmc_fsync
                0x0010fe5c       0x34 c:/devkitPro/libctru/lib\libctru.a(sdmc_dev.o)
 .text.sdmc_ftruncate
                0x0010fe90       0x54 c:/devkitPro/libctru/lib\libctru.a(sdmc_dev.o)
 .text.sdmc_statvfs
                0x0010fee4       0xac c:/devkitPro/libctru/lib\libctru.a(sdmc_dev.o)
 .text.sdmc_dirclose
                0x0010ff90       0x38 c:/devkitPro/libctru/lib\libctru.a(sdmc_dev.o)
 .text.sdmc_dirnext
                0x0010ffc8       0xe0 c:/devkitPro/libctru/lib\libctru.a(sdmc_dev.o)
 .text.sdmc_close
                0x001100a8       0x34 c:/devkitPro/libctru/lib\libctru.a(sdmc_dev.o)
 .text.sdmc_fstat
                0x001100dc       0x74 c:/devkitPro/libctru/lib\libctru.a(sdmc_dev.o)
 .text.sdmc_seek
                0x00110150       0xc0 c:/devkitPro/libctru/lib\libctru.a(sdmc_dev.o)
 .text.sdmc_read
                0x00110210       0x8c c:/devkitPro/libctru/lib\libctru.a(sdmc_dev.o)
 .text.sdmc_write
                0x0011029c      0x108 c:/devkitPro/libctru/lib\libctru.a(sdmc_dev.o)
 .text.sdmc_utf16path
                0x001103a4      0x1b4 c:/devkitPro/libctru/lib\libctru.a(sdmc_dev.o)
 .text.sdmc_rmdir
                0x00110558       0x80 c:/devkitPro/libctru/lib\libctru.a(sdmc_dev.o)
 .text.sdmc_diropen
                0x001105d8       0x9c c:/devkitPro/libctru/lib\libctru.a(sdmc_dev.o)
 .text.sdmc_chdir
                0x00110674       0xa8 c:/devkitPro/libctru/lib\libctru.a(sdmc_dev.o)
 .text.sdmc_mkdir
                0x0011071c       0x84 c:/devkitPro/libctru/lib\libctru.a(sdmc_dev.o)
 .text.sdmc_rename
                0x001107a0      0x138 c:/devkitPro/libctru/lib\libctru.a(sdmc_dev.o)
 .text.sdmc_unlink
                0x001108d8       0x80 c:/devkitPro/libctru/lib\libctru.a(sdmc_dev.o)
 .text.sdmc_stat
                0x00110958      0x120 c:/devkitPro/libctru/lib\libctru.a(sdmc_dev.o)
 .text.sdmc_open
                0x00110a78      0x1ac c:/devkitPro/libctru/lib\libctru.a(sdmc_dev.o)
 .text.sdmcInit
                0x00110c24      0x134 c:/devkitPro/libctru/lib\libctru.a(sdmc_dev.o)
                0x00110c24                sdmcInit
 .text.sdmcExit
                0x00110d58       0x50 c:/devkitPro/libctru/lib\libctru.a(sdmc_dev.o)
                0x00110d58                sdmcExit
 .text.fsInit   0x00110da8       0xc8 c:/devkitPro/libctru/lib\libctru.a(fs.o)
                0x00110da8                fsInit
 .text.fsExit   0x00110e70       0x34 c:/devkitPro/libctru/lib\libctru.a(fs.o)
                0x00110e70                fsExit
 .text.FSUSER_OpenFile
                0x00110ea4       0xdc c:/devkitPro/libctru/lib\libctru.a(fs.o)
                0x00110ea4                FSUSER_OpenFile
 .text.FSUSER_DeleteFile
                0x00110f80       0xb8 c:/devkitPro/libctru/lib\libctru.a(fs.o)
                0x00110f80                FSUSER_DeleteFile
 .text.FSUSER_RenameFile
                0x00111038       0xf4 c:/devkitPro/libctru/lib\libctru.a(fs.o)
                0x00111038                FSUSER_RenameFile
 .text.FSUSER_DeleteDirectory
                0x0011112c       0xb8 c:/devkitPro/libctru/lib\libctru.a(fs.o)
                0x0011112c                FSUSER_DeleteDirectory
 .text.FSUSER_CreateFile
                0x001111e4       0xd0 c:/devkitPro/libctru/lib\libctru.a(fs.o)
                0x001111e4                FSUSER_CreateFile
 .text.FSUSER_CreateDirectory
                0x001112b4       0xc0 c:/devkitPro/libctru/lib\libctru.a(fs.o)
                0x001112b4                FSUSER_CreateDirectory
 .text.FSUSER_RenameDirectory
                0x00111374       0xf4 c:/devkitPro/libctru/lib\libctru.a(fs.o)
                0x00111374                FSUSER_RenameDirectory
 .text.FSUSER_OpenDirectory
                0x00111468       0xc4 c:/devkitPro/libctru/lib\libctru.a(fs.o)
                0x00111468                FSUSER_OpenDirectory
 .text.FSUSER_OpenArchive
                0x0011152c       0xbc c:/devkitPro/libctru/lib\libctru.a(fs.o)
                0x0011152c                FSUSER_OpenArchive
 .text.FSUSER_CloseArchive
                0x001115e8       0x88 c:/devkitPro/libctru/lib\libctru.a(fs.o)
                0x001115e8                FSUSER_CloseArchive
 .text.FSUSER_GetSdmcArchiveResource
                0x00111670       0x8c c:/devkitPro/libctru/lib\libctru.a(fs.o)
                0x00111670                FSUSER_GetSdmcArchiveResource
 .text.FSUSER_IsSdmcWritable
                0x001116fc       0x64 c:/devkitPro/libctru/lib\libctru.a(fs.o)
                0x001116fc                FSUSER_IsSdmcWritable
 .text.FSFILE_Read
                0x00111760       0x5c c:/devkitPro/libctru/lib\libctru.a(fs.o)
                0x00111760                FSFILE_Read
 .text.FSFILE_Write
                0x001117bc       0x64 c:/devkitPro/libctru/lib\libctru.a(fs.o)
                0x001117bc                FSFILE_Write
 .text.FSFILE_GetSize
                0x00111820       0x3c c:/devkitPro/libctru/lib\libctru.a(fs.o)
                0x00111820                FSFILE_GetSize
 .text.FSFILE_SetSize
                0x0011185c       0x2c c:/devkitPro/libctru/lib\libctru.a(fs.o)
                0x0011185c                FSFILE_SetSize
 .text.FSFILE_Close
                0x00111888       0x3c c:/devkitPro/libctru/lib\libctru.a(fs.o)
                0x00111888                FSFILE_Close
 .text.FSFILE_Flush
                0x001118c4       0x24 c:/devkitPro/libctru/lib\libctru.a(fs.o)
                0x001118c4                FSFILE_Flush
 .text.FSDIR_Read
                0x001118e8       0x54 c:/devkitPro/libctru/lib\libctru.a(fs.o)
                0x001118e8                FSDIR_Read
 .text.FSDIR_Close
                0x0011193c       0x3c c:/devkitPro/libctru/lib\libctru.a(fs.o)
                0x0011193c                FSDIR_Close
 .text.decode_utf8
                0x00111978      0x138 c:/devkitPro/libctru/lib\libctru.a(decode_utf8.o)
                0x00111978                decode_utf8
 .text.utf16_to_utf8
                0x00111ab0       0xe4 c:/devkitPro/libctru/lib\libctru.a(utf16_to_utf8.o)
                0x00111ab0                utf16_to_utf8
 .text.utf8_to_utf16
                0x00111b94       0xbc c:/devkitPro/libctru/lib\libctru.a(utf8_to_utf16.o)
                0x00111b94                utf8_to_utf16
 .text.__aeabi_read_tp
                0x00111c50        0xc c:/devkitPro/libctru/lib\libctru.a(readtp.o)
                0x00111c50                __aeabi_read_tp
 .text.decode_utf16
                0x00111c5c       0x60 c:/devkitPro/libctru/lib\libctru.a(decode_utf16.o)
                0x00111c5c                decode_utf16
 .text.encode_utf16
                0x00111cbc       0x68 c:/devkitPro/libctru/lib\libctru.a(encode_utf16.o)
                0x00111cbc                encode_utf16
 .text.encode_utf8
                0x00111d24      0x104 c:/devkitPro/libctru/lib\libctru.a(encode_utf8.o)
                0x00111d24                encode_utf8
 .text.bsearch  0x00111e28       0x78 c:/devkitpro/devkitarm/bin/../lib/gcc/arm-none-eabi/5.3.0/../../../../arm-none-eabi/lib/armv6k/fpu\libg.a(lib_a-bsearch.o)
                0x00111e28                bsearch
 .text.calloc   0x00111ea0       0x20 c:/devkitpro/devkitarm/bin/../lib/gcc/arm-none-eabi/5.3.0/../../../../arm-none-eabi/lib/armv6k/fpu\libg.a(lib_a-calloc.o)
                0x00111ea0                calloc
 .text._calloc_r
                0x00111ec0       0x90 c:/devkitpro/devkitarm/bin/../lib/gcc/arm-none-eabi/5.3.0/../../../../arm-none-eabi/lib/armv6k/fpu\libg.a(lib_a-callocr.o)
                0x00111ec0                _calloc_r
 .text._fclose_r
                0x00111f50      0x120 c:/devkitpro/devkitarm/bin/../lib/gcc/arm-none-eabi/5.3.0/../../../../arm-none-eabi/lib/armv6k/fpu\libg.a(lib_a-fclose.o)
                0x00111f50                _fclose_r
 .text.__sflush_r
                0x00112070      0x230 c:/devkitpro/devkitarm/bin/../lib/gcc/arm-none-eabi/5.3.0/../../../../arm-none-eabi/lib/armv6k/fpu\libg.a(lib_a-fflush.o)
                0x00112070                __sflush_r
 .text._fflush_r
                0x001122a0       0x90 c:/devkitpro/devkitarm/bin/../lib/gcc/arm-none-eabi/5.3.0/../../../../arm-none-eabi/lib/armv6k/fpu\libg.a(lib_a-fflush.o)
                0x001122a0                _fflush_r
 .text._cleanup_r
                0x00112330        0xc c:/devkitpro/devkitarm/bin/../lib/gcc/arm-none-eabi/5.3.0/../../../../arm-none-eabi/lib/armv6k/fpu\libg.a(lib_a-findfp.o)
                0x00112330                _cleanup_r
 .text.std.isra.0
                0x0011233c       0x80 c:/devkitpro/devkitarm/bin/../lib/gcc/arm-none-eabi/5.3.0/../../../../arm-none-eabi/lib/armv6k/fpu\libg.a(lib_a-findfp.o)
 .text.__sinit  0x001123bc       0x8c c:/devkitpro/devkitarm/bin/../lib/gcc/arm-none-eabi/5.3.0/../../../../arm-none-eabi/lib/armv6k/fpu\libg.a(lib_a-findfp.o)
                0x001123bc                __sinit
 .text.__sfp_lock_acquire
                0x00112448        0xc c:/devkitpro/devkitarm/bin/../lib/gcc/arm-none-eabi/5.3.0/../../../../arm-none-eabi/lib/armv6k/fpu\libg.a(lib_a-findfp.o)
                0x00112448                __sfp_lock_acquire
 .text.__sfp_lock_release
                0x00112454        0xc c:/devkitpro/devkitarm/bin/../lib/gcc/arm-none-eabi/5.3.0/../../../../arm-none-eabi/lib/armv6k/fpu\libg.a(lib_a-findfp.o)
                0x00112454                __sfp_lock_release
 .text.__libc_fini_array
                0x00112460       0x3c c:/devkitpro/devkitarm/bin/../lib/gcc/arm-none-eabi/5.3.0/../../../../arm-none-eabi/lib/armv6k/fpu\libg.a(lib_a-fini.o)
                0x00112460                __libc_fini_array
 .text._malloc_trim_r
                0x0011249c       0xf8 c:/devkitpro/devkitarm/bin/../lib/gcc/arm-none-eabi/5.3.0/../../../../arm-none-eabi/lib/armv6k/fpu\libg.a(lib_a-freer.o)
                0x0011249c                _malloc_trim_r
 .text._free_r  0x00112594      0x2e4 c:/devkitpro/devkitarm/bin/../lib/gcc/arm-none-eabi/5.3.0/../../../../arm-none-eabi/lib/armv6k/fpu\libg.a(lib_a-freer.o)
                0x00112594                _free_r
 .text._fwalk_reent
                0x00112878       0x80 c:/devkitpro/devkitarm/bin/../lib/gcc/arm-none-eabi/5.3.0/../../../../arm-none-eabi/lib/armv6k/fpu\libg.a(lib_a-fwalk.o)
                0x00112878                _fwalk_reent
 .text.__libc_init_array
                0x001128f8       0x78 c:/devkitpro/devkitarm/bin/../lib/gcc/arm-none-eabi/5.3.0/../../../../arm-none-eabi/lib/armv6k/fpu\libg.a(lib_a-init.o)
                0x001128f8                __libc_init_array
 .text.__smakebuf_r
                0x00112970      0x160 c:/devkitpro/devkitarm/bin/../lib/gcc/arm-none-eabi/5.3.0/../../../../arm-none-eabi/lib/armv6k/fpu\libg.a(lib_a-makebuf.o)
                0x00112970                __smakebuf_r
 .text.memalign
                0x00112ad0       0x20 c:/devkitpro/devkitarm/bin/../lib/gcc/arm-none-eabi/5.3.0/../../../../arm-none-eabi/lib/armv6k/fpu\libg.a(lib_a-malign.o)
                0x00112ad0                memalign
 .text._memalign_r
                0x00112af0      0x15c c:/devkitpro/devkitarm/bin/../lib/gcc/arm-none-eabi/5.3.0/../../../../arm-none-eabi/lib/armv6k/fpu\libg.a(lib_a-malignr.o)
                0x00112af0                _memalign_r
 .text.malloc   0x00112c4c       0x18 c:/devkitpro/devkitarm/bin/../lib/gcc/arm-none-eabi/5.3.0/../../../../arm-none-eabi/lib/armv6k/fpu\libg.a(lib_a-malloc.o)
                0x00112c4c                malloc
 .text.free     0x00112c64       0x18 c:/devkitpro/devkitarm/bin/../lib/gcc/arm-none-eabi/5.3.0/../../../../arm-none-eabi/lib/armv6k/fpu\libg.a(lib_a-malloc.o)
                0x00112c64                free
 .text._malloc_r
                0x00112c7c      0x7a8 c:/devkitpro/devkitarm/bin/../lib/gcc/arm-none-eabi/5.3.0/../../../../arm-none-eabi/lib/armv6k/fpu\libg.a(lib_a-mallocr.o)
                0x00112c7c                _malloc_r
 .text.memcpy   0x00113424       0xf0 c:/devkitpro/devkitarm/bin/../lib/gcc/arm-none-eabi/5.3.0/../../../../arm-none-eabi/lib/armv6k/fpu\libg.a(lib_a-memcpy.o)
                0x00113424                memcpy
 .text.memset   0x00113514       0xf4 c:/devkitpro/devkitarm/bin/../lib/gcc/arm-none-eabi/5.3.0/../../../../arm-none-eabi/lib/armv6k/fpu\libg.a(lib_a-memset.o)
                0x00113514                memset
 .text.__malloc_lock
                0x00113608        0xc c:/devkitpro/devkitarm/bin/../lib/gcc/arm-none-eabi/5.3.0/../../../../arm-none-eabi/lib/armv6k/fpu\libg.a(lib_a-mlock.o)
                0x00113608                __malloc_lock
 .text.__malloc_unlock
                0x00113614        0xc c:/devkitpro/devkitarm/bin/../lib/gcc/arm-none-eabi/5.3.0/../../../../arm-none-eabi/lib/armv6k/fpu\libg.a(lib_a-mlock.o)
                0x00113614                __malloc_unlock
 .text.printf   0x00113620       0x38 c:/devkitpro/devkitarm/bin/../lib/gcc/arm-none-eabi/5.3.0/../../../../arm-none-eabi/lib/armv6k/fpu\libg.a(lib_a-printf.o)
                0x00113620                printf
 .text.srand    0x00113658       0x1c c:/devkitpro/devkitarm/bin/../lib/gcc/arm-none-eabi/5.3.0/../../../../arm-none-eabi/lib/armv6k/fpu\libg.a(lib_a-rand.o)
                0x00113658                srand
 .text.rand     0x00113674       0x44 c:/devkitpro/devkitarm/bin/../lib/gcc/arm-none-eabi/5.3.0/../../../../arm-none-eabi/lib/armv6k/fpu\libg.a(lib_a-rand.o)
                0x00113674                rand
 .text.realloc  0x001136b8       0x20 c:/devkitpro/devkitarm/bin/../lib/gcc/arm-none-eabi/5.3.0/../../../../arm-none-eabi/lib/armv6k/fpu\libg.a(lib_a-realloc.o)
                0x001136b8                realloc
 .text._realloc_r
                0x001136d8      0x4c0 c:/devkitpro/devkitarm/bin/../lib/gcc/arm-none-eabi/5.3.0/../../../../arm-none-eabi/lib/armv6k/fpu\libg.a(lib_a-reallocr.o)
                0x001136d8                _realloc_r
 .text.__sread  0x00113b98       0x30 c:/devkitpro/devkitarm/bin/../lib/gcc/arm-none-eabi/5.3.0/../../../../arm-none-eabi/lib/armv6k/fpu\libg.a(lib_a-stdio.o)
                0x00113b98                __sread
 .text.__swrite
                0x00113bc8       0x54 c:/devkitpro/devkitarm/bin/../lib/gcc/arm-none-eabi/5.3.0/../../../../arm-none-eabi/lib/armv6k/fpu\libg.a(lib_a-stdio.o)
                0x00113bc8                __swrite
 .text.__sseek  0x00113c1c       0x2c c:/devkitpro/devkitarm/bin/../lib/gcc/arm-none-eabi/5.3.0/../../../../arm-none-eabi/lib/armv6k/fpu\libg.a(lib_a-stdio.o)
                0x00113c1c                __sseek
 .text.__sclose
                0x00113c48        0x8 c:/devkitpro/devkitarm/bin/../lib/gcc/arm-none-eabi/5.3.0/../../../../arm-none-eabi/lib/armv6k/fpu\libg.a(lib_a-stdio.o)
                0x00113c48                __sclose
 .text.strlen   0x00113c50       0x5c c:/devkitpro/devkitarm/bin/../lib/gcc/arm-none-eabi/5.3.0/../../../../arm-none-eabi/lib/armv6k/fpu\libg.a(lib_a-strlen.o)
                0x00113c50                strlen
 .text.strncat  0x00113cac       0xa4 c:/devkitpro/devkitarm/bin/../lib/gcc/arm-none-eabi/5.3.0/../../../../arm-none-eabi/lib/armv6k/fpu\libg.a(lib_a-strncat.o)
                0x00113cac                strncat
 .text.strncpy  0x00113d50       0xe0 c:/devkitpro/devkitarm/bin/../lib/gcc/arm-none-eabi/5.3.0/../../../../arm-none-eabi/lib/armv6k/fpu\libg.a(lib_a-strncpy.o)
                0x00113d50                strncpy
 .text.time     0x00113e30       0x40 c:/devkitpro/devkitarm/bin/../lib/gcc/arm-none-eabi/5.3.0/../../../../arm-none-eabi/lib/armv6k/fpu\libg.a(lib_a-time.o)
                0x00113e30                time
 .text.get_arg  0x00113e70     0x161c c:/devkitpro/devkitarm/bin/../lib/gcc/arm-none-eabi/5.3.0/../../../../arm-none-eabi/lib/armv6k/fpu\libg.a(lib_a-vfprintf.o)
 *fill*         0x0011548c        0x4 
 .text._vfprintf_r
                0x00115490     0x4878 c:/devkitpro/devkitarm/bin/../lib/gcc/arm-none-eabi/5.3.0/../../../../arm-none-eabi/lib/armv6k/fpu\libg.a(lib_a-vfprintf.o)
                0x00115490                _vfprintf_r
 .text.__sbprintf
                0x00119d08       0xcc c:/devkitpro/devkitarm/bin/../lib/gcc/arm-none-eabi/5.3.0/../../../../arm-none-eabi/lib/armv6k/fpu\libg.a(lib_a-vfprintf.o)
 .text._wcrtomb_r
                0x00119dd4       0x8c c:/devkitpro/devkitarm/bin/../lib/gcc/arm-none-eabi/5.3.0/../../../../arm-none-eabi/lib/armv6k/fpu\libg.a(lib_a-wcrtomb.o)
                0x00119dd4                _wcrtomb_r
 .text._wcsrtombs_r
                0x00119e60       0x20 c:/devkitpro/devkitarm/bin/../lib/gcc/arm-none-eabi/5.3.0/../../../../arm-none-eabi/lib/armv6k/fpu\libg.a(lib_a-wcsrtombs.o)
                0x00119e60                _wcsrtombs_r
 .text.__utf8_wctomb
                0x00119e80      0x114 c:/devkitpro/devkitarm/bin/../lib/gcc/arm-none-eabi/5.3.0/../../../../arm-none-eabi/lib/armv6k/fpu\libg.a(lib_a-wctomb_r.o)
                0x00119e80                __utf8_wctomb
 .text.__swsetup_r
                0x00119f94      0x148 c:/devkitpro/devkitarm/bin/../lib/gcc/arm-none-eabi/5.3.0/../../../../arm-none-eabi/lib/armv6k/fpu\libg.a(lib_a-wsetup.o)
                0x00119f94                __swsetup_r
 .text.quorem   0x0011a0dc      0x1bc c:/devkitpro/devkitarm/bin/../lib/gcc/arm-none-eabi/5.3.0/../../../../arm-none-eabi/lib/armv6k/fpu\libg.a(lib_a-dtoa.o)
 .text._dtoa_r  0x0011a298     0x12c8 c:/devkitpro/devkitarm/bin/../lib/gcc/arm-none-eabi/5.3.0/../../../../arm-none-eabi/lib/armv6k/fpu\libg.a(lib_a-dtoa.o)
                0x0011a298                _dtoa_r
 .text.__sfvwrite_r
                0x0011b560      0x4a4 c:/devkitpro/devkitarm/bin/../lib/gcc/arm-none-eabi/5.3.0/../../../../arm-none-eabi/lib/armv6k/fpu\libg.a(lib_a-fvwrite.o)
                0x0011b560                __sfvwrite_r
 .text.__locale_charset
                0x0011ba04        0xc c:/devkitpro/devkitarm/bin/../lib/gcc/arm-none-eabi/5.3.0/../../../../arm-none-eabi/lib/armv6k/fpu\libg.a(lib_a-locale.o)
                0x0011ba04                __locale_charset
 .text.__locale_mb_cur_max
                0x0011ba10       0x10 c:/devkitpro/devkitarm/bin/../lib/gcc/arm-none-eabi/5.3.0/../../../../arm-none-eabi/lib/armv6k/fpu\libg.a(lib_a-locale.o)
                0x0011ba10                __locale_mb_cur_max
 .text._localeconv_r
                0x0011ba20        0xc c:/devkitpro/devkitarm/bin/../lib/gcc/arm-none-eabi/5.3.0/../../../../arm-none-eabi/lib/armv6k/fpu\libg.a(lib_a-locale.o)
                0x0011ba20                _localeconv_r
 .text.__utf8_mbtowc
                0x0011ba2c      0x2fc c:/devkitpro/devkitarm/bin/../lib/gcc/arm-none-eabi/5.3.0/../../../../arm-none-eabi/lib/armv6k/fpu\libg.a(lib_a-mbtowc_r.o)
                0x0011ba2c                __utf8_mbtowc
 .text.memchr   0x0011bd28      0x100 c:/devkitpro/devkitarm/bin/../lib/gcc/arm-none-eabi/5.3.0/../../../../arm-none-eabi/lib/armv6k/fpu\libg.a(lib_a-memchr.o)
                0x0011bd28                memchr
 .text.memmove  0x0011be28      0x128 c:/devkitpro/devkitarm/bin/../lib/gcc/arm-none-eabi/5.3.0/../../../../arm-none-eabi/lib/armv6k/fpu\libg.a(lib_a-memmove.o)
                0x0011be28                memmove
 .text._Balloc  0x0011bf50       0x8c c:/devkitpro/devkitarm/bin/../lib/gcc/arm-none-eabi/5.3.0/../../../../arm-none-eabi/lib/armv6k/fpu\libg.a(lib_a-mprec.o)
                0x0011bf50                _Balloc
 .text._Bfree   0x0011bfdc       0x1c c:/devkitpro/devkitarm/bin/../lib/gcc/arm-none-eabi/5.3.0/../../../../arm-none-eabi/lib/armv6k/fpu\libg.a(lib_a-mprec.o)
                0x0011bfdc                _Bfree
 .text.__multadd
                0x0011bff8       0xd0 c:/devkitpro/devkitarm/bin/../lib/gcc/arm-none-eabi/5.3.0/../../../../arm-none-eabi/lib/armv6k/fpu\libg.a(lib_a-mprec.o)
                0x0011bff8                __multadd
 .text.__hi0bits
                0x0011c0c8       0x5c c:/devkitpro/devkitarm/bin/../lib/gcc/arm-none-eabi/5.3.0/../../../../arm-none-eabi/lib/armv6k/fpu\libg.a(lib_a-mprec.o)
                0x0011c0c8                __hi0bits
 .text.__lo0bits
                0x0011c124       0x98 c:/devkitpro/devkitarm/bin/../lib/gcc/arm-none-eabi/5.3.0/../../../../arm-none-eabi/lib/armv6k/fpu\libg.a(lib_a-mprec.o)
                0x0011c124                __lo0bits
 .text.__i2b    0x0011c1bc       0x20 c:/devkitpro/devkitarm/bin/../lib/gcc/arm-none-eabi/5.3.0/../../../../arm-none-eabi/lib/armv6k/fpu\libg.a(lib_a-mprec.o)
                0x0011c1bc                __i2b
 .text.__multiply
                0x0011c1dc      0x1dc c:/devkitpro/devkitarm/bin/../lib/gcc/arm-none-eabi/5.3.0/../../../../arm-none-eabi/lib/armv6k/fpu\libg.a(lib_a-mprec.o)
                0x0011c1dc                __multiply
 .text.__pow5mult
                0x0011c3b8      0x100 c:/devkitpro/devkitarm/bin/../lib/gcc/arm-none-eabi/5.3.0/../../../../arm-none-eabi/lib/armv6k/fpu\libg.a(lib_a-mprec.o)
                0x0011c3b8                __pow5mult
 .text.__lshift
                0x0011c4b8       0xf0 c:/devkitpro/devkitarm/bin/../lib/gcc/arm-none-eabi/5.3.0/../../../../arm-none-eabi/lib/armv6k/fpu\libg.a(lib_a-mprec.o)
                0x0011c4b8                __lshift
 .text.__mcmp   0x0011c5a8       0x64 c:/devkitpro/devkitarm/bin/../lib/gcc/arm-none-eabi/5.3.0/../../../../arm-none-eabi/lib/armv6k/fpu\libg.a(lib_a-mprec.o)
                0x0011c5a8                __mcmp
 .text.__mdiff  0x0011c60c      0x198 c:/devkitpro/devkitarm/bin/../lib/gcc/arm-none-eabi/5.3.0/../../../../arm-none-eabi/lib/armv6k/fpu\libg.a(lib_a-mprec.o)
                0x0011c60c                __mdiff
 .text.__d2b    0x0011c7a4      0x104 c:/devkitpro/devkitarm/bin/../lib/gcc/arm-none-eabi/5.3.0/../../../../arm-none-eabi/lib/armv6k/fpu\libg.a(lib_a-mprec.o)
                0x0011c7a4                __d2b
 .text.__fpclassifyd
                0x0011c8a8       0x74 c:/devkitpro/devkitarm/bin/../lib/gcc/arm-none-eabi/5.3.0/../../../../arm-none-eabi/lib/armv6k/fpu\libg.a(lib_a-s_fpclassify.o)
                0x0011c8a8                __fpclassifyd
 *fill*         0x0011c91c        0x4 
 .text.frexp    0x0011c920       0x98 c:/devkitpro/devkitarm/bin/../lib/gcc/arm-none-eabi/5.3.0/../../../../arm-none-eabi/lib/armv6k/fpu\libg.a(lib_a-s_frexp.o)
                0x0011c920                frexp
 .text.strchr   0x0011c9b8      0x15c c:/devkitpro/devkitarm/bin/../lib/gcc/arm-none-eabi/5.3.0/../../../../arm-none-eabi/lib/armv6k/fpu\libg.a(lib_a-strchr.o)
                0x0011c9b8                strchr
 .text.strncmp  0x0011cb14      0x11c c:/devkitpro/devkitarm/bin/../lib/gcc/arm-none-eabi/5.3.0/../../../../arm-none-eabi/lib/armv6k/fpu\libg.a(lib_a-strncmp.o)
                0x0011cb14                strncmp
 .text.__sprint_r.part.0
                0x0011cc30       0xa4 c:/devkitpro/devkitarm/bin/../lib/gcc/arm-none-eabi/5.3.0/../../../../arm-none-eabi/lib/armv6k/fpu\libg.a(lib_a-vfiprintf.o)
 .text.__sprint_r
                0x0011ccd4       0x1c c:/devkitpro/devkitarm/bin/../lib/gcc/arm-none-eabi/5.3.0/../../../../arm-none-eabi/lib/armv6k/fpu\libg.a(lib_a-vfiprintf.o)
                0x0011ccd4                __sprint_r
 .text._wcsnrtombs_r
                0x0011ccf0      0x190 c:/devkitpro/devkitarm/bin/../lib/gcc/arm-none-eabi/5.3.0/../../../../arm-none-eabi/lib/armv6k/fpu\libg.a(lib_a-wcsnrtombs.o)
                0x0011ccf0                _wcsnrtombs_r
 .text.__fputwc
                0x0011ce80      0x124 c:/devkitpro/devkitarm/bin/../lib/gcc/arm-none-eabi/5.3.0/../../../../arm-none-eabi/lib/armv6k/fpu\libg.a(lib_a-fputwc.o)
                0x0011ce80                __fputwc
 .text._fputwc_r
                0x0011cfa4       0xa8 c:/devkitpro/devkitarm/bin/../lib/gcc/arm-none-eabi/5.3.0/../../../../arm-none-eabi/lib/armv6k/fpu\libg.a(lib_a-fputwc.o)
                0x0011cfa4                _fputwc_r
 .text.__swbuf_r
                0x0011d04c      0x124 c:/devkitpro/devkitarm/bin/../lib/gcc/arm-none-eabi/5.3.0/../../../../arm-none-eabi/lib/armv6k/fpu\libg.a(lib_a-wbuf.o)
                0x0011d04c                __swbuf_r
 .text.__errno  0x0011d170        0xc c:/devkitpro/devkitarm/bin/../lib/gcc/arm-none-eabi/5.3.0/../../../../arm-none-eabi/lib/armv6k/fpu\libg.a(lib_a-errno.o)
                0x0011d170                __errno
 .text.strnlen  0x0011d17c       0x5c c:/devkitpro/devkitarm/bin/../lib/gcc/arm-none-eabi/5.3.0/../../../../arm-none-eabi/lib/armv6k/fpu\libg.a(lib_a-strnlen.o)
                0x0011d17c                strnlen
 .text.strrchr  0x0011d1d8       0x44 c:/devkitpro/devkitarm/bin/../lib/gcc/arm-none-eabi/5.3.0/../../../../arm-none-eabi/lib/armv6k/fpu\libg.a(lib_a-strrchr.o)
                0x0011d1d8                strrchr
 *(.glue_7)
 .glue_7        0x0011d21c        0x0 linker stubs
 *(.glue_7t)
 .glue_7t       0x0011d21c        0x0 linker stubs
 *(.stub)
 *(.gnu.warning)
 *(.gnu.linkonce.t*)
                0x0011d21c                . = ALIGN (0x4)
 *(.fini)
 .fini          0x0011d21c        0xc c:/devkitpro/devkitarm/bin/../lib/gcc/arm-none-eabi/5.3.0/armv6k/fpu/crti.o
                0x0011d21c                _fini
 .fini          0x0011d228        0xc c:/devkitpro/devkitarm/bin/../lib/gcc/arm-none-eabi/5.3.0/armv6k/fpu/crtn.o
                0x0011d234                . = ALIGN (0x4)

.vfp11_veneer   0x0011d234        0x0
 .vfp11_veneer  0x0011d234        0x0 linker stubs

.v4_bx          0x0011d234        0x0
 .v4_bx         0x0011d234        0x0 linker stubs

.iplt           0x0011d234        0x0
 .iplt          0x0011d234        0x0 c:/devkitpro/devkitarm/bin/../lib/gcc/arm-none-eabi/5.3.0/../../../../arm-none-eabi/lib/armv6k/fpu/3dsx_crt0.o

.rodata         0x0011e000   0x181564
 *(.rodata)
 .rodata        0x0011e000     0x3a10 ballsprites.png.o
                0x0011e000                ballsprites_png
                0x00121a0c                ballsprites_png_end
                0x00121a0c                ballsprites_png_size
 .rodata        0x00121a10      0x128 vshader.shbin.o
                0x00121a10                vshader_shbin
                0x00121b34                vshader_shbin_size
                0x00121b34                vshader_shbin_end
 .rodata        0x00121b38    0x38404 again.bgr.o
                0x00121b38                again_bgr
                0x00159f38                again_bgr_end
                0x00159f38                again_bgr_size
 .rodata        0x00159f3c    0x46504 game.bgr.o
                0x00159f3c                game_bgr
                0x001a043c                game_bgr_size
                0x001a043c                game_bgr_end
 .rodata        0x001a0440    0x38404 menu.bgr.o
                0x001a0440                menu_bgr
                0x001d8840                menu_bgr_size
                0x001d8840                menu_bgr_end
 .rodata        0x001d8844    0x38404 options.bgr.o
                0x001d8844                options_bgr
                0x00210c44                options_bgr_end
                0x00210c44                options_bgr_size
 .rodata        0x00210c48    0x46504 over.bgr.o
                0x00210c48                over_bgr
                0x00257148                over_bgr_end
                0x00257148                over_bgr_size
 .rodata        0x0025714c    0x46504 won.bgr.o
                0x0025714c                won_bgr
                0x0029d64c                won_bgr_size
                0x0029d64c                won_bgr_end
 .rodata        0x0029d650      0x85c lodepng.o
                0x0029de78                lodepng_default_decompress_settings
                0x0029de88                lodepng_default_compress_settings
 .rodata        0x0029deac        0x4 c:/devkitPro/libctru/lib\libcitro3d.a(base.o)
 .rodata        0x0029deb0       0x10 c:/devkitPro/libctru/lib\libcitro3d.a(renderbuffer.o)
 .rodata        0x0029dec0       0x14 c:/devkitPro/libctru/lib\libcitro3d.a(texture.o)
 .rodata        0x0029ded4       0x1c c:/devkitPro/libctru/lib\libctru.a(gfx.o)
 .rodata        0x0029def0       0x24 c:/devkitPro/libctru/lib\libctru.a(shbin.o)
 .rodata        0x0029df14        0xc c:/devkitPro/libctru/lib\libctru.a(apt.o)
 .rodata        0x0029df20       0x30 c:/devkitPro/libctru/lib\libctru.a(sdmc_dev.o)
 .rodata        0x0029df50       0x68 c:/devkitpro/devkitarm/bin/../lib/gcc/arm-none-eabi/5.3.0/../../../../arm-none-eabi/lib/armv6k/fpu\libsysbase.a(iosupport.o)
                0x0029df50                dotab_stdnull
 .rodata        0x0029dfb8        0xc c:/devkitpro/devkitarm/bin/../lib/gcc/arm-none-eabi/5.3.0/../../../../arm-none-eabi/lib/armv6k/fpu\libsysbase.a(chdir.o)
                0x0029dfb8                DIRECTORY_PARENT
                0x0029dfbc                DIRECTORY_THIS
                0x0029dfc0                DIRECTORY_SEPARATOR
 *(.roda)
 *(.rodata.*)
 .rodata.str1.4
                0x0029dfc4      0xf91 lodepng.o
                                0xf94 (size before relaxing)
 *fill*         0x0029ef55        0x3 
 .rodata.str1.4
                0x0029ef58        0xb render.o
                                  0xc (size before relaxing)
 *fill*         0x0029ef63        0x1 
 .rodata.str1.4
                0x0029ef64       0x16 samegame.o
                                 0x18 (size before relaxing)
 *fill*         0x0029ef7a        0x2 
 .rodata.str1.4
                0x0029ef7c       0x16 c:/devkitPro/libctru/lib\libctru.a(apt.o)
                                 0x18 (size before relaxing)
 *fill*         0x0029ef92        0x2 
 .rodata.str1.4
                0x0029ef94        0x9 c:/devkitPro/libctru/lib\libctru.a(gspgpu.o)
                                  0xc (size before relaxing)
 *fill*         0x0029ef9d        0x3 
 .rodata.str1.4
                0x0029efa0       0x15 c:/devkitPro/libctru/lib\libctru.a(hid.o)
                                 0x18 (size before relaxing)
 *fill*         0x0029efb5        0x3 
 .rodata.str1.4
                0x0029efb8        0x7 c:/devkitPro/libctru/lib\libctru.a(irrst.o)
                                  0x8 (size before relaxing)
 *fill*         0x0029efbf        0x1 
 .rodata.str1.4
                0x0029efc0        0x9 c:/devkitPro/libctru/lib\libctru.a(ptmsysm.o)
                                  0xc (size before relaxing)
 *fill*         0x0029efc9        0x3 
 .rodata.str1.4
                0x0029efcc        0x5 c:/devkitPro/libctru/lib\libctru.a(srv.o)
                                  0x8 (size before relaxing)
 *fill*         0x0029efd1        0x3 
 .rodata.str1.4
                0x0029efd4        0x2 c:/devkitPro/libctru/lib\libctru.a(thread.o)
                                  0x4 (size before relaxing)
 *fill*         0x0029efd6        0x2 
 .rodata.str1.4
                0x0029efd8        0x5 c:/devkitPro/libctru/lib\libctru.a(sdmc_dev.o)
                                  0xc (size before relaxing)
 *fill*         0x0029efdd        0x3 
 .rodata.str1.4
                0x0029efe0        0x8 c:/devkitPro/libctru/lib\libctru.a(fs.o)
                                  0xc (size before relaxing)
 .rodata.str1.4
                0x0029efe8        0x4 c:/devkitpro/devkitarm/bin/../lib/gcc/arm-none-eabi/5.3.0/../../../../arm-none-eabi/lib/armv6k/fpu\libg.a(lib_a-impure.o)
 .rodata.zeroes.7138
                0x0029efe8       0x10 c:/devkitpro/devkitarm/bin/../lib/gcc/arm-none-eabi/5.3.0/../../../../arm-none-eabi/lib/armv6k/fpu\libg.a(lib_a-vfprintf.o)
 .rodata.str1.4
                0x0029eff8       0x3f c:/devkitpro/devkitarm/bin/../lib/gcc/arm-none-eabi/5.3.0/../../../../arm-none-eabi/lib/armv6k/fpu\libg.a(lib_a-vfprintf.o)
                                 0x44 (size before relaxing)
 *fill*         0x0029f037        0x1 
 .rodata.blanks.7137
                0x0029f038       0x10 c:/devkitpro/devkitarm/bin/../lib/gcc/arm-none-eabi/5.3.0/../../../../arm-none-eabi/lib/armv6k/fpu\libg.a(lib_a-vfprintf.o)
 .rodata.str1.4
                0x0029f048       0x10 c:/devkitpro/devkitarm/bin/../lib/gcc/arm-none-eabi/5.3.0/../../../../arm-none-eabi/lib/armv6k/fpu\libg.a(lib_a-dtoa.o)
                                 0x14 (size before relaxing)
 .rodata.str1.4
                0x0029f058      0x126 c:/devkitpro/devkitarm/bin/../lib/gcc/arm-none-eabi/5.3.0/../../../../arm-none-eabi/lib/armv6k/fpu\libg.a(lib_a-locale.o)
                                0x130 (size before relaxing)
 *fill*         0x0029f17e        0x2 
 .rodata.__mprec_tens
                0x0029f180       0xc8 c:/devkitpro/devkitarm/bin/../lib/gcc/arm-none-eabi/5.3.0/../../../../arm-none-eabi/lib/armv6k/fpu\libg.a(lib_a-mprec.o)
                0x0029f180                __mprec_tens
 .rodata.p05.5412
                0x0029f248        0xc c:/devkitpro/devkitarm/bin/../lib/gcc/arm-none-eabi/5.3.0/../../../../arm-none-eabi/lib/armv6k/fpu\libg.a(lib_a-mprec.o)
 *fill*         0x0029f254        0x4 
 .rodata.__mprec_bigtens
                0x0029f258       0x28 c:/devkitpro/devkitarm/bin/../lib/gcc/arm-none-eabi/5.3.0/../../../../arm-none-eabi/lib/armv6k/fpu\libg.a(lib_a-mprec.o)
                0x0029f258                __mprec_bigtens
 .rodata.__state_table
                0x0029f280       0x6c c:/devkitpro/devkitarm/bin/../lib/gcc/arm-none-eabi/5.3.0/../../../../arm-none-eabi/lib/armv6k/fpu\libg.a(lib_a-svfiprintf.o)
                0x0029f280                __state_table
 .rodata.__chclass
                0x0029f2ec      0x100 c:/devkitpro/devkitarm/bin/../lib/gcc/arm-none-eabi/5.3.0/../../../../arm-none-eabi/lib/armv6k/fpu\libg.a(lib_a-svfiprintf.o)
                0x0029f2ec                __chclass
 .rodata.__action_table
                0x0029f3ec       0x6c c:/devkitpro/devkitarm/bin/../lib/gcc/arm-none-eabi/5.3.0/../../../../arm-none-eabi/lib/armv6k/fpu\libg.a(lib_a-svfiprintf.o)
                0x0029f3ec                __action_table
 .rodata._ctype_
                0x0029f458      0x104 c:/devkitpro/devkitarm/bin/../lib/gcc/arm-none-eabi/5.3.0/../../../../arm-none-eabi/lib/armv6k/fpu\libg.a(lib_a-ctype_.o)
                0x0029f458                _ctype_
 .rodata.str1.4
                0x0029f55c        0x8 c:/devkitpro/devkitarm/bin/../lib/gcc/arm-none-eabi/5.3.0/../../../../arm-none-eabi/lib/armv6k/fpu\libsysbase.a(iosupport.o)
 *all.rodata*(*)
 *(.gnu.linkonce.r*)
                0x0029f564                . = ALIGN (0x4)

.eh_frame       0x0029f564        0x0
 .eh_frame      0x0029f564        0x0 c:/devkitpro/devkitarm/bin/../lib/gcc/arm-none-eabi/5.3.0/armv6k/fpu/crtbegin.o

.rel.dyn        0x0029f564        0x0
 .rel.iplt      0x0029f564        0x0 c:/devkitpro/devkitarm/bin/../lib/gcc/arm-none-eabi/5.3.0/../../../../arm-none-eabi/lib/armv6k/fpu/3dsx_crt0.o

.ARM.extab
 *(.ARM.extab* .gnu.linkonce.armextab.*)
                0x0029f564                __exidx_start = .

ARM.exidx
 *(.ARM.exidx* .gnu.linkonce.armexidx.*)
                0x0029f564                __exidx_end = .

.data           0x002a0000     0x2ee8
 *(.data)
 .data          0x002a0000      0x100 render.o
                0x002a0000                images
 .data          0x002a0100        0xc c:/devkitPro/libctru/lib\libctru.a(gfx.o)
 .data          0x002a010c        0x4 c:/devkitPro/libctru/lib\libctru.a(stack_adjust.o)
                0x002a010c                __stacksize__
 .data          0x002a0110      0x488 c:/devkitPro/libctru/lib\libctru.a(sdmc_dev.o)
 .data          0x002a0598       0x44 c:/devkitpro/devkitarm/bin/../lib/gcc/arm-none-eabi/5.3.0/../../../../arm-none-eabi/lib/armv6k/fpu\libsysbase.a(iosupport.o)
                0x002a059c                devoptab_list
 .data          0x002a05dc     0x1000 c:/devkitpro/devkitarm/bin/../lib/gcc/arm-none-eabi/5.3.0/../../../../arm-none-eabi/lib/armv6k/fpu\libsysbase.a(chdir.o)
 .data          0x002a15dc     0x1028 c:/devkitpro/devkitarm/bin/../lib/gcc/arm-none-eabi/5.3.0/../../../../arm-none-eabi/lib/armv6k/fpu\libsysbase.a(handle_manager.o)
 *(.data.*)
 .data.__sfp_lock
                0x002a2604        0xc c:/devkitpro/devkitarm/bin/../lib/gcc/arm-none-eabi/5.3.0/../../../../arm-none-eabi/lib/armv6k/fpu\libg.a(lib_a-findfp.o)
 .data.__sinit_lock
                0x002a2610        0xc c:/devkitpro/devkitarm/bin/../lib/gcc/arm-none-eabi/5.3.0/../../../../arm-none-eabi/lib/armv6k/fpu\libg.a(lib_a-findfp.o)
 *fill*         0x002a261c        0x4 
 .data.impure_data
                0x002a2620      0x440 c:/devkitpro/devkitarm/bin/../lib/gcc/arm-none-eabi/5.3.0/../../../../arm-none-eabi/lib/armv6k/fpu\libg.a(lib_a-impure.o)
 .data._impure_ptr
                0x002a2a60        0x4 c:/devkitpro/devkitarm/bin/../lib/gcc/arm-none-eabi/5.3.0/../../../../arm-none-eabi/lib/armv6k/fpu\libg.a(lib_a-impure.o)
                0x002a2a60                _impure_ptr
 .data.__malloc_av_
                0x002a2a64      0x408 c:/devkitpro/devkitarm/bin/../lib/gcc/arm-none-eabi/5.3.0/../../../../arm-none-eabi/lib/armv6k/fpu\libg.a(lib_a-mallocr.o)
                0x002a2a64                __malloc_av_
 .data.__malloc_trim_threshold
                0x002a2e6c        0x4 c:/devkitpro/devkitarm/bin/../lib/gcc/arm-none-eabi/5.3.0/../../../../arm-none-eabi/lib/armv6k/fpu\libg.a(lib_a-mallocr.o)
                0x002a2e6c                __malloc_trim_threshold
 .data.__malloc_sbrk_base
                0x002a2e70        0x4 c:/devkitpro/devkitarm/bin/../lib/gcc/arm-none-eabi/5.3.0/../../../../arm-none-eabi/lib/armv6k/fpu\libg.a(lib_a-mallocr.o)
                0x002a2e70                __malloc_sbrk_base
 .data.__malloc_lock_object
                0x002a2e74        0xc c:/devkitpro/devkitarm/bin/../lib/gcc/arm-none-eabi/5.3.0/../../../../arm-none-eabi/lib/armv6k/fpu\libg.a(lib_a-mlock.o)
 .data.__wctomb
                0x002a2e80        0x4 c:/devkitpro/devkitarm/bin/../lib/gcc/arm-none-eabi/5.3.0/../../../../arm-none-eabi/lib/armv6k/fpu\libg.a(lib_a-wctomb_r.o)
                0x002a2e80                __wctomb
 .data.lconv    0x002a2e84       0x38 c:/devkitpro/devkitarm/bin/../lib/gcc/arm-none-eabi/5.3.0/../../../../arm-none-eabi/lib/armv6k/fpu\libg.a(lib_a-locale.o)
 .data.lc_ctype_charset
                0x002a2ebc       0x20 c:/devkitpro/devkitarm/bin/../lib/gcc/arm-none-eabi/5.3.0/../../../../arm-none-eabi/lib/armv6k/fpu\libg.a(lib_a-locale.o)
 .data.__mb_cur_max
                0x002a2edc        0x4 c:/devkitpro/devkitarm/bin/../lib/gcc/arm-none-eabi/5.3.0/../../../../arm-none-eabi/lib/armv6k/fpu\libg.a(lib_a-locale.o)
                0x002a2edc                __mb_cur_max
 .data.__mbtowc
                0x002a2ee0        0x4 c:/devkitpro/devkitarm/bin/../lib/gcc/arm-none-eabi/5.3.0/../../../../arm-none-eabi/lib/armv6k/fpu\libg.a(lib_a-mbtowc_r.o)
                0x002a2ee0                __mbtowc
 .data.__ctype_ptr__
                0x002a2ee4        0x4 c:/devkitpro/devkitarm/bin/../lib/gcc/arm-none-eabi/5.3.0/../../../../arm-none-eabi/lib/armv6k/fpu\libg.a(lib_a-ctype_.o)
                0x002a2ee4                __ctype_ptr__
 *(.gnu.linkonce.d*)
                0x002a2ee8                . = ALIGN (0x4)

.igot.plt       0x002a2ee8        0x0
 .igot.plt      0x002a2ee8        0x0 c:/devkitpro/devkitarm/bin/../lib/gcc/arm-none-eabi/5.3.0/../../../../arm-none-eabi/lib/armv6k/fpu/3dsx_crt0.o

.jcr            0x002a2ee8        0x0
 .jcr           0x002a2ee8        0x0 c:/devkitpro/devkitarm/bin/../lib/gcc/arm-none-eabi/5.3.0/armv6k/fpu/crtbegin.o

.tm_clone_table
                0x002a2ee8        0x0
 .tm_clone_table