Archive member included to satisfy reference by file (symbol)

c:/devkitPro/libctru/lib\libcitro3d.a(attribs.o)
                              render.o (AttrInfo_Init)
c:/devkitPro/libctru/lib\libcitro3d.a(base.o)
                              c:/devkitPro/libctru/lib\libcitro3d.a(attribs.o) (__C3D_Context)
c:/devkitPro/libctru/lib\libcitro3d.a(buffers.o)
                              render.o (BufInfo_Init)
c:/devkitPro/libctru/lib\libcitro3d.a(effect.o)
                              c:/devkitPro/libctru/lib\libcitro3d.a(base.o) (C3D_DepthMap)
c:/devkitPro/libctru/lib\libcitro3d.a(immediate.o)
                              render.o (C3D_ImmDrawBegin)
c:/devkitPro/libctru/lib\libcitro3d.a(renderbuffer.o)
                              c:/devkitPro/libctru/lib\libcitro3d.a(base.o) (C3Di_RenderBufBind)
c:/devkitPro/libctru/lib\libcitro3d.a(renderqueue.o)
                              render.o (C3D_FrameBegin)
c:/devkitPro/libctru/lib\libcitro3d.a(texenv.o)
                              c:/devkitPro/libctru/lib\libcitro3d.a(base.o) (TexEnv_Init)
c:/devkitPro/libctru/lib\libcitro3d.a(texture.o)
                              render.o (C3D_TexInit)
c:/devkitPro/libctru/lib\libcitro3d.a(uniforms.o)
                              c:/devkitPro/libctru/lib\libcitro3d.a(base.o) (C3D_UpdateUniforms)
c:/devkitPro/libctru/lib\libcitro3d.a(mtx_orthotilt.o)
                              render.o (Mtx_OrthoTilt)
c:/devkitPro/libctru/lib\libcitro3d.a(mtx_identity.o)
                              c:/devkitPro/libctru/lib\libcitro3d.a(mtx_orthotilt.o) (Mtx_Identity)
c:/devkitPro/libctru/lib\libcitro3d.a(mtx_multiply.o)
                              c:/devkitPro/libctru/lib\libcitro3d.a(mtx_orthotilt.o) (Mtx_Multiply)
c:/devkitPro/libctru/lib\libctru.a(linear.o)
                              render.o (linearAlloc)
c:/devkitPro/libctru/lib\libctru.a(mem_pool.o)
                              c:/devkitPro/libctru/lib\libctru.a(linear.o) (MemPool::Allocate(MemChunk&, unsigned long, int))
c:/devkitPro/libctru/lib\libctru.a(vram.o)
                              c:/devkitPro/libctru/lib\libcitro3d.a(texture.o) (vramAlloc)
c:/devkitPro/libctru/lib\libctru.a(gfx.o)
                              c:/devkitPro/libctru/lib\libcitro3d.a(renderqueue.o) (gfxIs3D)
c:/devkitPro/libctru/lib\libctru.a(os.o)
                              c:/devkitPro/libctru/lib\libcitro3d.a(base.o) (osConvertVirtToPhys)
c:/devkitPro/libctru/lib\libctru.a(gpu.o)
                              c:/devkitPro/libctru/lib\libcitro3d.a(base.o) (GPUCMD_SetBuffer)
c:/devkitPro/libctru/lib\libctru.a(gx.o)
                              c:/devkitPro/libctru/lib\libctru.a(gfx.o) (gxCmdBuf)
c:/devkitPro/libctru/lib\libctru.a(shaderProgram.o)
                              render.o (shaderInstanceGetUniformLocation)
c:/devkitPro/libctru/lib\libctru.a(shbin.o)
                              render.o (DVLB_Free)
c:/devkitPro/libctru/lib\libctru.a(apt.o)
                              c:/devkitPro/libctru/lib\libcitro3d.a(base.o) (aptHook)
c:/devkitPro/libctru/lib\libctru.a(gspgpu.o)
                              c:/devkitPro/libctru/lib\libctru.a(gfx.o) (gspInit)
c:/devkitPro/libctru/lib\libctru.a(hid.o)
                              system.o (hidScanInput)
c:/devkitPro/libctru/lib\libctru.a(irrst.o)
                              c:/devkitPro/libctru/lib\libctru.a(hid.o) (irrstScanInput)
c:/devkitPro/libctru/lib\libctru.a(ptmsysm.o)
                              c:/devkitPro/libctru/lib\libctru.a(os.o) (ptmSysmInit)
c:/devkitPro/libctru/lib\libctru.a(rbtree_find.o)
                              c:/devkitPro/libctru/lib\libctru.a(linear.o) (rbtree_find)
c:/devkitPro/libctru/lib\libctru.a(rbtree_init.o)
                              c:/devkitPro/libctru/lib\libctru.a(linear.o) (rbtree_init)
c:/devkitPro/libctru/lib\libctru.a(rbtree_insert.o)
                              c:/devkitPro/libctru/lib\libctru.a(linear.o) (rbtree_insert)
c:/devkitPro/libctru/lib\libctru.a(rbtree_remove.o)
                              c:/devkitPro/libctru/lib\libctru.a(linear.o) (rbtree_remove)
c:/devkitPro/libctru/lib\libctru.a(rbtree_rotate.o)
                              c:/devkitPro/libctru/lib\libctru.a(rbtree_insert.o) (rbtree_rotate)
c:/devkitPro/libctru/lib\libctru.a(allocateHeaps.o)
                              c:/devkitPro/libctru/lib\libcitro3d.a(base.o) (__ctru_linear_heap_size)
c:/devkitPro/libctru/lib\libctru.a(initArgv.o)
                              c:/devkitpro/devkitarm/bin/../lib/gcc/arm-none-eabi/5.3.0/../../../../arm-none-eabi/lib/armv6k/fpu/3dsx_crt0.o (__system_argc)
c:/devkitPro/libctru/lib\libctru.a(initSystem.o)
                              c:/devkitPro/libctru/lib\libctru.a(apt.o) (__system_retAddr)
c:/devkitPro/libctru/lib\libctru.a(syscalls.o)
                              c:/devkitPro/libctru/lib\libctru.a(initSystem.o) (__system_initSyscalls)
c:/devkitPro/libctru/lib\libctru.a(svc.o)
[...]
Memory Configuration

Name             Origin             Length             Attributes
*default*        0x00000000         0xffffffff

Linker script and memory map

                0x00100000                . = 0x100000
                0x00100000                __start__ = .

.text           0x00100000    0x1d104
 *(.crt0)
 .crt0          0x00100000       0x94 c:/devkitpro/devkitarm/bin/../lib/gcc/arm-none-eabi/5.3.0/../../../../arm-none-eabi/lib/armv6k/fpu/3dsx_crt0.o
                0x00100000                _start
                0x00100008                __service_ptr
                0x0010000c                __apt_appid
                0x00100010                __heap_size
                0x00100014                __linear_heap_size
                0x00100018                __system_arglist
                0x0010001c                __system_runflags
 *(.init)
 .init          0x00100094        0xc c:/devkitpro/devkitarm/bin/../lib/gcc/arm-none-eabi/5.3.0/armv6k/fpu/crti.o
                0x00100094                _init
 .init          0x001000a0        0xc c:/devkitpro/devkitarm/bin/../lib/gcc/arm-none-eabi/5.3.0/armv6k/fpu/crtn.o
                0x001000ac                . = ALIGN (0x4)
 *(.text)
 .text          0x001000ac      0x108 c:/devkitpro/devkitarm/bin/../lib/gcc/arm-none-eabi/5.3.0/armv6k/fpu/crtbegin.o
 .text          0x001001b4       0x64 c:/devkitPro/libctru/lib\libctru.a(stack_adjust.o)
                0x001001b4                initSystem
                0x001001f8                __ctru_exit
 .text          0x00100218      0x20c c:/devkitpro/devkitarm/bin/../lib/gcc/arm-none-eabi/5.3.0/armv6k/fpu\libgcc.a(_udivsi3.o)
                0x00100218                __aeabi_uidiv
                0x00100218                __udivsi3
                0x00100404                __aeabi_uidivmod
 .text          0x00100424      0x240 c:/devkitpro/devkitarm/bin/../lib/gcc/arm-none-eabi/5.3.0/armv6k/fpu\libgcc.a(_divsi3.o)
                0x00100424                __divsi3
                0x00100424                __aeabi_idiv
                0x00100644                __aeabi_idivmod
 .text          0x00100664        0x4 c:/devkitpro/devkitarm/bin/../lib/gcc/arm-none-eabi/5.3.0/armv6k/fpu\libgcc.a(_dvmd_tls.o)
                0x00100664                __aeabi_idiv0
                0x00100664                __aeabi_ldiv0
 *fill*         0x00100668       0x18 
 .text          0x00100680      0x3a0 c:/devkitpro/devkitarm/bin/../lib/gcc/arm-none-eabi/5.3.0/../../../../arm-none-eabi/lib/armv6k/fpu\libg.a(lib_a-strcmp.o)
                0x00100688                strcmp
 .text          0x00100a20      0x1c4 c:/devkitpro/devkitarm/bin/../lib/gcc/arm-none-eabi/5.3.0/../../../../arm-none-eabi/lib/armv6k/fpu\libsysbase.a(iosupport.o)
                0x00100a28                setDefaultDevice
                0x00100a40                FindDevice
                0x00100afc                RemoveDevice
                0x00100b28                AddDevice
                0x00100bc0                GetDeviceOpTab
 .text          0x00100be4       0x7c c:/devkitpro/devkitarm/bin/../lib/gcc/arm-none-eabi/5.3.0/../../../../arm-none-eabi/lib/armv6k/fpu\libsysbase.a(close.o)
                0x00100be4                _close_r
 .text          0x00100c60       0x6c c:/devkitpro/devkitarm/bin/../lib/gcc/arm-none-eabi/5.3.0/../../../../arm-none-eabi/lib/armv6k/fpu\libsysbase.a(fstat.o)
                0x00100c60                _fstat_r
 .text          0x00100ccc       0x2c c:/devkitpro/devkitarm/bin/../lib/gcc/arm-none-eabi/5.3.0/../../../../arm-none-eabi/lib/armv6k/fpu\libsysbase.a(gettod.o)
                0x00100ccc                _gettimeofday_r
 .text          0x00100cf8        0x8 c:/devkitpro/devkitarm/bin/../lib/gcc/arm-none-eabi/5.3.0/../../../../arm-none-eabi/lib/armv6k/fpu\libsysbase.a(isatty.o)
                0x00100cf8                _isatty_r
 .text          0x00100d00       0x78 c:/devkitpro/devkitarm/bin/../lib/gcc/arm-none-eabi/5.3.0/../../../../arm-none-eabi/lib/armv6k/fpu\libsysbase.a(lseek.o)
                0x00100d00                _lseek_r
 .text          0x00100d78       0x78 c:/devkitpro/devkitarm/bin/../lib/gcc/arm-none-eabi/5.3.0/../../../../arm-none-eabi/lib/armv6k/fpu\libsysbase.a(read.o)
                0x00100d78                _read_r
 .text          0x00100df0       0x70 c:/devkitpro/devkitarm/bin/../lib/gcc/arm-none-eabi/5.3.0/../../../../arm-none-eabi/lib/armv6k/fpu\libsysbase.a(sbrk.o)
                0x00100df0                _sbrk_r
 .text          0x00100e60       0x78 c:/devkitpro/devkitarm/bin/../lib/gcc/arm-none-eabi/5.3.0/../../../../arm-none-eabi/lib/armv6k/fpu\libsysbase.a(write.o)
                0x00100e60                _write_r
 .text          0x00100ed8      0x3b0 c:/devkitpro/devkitarm/bin/../lib/gcc/arm-none-eabi/5.3.0/../../../../arm-none-eabi/lib/armv6k/fpu\libsysbase.a(chdir.o)
                0x00100ed8                _concatenate_path
                0x00101094                chdir
                0x001011e8                getcwd
 .text          0x00101288       0x10 c:/devkitpro/devkitarm/bin/../lib/gcc/arm-none-eabi/5.3.0/../../../../arm-none-eabi/lib/armv6k/fpu\libsysbase.a(flock.o)
                0x00101288                __flockfile
                0x00101290                __funlockfile
 .text          0x00101298      0x108 c:/devkitpro/devkitarm/bin/../lib/gcc/arm-none-eabi/5.3.0/../../../../arm-none-eabi/lib/armv6k/fpu\libsysbase.a(syscall_support.o)
                0x00101298                __libc_lock_init
                0x001012b0                __libc_lock_acquire
                0x001012c8                __libc_lock_try_acquire
                0x001012ec                __libc_lock_release
                0x00101304                __libc_lock_close
                0x0010131c                __libc_lock_init_recursive
                0x00101334                __libc_lock_acquire_recursive
                0x0010134c                __libc_lock_try_acquire_recursive
                0x00101370                __libc_lock_release_recursive
                0x00101388                __libc_lock_close_recursive
 .text          0x001013a0      0x2c4 c:/devkitpro/devkitarm/bin/../lib/gcc/arm-none-eabi/5.3.0/../../../../arm-none-eabi/lib/armv6k/fpu\libsysbase.a(handle_manager.o)
                0x001013a0                __free_handle
                0x001013e4                __release_handle
                0x00101420                __alloc_handle
                0x00101498                __get_handle
                0x001014b4                dup
                0x00101558                dup2
 .text          0x00101664       0x28 c:/devkitpro/devkitarm/bin/../lib/gcc/arm-none-eabi/5.3.0/../../../../arm-none-eabi/lib/armv6k/fpu\libsysbase.a(getreent.o)
                0x00101664                __getreent
 .text          0x0010168c       0x3c c:/devkitpro/devkitarm/bin/../lib/gcc/arm-none-eabi/5.3.0/armv6k/fpu\libgcc.a(_aeabi_uldivmod.o)
                0x0010168c                __aeabi_uldivmod
 .text          0x001016c8      0x128 c:/devkitpro/devkitarm/bin/../lib/gcc/arm-none-eabi/5.3.0/armv6k/fpu\libgcc.a(_udivmoddi4.o)
                0x001016c8                __udivmoddi4
 *(.text.*)
 .text.setBitOfReversedStream
                0x001017f0       0x38 lodepng.o
 .text.checkColorValidity
                0x00101828       0xa0 lodepng.o
 .text.addColorBits
                0x001018c8       0x4c lodepng.o
 .text.color_tree_get
                0x00101914       0x60 lodepng.o
 .text.getPixelColorRGBA8
                0x00101974      0x3a0 lodepng.o
 .text.getPixelColorsRGBA8
                0x00101d14      0x578 lodepng.o
 .text.getPixelColorRGBA16
                0x0010228c      0x1b0 lodepng.o
 .text.Adam7_getpassvalues
                0x0010243c      0x1ac lodepng.o
 .text.unfilter
                0x001025e8      0x3ac lodepng.o
 .text.removePaddingBits
                0x00102994       0x90 lodepng.o
 .text.color_tree_add
                0x00102a24       0xb4 lodepng.o
 .text.HuffmanTree_cleanup
                0x00102ad8       0x24 lodepng.o
 .text.LodePNGText_cleanup
                0x00102afc       0x60 lodepng.o
 .text.LodePNGIText_cleanup
                0x00102b5c       0x90 lodepng.o
 .text.color_tree_cleanup
                0x00102bec       0x30 lodepng.o
 .text.string_set
                0x00102c1c       0x60 lodepng.o
 .text.lodepng_color_mode_equal
                0x00102c7c       0xd0 lodepng.o
 .text.uivector_reserve.isra.10
                0x00102d4c       0x5c lodepng.o
 .text.ucvector_push_back
                0x00102da8       0x38 lodepng.o
 .text.uivector_resizev.constprop.22
                0x00102de0       0x58 lodepng.o
 .text.HuffmanTree_makeFromLengths2
                0x00102e38      0x34c lodepng.o
 .text.HuffmanTree_makeFromLengths
                0x00103184       0x6c lodepng.o
 .text.generateFixedLitLenTree
                0x001031f0       0xa4 lodepng.o
 .text.generateFixedDistanceTree
                0x00103294       0x60 lodepng.o
 .text.lodepng_inflatev.isra.12
                0x001032f4      0xb20 lodepng.o
 .text.lodepng_zlib_decompress
                0x00103e14      0x1b4 lodepng.o
                0x00103e14                lodepng_zlib_decompress
 .text.zlib_decompress
                0x00103fc8       0x2c lodepng.o
 .text.lodepng_chunk_type_equals
                0x00103ff4       0x6c lodepng.o
                0x00103ff4                lodepng_chunk_type_equals
 .text.lodepng_chunk_check_crc
                0x00104060       0xa4 lodepng.o
                0x00104060                lodepng_chunk_check_crc
 .text.lodepng_chunk_append
                0x00104104       0xb0 lodepng.o
                0x00104104                lodepng_chunk_append
 .text.lodepng_color_mode_copy
                0x001041b4       0xac lodepng.o
                0x001041b4                lodepng_color_mode_copy
 .text.lodepng_add_text
                0x00104260      0x104 lodepng.o
                0x00104260                lodepng_add_text
 .text.lodepng_add_itext
                0x00104364      0x1f4 lodepng.o
                0x00104364                lodepng_add_itext
 .text.lodepng_info_init
                0x00104558       0x8c lodepng.o
                0x00104558                lodepng_info_init
 .text.lodepng_info_cleanup
                0x001045e4       0x50 lodepng.o
                0x001045e4                lodepng_info_cleanup
 .text.lodepng_convert
                0x00104634      0x4f8 lodepng.o
                0x00104634                lodepng_convert
 .text.lodepng_inspect
                0x00104b2c      0x254 lodepng.o
                0x00104b2c                lodepng_inspect
 .text.decodeGeneric
                0x00104d80     0x174c lodepng.o
 .text.lodepng_decode
                0x001064cc      0x13c lodepng.o
                0x001064cc                lodepng_decode
 .text.lodepng_state_init
                0x00106608       0xb8 lodepng.o
                0x00106608                lodepng_state_init
 .text.lodepng_state_cleanup
                0x001066c0       0x30 lodepng.o
                0x001066c0                lodepng_state_cleanup
 .text.lodepng_decode_memory
                0x001066f0       0x68 lodepng.o
                0x001066f0                lodepng_decode_memory
 .text.lodepng_decode32
                0x00106758       0x28 lodepng.o
                0x00106758                lodepng_decode32
 .text.startup.main
                0x00106780      0x214 main.o
                0x00106780                main
 .text.RDR_DrawSplashScreen
                0x00106994       0x3c render.o
                0x00106994                RDR_DrawSplashScreen
 .text.RDR_DrawGameBoard
                0x001069d0       0x98 render.o
                0x001069d0                RDR_DrawGameBoard
 .text.RDR_DrawSprite
                0x00106a68      0x180 render.o
                0x00106a68                RDR_DrawSprite
 .text.RDR_SceneInit
                0x00106be8      0x230 render.o
                0x00106be8                RDR_SceneInit
 .text.RDR_SceneRender
                0x00106e18       0xc4 render.o
                0x00106e18                RDR_SceneRender
 .text.RDR_SceneExit
                0x00106edc       0x20 render.o
                0x00106edc                RDR_SceneExit
 .text.SAGA_GameInit
                0x00106efc       0xa4 samegame.o
                0x00106efc                SAGA_GameInit
 .text.SAGA_GetBlockColor
                0x00106fa0       0x6c samegame.o
                0x00106fa0                SAGA_GetBlockColor
 .text.SAGA_DeleteBoard
                0x0010700c       0x54 samegame.o
                0x0010700c                SAGA_DeleteBoard
 .text.SAGA_CreateBoard
                0x00107060       0xb0 samegame.o
                0x00107060                SAGA_CreateBoard
 .text.SAGA_SetupBoard
                0x00107110       0xb8 samegame.o
                0x00107110                SAGA_SetupBoard
 .text.SAGA_GetRemainingCount
                0x001071c8       0x10 samegame.o
                0x001071c8                SAGA_GetRemainingCount
 .text.SAGA_IsGameOver
                0x001071d8       0xf0 samegame.o
                0x001071d8                SAGA_IsGameOver
 .text.SAGA_DeleteNeighborBlocks
                0x001072c8      0x1d4 samegame.o
                0x001072c8                SAGA_DeleteNeighborBlocks
 .text.SAGA_CompactBoard
                0x0010749c      0x1c4 samegame.o
                0x0010749c                SAGA_CompactBoard
 .text.SAGA_DeleteBlocks
                0x00107660      0x178 samegame.o
                0x00107660                SAGA_DeleteBlocks
 .text.SYS_TouchDelay
                0x001077d8       0x30 system.o
                0x001077d8                SYS_TouchDelay
 .text.SYS_WaitForInput
                0x00107808       0x4c system.o
                0x00107808                SYS_WaitForInput
 .text.SYS_UserExit
                0x00107854       0x18 system.o
                0x00107854                SYS_UserExit
 .text.AttrInfo_Init
                0x0010786c       0x28 c:/devkitPro/libctru/lib\libcitro3d.a(attribs.o)
                0x0010786c                AttrInfo_Init
 .text.AttrInfo_AddLoader
                0x00107894       0xa4 c:/devkitPro/libctru/lib\libcitro3d.a(attribs.o)
                0x00107894                AttrInfo_AddLoader
 .text.C3D_GetAttrInfo
                0x00107938       0x24 c:/devkitPro/libctru/lib\libcitro3d.a(attribs.o)
                0x00107938                C3D_GetAttrInfo
 .text.C3Di_AttrInfoBind
                0x0010795c       0x80 c:/devkitPro/libctru/lib\libcitro3d.a(attribs.o)
                0x0010795c                C3Di_AttrInfoBind
 .text.C3Di_AptEventHook
                0x001079dc       0x68 c:/devkitPro/libctru/lib\libcitro3d.a(base.o)
 .text.C3D_Init
                0x00107a44      0x154 c:/devkitPro/libctru/lib\libcitro3d.a(base.o)
                0x00107a44                C3D_Init
 .text.C3D_SetViewport
                0x00107b98       0x98 c:/devkitPro/libctru/lib\libcitro3d.a(base.o)
                0x00107b98                C3D_SetViewport
 .text.C3Di_UpdateContext
                0x00107c30      0x580 c:/devkitPro/libctru/lib\libcitro3d.a(base.o)
                0x00107c30                C3Di_UpdateContext
 .text.C3Di_FinalizeFrame
                0x001081b0       0xcc c:/devkitPro/libctru/lib\libcitro3d.a(base.o)
                0x001081b0                C3Di_FinalizeFrame
 .text.C3D_Fini
                0x0010827c       0x48 c:/devkitPro/libctru/lib\libcitro3d.a(base.o)
                0x0010827c                C3D_Fini
 .text.C3D_BindProgram
                0x001082c4       0xd4 c:/devkitPro/libctru/lib\libcitro3d.a(base.o)
                0x001082c4                C3D_BindProgram
 .text.BufInfo_Init
                0x00108398       0x20 c:/devkitPro/libctru/lib\libcitro3d.a(buffers.o)
                0x00108398                BufInfo_Init
 .text.C3D_GetBufInfo
                0x001083b8       0x24 c:/devkitPro/libctru/lib\libcitro3d.a(buffers.o)
                0x001083b8                C3D_GetBufInfo
 .text.C3Di_BufInfoBind
                0x001083dc       0x48 c:/devkitPro/libctru/lib\libcitro3d.a(buffers.o)
                0x001083dc                C3Di_BufInfoBind
 .text.C3D_DepthMap
                0x00108424       0x3c c:/devkitPro/libctru/lib\libcitro3d.a(effect.o)
                0x00108424                C3D_DepthMap
 .text.C3D_CullFace
                0x00108460       0x1c c:/devkitPro/libctru/lib\libcitro3d.a(effect.o)
                0x00108460                C3D_CullFace
 .text.C3D_StencilTest
                0x0010847c       0x3c c:/devkitPro/libctru/lib\libcitro3d.a(effect.o)
                0x0010847c                C3D_StencilTest
 .text.C3D_StencilOp
                0x001084b8       0x24 c:/devkitPro/libctru/lib\libcitro3d.a(effect.o)
                0x001084b8                C3D_StencilOp
 .text.C3D_BlendingColor
                0x001084dc       0x1c c:/devkitPro/libctru/lib\libcitro3d.a(effect.o)
                0x001084dc                C3D_BlendingColor
 .text.C3D_DepthTest
                0x001084f8       0x28 c:/devkitPro/libctru/lib\libcitro3d.a(effect.o)
                0x001084f8                C3D_DepthTest
 .text.C3D_AlphaTest
                0x00108520       0x28 c:/devkitPro/libctru/lib\libcitro3d.a(effect.o)
                0x00108520                C3D_AlphaTest
 .text.C3D_AlphaBlend
                0x00108548       0x50 c:/devkitPro/libctru/lib\libcitro3d.a(effect.o)
                0x00108548                C3D_AlphaBlend
 .text.C3D_FragOpMode
                0x00108598       0x30 c:/devkitPro/libctru/lib\libcitro3d.a(effect.o)
                0x00108598                C3D_FragOpMode
 .text.C3Di_EffectBind
                0x001085c8      0x11c c:/devkitPro/libctru/lib\libcitro3d.a(effect.o)
                0x001085c8                C3Di_EffectBind
 .text.C3D_ImmDrawBegin
                0x001086e4       0xb8 c:/devkitPro/libctru/lib\libcitro3d.a(immediate.o)
                0x001086e4                C3D_ImmDrawBegin
 .text.C3D_ImmSendAttrib
                0x0010879c       0xb4 c:/devkitPro/libctru/lib\libcitro3d.a(immediate.o)
                0x0010879c                C3D_ImmSendAttrib
 .text.C3D_ImmDrawEnd
                0x00108850       0x74 c:/devkitPro/libctru/lib\libcitro3d.a(immediate.o)
                0x00108850                C3D_ImmDrawEnd
 .text.C3D_RenderBufInit
                0x001088c4       0xa4 c:/devkitPro/libctru/lib\libcitro3d.a(renderbuffer.o)
                0x001088c4                C3D_RenderBufInit
 .text.C3D_RenderBufClearAsync
                0x00108968       0x80 c:/devkitPro/libctru/lib\libcitro3d.a(renderbuffer.o)
                0x00108968                C3D_RenderBufClearAsync
 .text.C3D_RenderBufTransferAsync
                0x001089e8       0x28 c:/devkitPro/libctru/lib\libcitro3d.a(renderbuffer.o)
                0x001089e8                C3D_RenderBufTransferAsync
 .text.C3D_RenderBufBind
                0x00108a10       0x38 c:/devkitPro/libctru/lib\libcitro3d.a(renderbuffer.o)
                0x00108a10                C3D_RenderBufBind
 .text.C3Di_RenderBufBind
                0x00108a48      0x168 c:/devkitPro/libctru/lib\libcitro3d.a(renderbuffer.o)
                0x00108a48                C3Di_RenderBufBind
 .text.C3D_RenderBufDelete
                0x00108bb0       0x18 c:/devkitPro/libctru/lib\libcitro3d.a(renderbuffer.o)
                0x00108bb0                C3D_RenderBufDelete
 .text.C3Di_RenderQueueInit
                0x00108bc8       0x38 c:/devkitPro/libctru/lib\libcitro3d.a(renderqueue.o)
 .text.performTransfer
                0x00108c00       0x74 c:/devkitPro/libctru/lib\libcitro3d.a(renderqueue.o)
 .text.transferTarget
                0x00108c74       0x44 c:/devkitPro/libctru/lib\libcitro3d.a(renderqueue.o)
 .text.onVBlank1
                0x00108cb8       0x24 c:/devkitPro/libctru/lib\libcitro3d.a(renderqueue.o)
 .text.performClear
                0x00108cdc       0x3c c:/devkitPro/libctru/lib\libcitro3d.a(renderqueue.o)
 .text.clearTarget
                0x00108d18       0x40 c:/devkitPro/libctru/lib\libcitro3d.a(renderqueue.o)
 .text.onVBlank0
                0x00108d58       0x8c c:/devkitPro/libctru/lib\libcitro3d.a(renderqueue.o)
 .text.updateFrameQueue.part.0
                0x00108de4       0xc0 c:/devkitPro/libctru/lib\libcitro3d.a(renderqueue.o)
 .text.onRenderFinish
                0x00108ea4       0xe0 c:/devkitPro/libctru/lib\libcitro3d.a(renderqueue.o)
 .text.onClearDone.part.2
                0x00108f84       0x18 c:/devkitPro/libctru/lib\libcitro3d.a(renderqueue.o)
 .text.onTransferFinish
                0x00108f9c       0x74 c:/devkitPro/libctru/lib\libcitro3d.a(renderqueue.o)
 .text.onClearDone
                0x00109010       0x40 c:/devkitPro/libctru/lib\libcitro3d.a(renderqueue.o)
 .text.C3D_FrameBegin
                0x00109050       0x64 c:/devkitPro/libctru/lib\libcitro3d.a(renderqueue.o)
                0x00109050                C3D_FrameBegin
 .text.C3D_FrameDrawOn
                0x001090b4       0x78 c:/devkitPro/libctru/lib\libcitro3d.a(renderqueue.o)
                0x001090b4                C3D_FrameDrawOn
 .text.C3D_FrameEnd
                0x0010912c       0xd0 c:/devkitPro/libctru/lib\libcitro3d.a(renderqueue.o)
                0x0010912c                C3D_FrameEnd
 .text.C3D_RenderTargetCreate
                0x001091fc       0xe4 c:/devkitPro/libctru/lib\libcitro3d.a(renderqueue.o)
                0x001091fc                C3D_RenderTargetCreate
 .text.C3D_RenderTargetDelete
                0x001092e0       0x70 c:/devkitPro/libctru/lib\libcitro3d.a(renderqueue.o)
                0x001092e0                C3D_RenderTargetDelete
 .text.C3Di_RenderQueueExit
                0x00109350       0x90 c:/devkitPro/libctru/lib\libcitro3d.a(renderqueue.o)
 .text.C3D_RenderTargetSetClear
                0x001093e0       0x50 c:/devkitPro/libctru/lib\libcitro3d.a(renderqueue.o)
                0x001093e0                C3D_RenderTargetSetClear
 .text.C3D_RenderTargetSetOutput
                0x00109430       0x58 c:/devkitPro/libctru/lib\libcitro3d.a(renderqueue.o)
                0x00109430                C3D_RenderTargetSetOutput
 .text.TexEnv_Init
                0x00109488       0x34 c:/devkitPro/libctru/lib\libcitro3d.a(texenv.o)
                0x00109488                TexEnv_Init
 .text.C3D_GetTexEnv
                0x001094bc       0x34 c:/devkitPro/libctru/lib\libcitro3d.a(texenv.o)
                0x001094bc                C3D_GetTexEnv
 .text.C3Di_TexEnvBind
                0x001094f0       0x24 c:/devkitPro/libctru/lib\libcitro3d.a(texenv.o)
                0x001094f0                C3Di_TexEnvBind
 .text.C3D_TexInit
                0x00109514       0xa0 c:/devkitPro/libctru/lib\libcitro3d.a(texture.o)
                0x00109514                C3D_TexInit
 .text.C3D_TexInitVRAM
                0x001095b4       0xa0 c:/devkitPro/libctru/lib\libcitro3d.a(texture.o)
                0x001095b4                C3D_TexInitVRAM
 .text.C3D_TexSetFilter
                0x00109654       0x24 c:/devkitPro/libctru/lib\libcitro3d.a(texture.o)
                0x00109654                C3D_TexSetFilter
 .text.C3D_TexBind
                0x00109678       0x34 c:/devkitPro/libctru/lib\libcitro3d.a(texture.o)
                0x00109678                C3D_TexBind
 .text.C3D_TexDelete
                0x001096ac       0x3c c:/devkitPro/libctru/lib\libcitro3d.a(texture.o)
                0x001096ac                C3D_TexDelete
 .text.C3D_UpdateUniforms
                0x001096e8      0x2a8 c:/devkitPro/libctru/lib\libcitro3d.a(uniforms.o)
                0x001096e8                C3D_UpdateUniforms
 .text.C3Di_DirtyUniforms
                0x00109990       0xc0 c:/devkitPro/libctru/lib\libcitro3d.a(uniforms.o)
                0x00109990                C3Di_DirtyUniforms
 .text.C3Di_LoadShaderUniforms
                0x00109a50       0xd4 c:/devkitPro/libctru/lib\libcitro3d.a(uniforms.o)
                0x00109a50                C3Di_LoadShaderUniforms
 .text.C3Di_ClearShaderUniforms
                0x00109b24       0x28 c:/devkitPro/libctru/lib\libcitro3d.a(uniforms.o)
                0x00109b24                C3Di_ClearShaderUniforms
 .text.Mtx_OrthoTilt
                0x00109b4c      0x104 c:/devkitPro/libctru/lib\libcitro3d.a(mtx_orthotilt.o)
                0x00109b4c                Mtx_OrthoTilt
 .text.Mtx_Identity
                0x00109c50       0x2c c:/devkitPro/libctru/lib\libcitro3d.a(mtx_identity.o)
                0x00109c50                Mtx_Identity
 .text.Mtx_Multiply
                0x00109c7c       0x70 c:/devkitPro/libctru/lib\libcitro3d.a(mtx_multiply.o)
                0x00109c7c                Mtx_Multiply
 .text._ZL21addrMapNodeComparatorPK11rbtree_nodeS1_
                0x00109cec       0x24 c:/devkitPro/libctru/lib\libctru.a(linear.o)
 .text._ZL21addrMapNodeDestructorP11rbtree_node
                0x00109d10        0x4 c:/devkitPro/libctru/lib\libctru.a(linear.o)
 .text.linearMemAlign
                0x00109d14      0x140 c:/devkitPro/libctru/lib\libctru.a(linear.o)
                0x00109d14                linearMemAlign
 .text.linearAlloc
                0x00109e54        0x8 c:/devkitPro/libctru/lib\libctru.a(linear.o)
                0x00109e54                linearAlloc
 .text.linearFree
                0x00109e5c       0x50 c:/devkitPro/libctru/lib\libctru.a(linear.o)
                0x00109e5c                linearFree
 .text._ZN7MemPool13CoalesceRightEP8MemBlock
                0x00109eac       0xa0 c:/devkitPro/libctru/lib\libctru.a(mem_pool.o)
                0x00109eac                MemPool::CoalesceRight(MemBlock*)
 .text._ZN7MemPool8AllocateER8MemChunkmi
                0x00109f4c      0x18c c:/devkitPro/libctru/lib\libctru.a(mem_pool.o)
                0x00109f4c                MemPool::Allocate(MemChunk&, unsigned long, int)
 .text._ZN7MemPool10DeallocateERK8MemChunk
                0x0010a0d8      0x104 c:/devkitPro/libctru/lib\libctru.a(mem_pool.o)
                0x0010a0d8                MemPool::Deallocate(MemChunk const&)
 .text._ZL21addrMapNodeComparatorPK11rbtree_nodeS1_
                0x0010a1dc       0x24 c:/devkitPro/libctru/lib\libctru.a(vram.o)
 .text._ZL21addrMapNodeDestructorP11rbtree_node
                0x0010a200        0x4 c:/devkitPro/libctru/lib\libctru.a(vram.o)
 .text.vramMemAlign
                0x0010a204      0x130 c:/devkitPro/libctru/lib\libctru.a(vram.o)
                0x0010a204                vramMemAlign
 .text.vramAlloc
                0x0010a334        0x8 c:/devkitPro/libctru/lib\libctru.a(vram.o)
                0x0010a334                vramAlloc
 .text.vramFree
                0x0010a33c       0x50 c:/devkitPro/libctru/lib\libctru.a(vram.o)
                0x0010a33c                vramFree
 .text.gfxSetFramebufferInfo.part.0
                0x0010a38c       0x8c c:/devkitPro/libctru/lib\libctru.a(gfx.o)
 .text.gfxIs3D  0x0010a418       0x10 c:/devkitPro/libctru/lib\libctru.a(gfx.o)
                0x0010a418                gfxIs3D
 .text.gfxSetDoubleBuffering
                0x0010a428       0x14 c:/devkitPro/libctru/lib\libctru.a(gfx.o)
                0x0010a428                gfxSetDoubleBuffering
 .text.gfxSetFramebufferInfo
                0x0010a43c       0x70 c:/devkitPro/libctru/lib\libctru.a(gfx.o)
                0x0010a43c                gfxSetFramebufferInfo
 .text.gfxWriteFramebufferInfo
                0x0010a4ac       0x88 c:/devkitPro/libctru/lib\libctru.a(gfx.o)
                0x0010a4ac                gfxWriteFramebufferInfo
 .text.gfxInit  0x0010a534      0x1d0 c:/devkitPro/libctru/lib\libctru.a(gfx.o)
                0x0010a534                gfxInit
 .text.gfxInitDefault
                0x0010a704       0x10 c:/devkitPro/libctru/lib\libctru.a(gfx.o)
                0x0010a704                gfxInitDefault
 .text.gfxExit  0x0010a714       0xe0 c:/devkitPro/libctru/lib\libctru.a(gfx.o)
                0x0010a714                gfxExit
 .text.gfxGetFramebuffer
                0x0010a7f4       0xb0 c:/devkitPro/libctru/lib\libctru.a(gfx.o)
                0x0010a7f4                gfxGetFramebuffer
 .text.gfxFlushBuffers
                0x0010a8a4       0xcc c:/devkitPro/libctru/lib\libctru.a(gfx.o)
                0x0010a8a4                gfxFlushBuffers
 .text.gfxConfigScreen
                0x0010a970       0x70 c:/devkitPro/libctru/lib\libctru.a(gfx.o)
                0x0010a970                gfxConfigScreen
 .text.gfxSwapBuffers
                0x0010a9e0       0x20 c:/devkitPro/libctru/lib\libctru.a(gfx.o)
                0x0010a9e0                gfxSwapBuffers
 .text.getSysTime
                0x0010aa00       0x58 c:/devkitPro/libctru/lib\libctru.a(os.o)
 .text.osConvertVirtToPhys
                0x0010aa58       0x4c c:/devkitPro/libctru/lib\libctru.a(os.o)
                0x0010aa58                osConvertVirtToPhys
 .text.osGetMemRegionUsed
                0x0010aaa4       0x24 c:/devkitPro/libctru/lib\libctru.a(os.o)
                0x0010aaa4                osGetMemRegionUsed
 .text.__libctru_gtod
                0x0010aac8       0xf8 c:/devkitPro/libctru/lib\libctru.a(os.o)
                0x0010aac8                __libctru_gtod
 .text.__ctru_speedup_config
                0x0010abc0       0x34 c:/devkitPro/libctru/lib\libctru.a(os.o)
                0x0010abc0                __ctru_speedup_config
 .text.GPUCMD_SetBuffer
                0x0010abf4       0x2c c:/devkitPro/libctru/lib\libctru.a(gpu.o)
                0x0010abf4                GPUCMD_SetBuffer
 .text.GPUCMD_GetBuffer
                0x0010ac20       0x40 c:/devkitPro/libctru/lib\libctru.a(gpu.o)
                0x0010ac20                GPUCMD_GetBuffer
 .text.GPUCMD_Add
                0x0010ac60       0xe4 c:/devkitPro/libctru/lib\libctru.a(gpu.o)
                0x0010ac60                GPUCMD_Add
 .text.GPUCMD_Finalize
                0x0010ad44       0x98 c:/devkitPro/libctru/lib\libctru.a(gpu.o)
                0x0010ad44                GPUCMD_Finalize
 .text.f32tof24
                0x0010addc       0x40 c:/devkitPro/libctru/lib\libctru.a(gpu.o)
                0x0010addc                f32tof24
 .text.f32tof31
                0x0010ae1c       0x40 c:/devkitPro/libctru/lib\libctru.a(gpu.o)
                0x0010ae1c                f32tof31
 .text.GX_ProcessCommandList
                0x0010ae5c       0x54 c:/devkitPro/libctru/lib\libctru.a(gx.o)
                0x0010ae5c                GX_ProcessCommandList
 .text.GX_MemoryFill
                0x0010aeb0       0x60 c:/devkitPro/libctru/lib\libctru.a(gx.o)
                0x0010aeb0                GX_MemoryFill
 .text.GX_DisplayTransfer
                0x0010af10       0x50 c:/devkitPro/libctru/lib\libctru.a(gx.o)
                0x0010af10                GX_DisplayTransfer
 .text.GX_FlushCacheRegions
                0x0010af60       0x54 c:/devkitPro/libctru/lib\libctru.a(gx.o)
                0x0010af60                GX_FlushCacheRegions
 .text.GPU_SetShaderOutmap
                0x0010afb4       0x48 c:/devkitPro/libctru/lib\libctru.a(shaderProgram.o)
 .text.GPU_SendShaderCode.constprop.0
                0x0010affc       0xb8 c:/devkitPro/libctru/lib\libctru.a(shaderProgram.o)
 .text.GPU_SendOperandDescriptors.constprop.1
                0x0010b0b4       0x70 c:/devkitPro/libctru/lib\libctru.a(shaderProgram.o)
 .text.shaderInstanceInit
                0x0010b124      0x23c c:/devkitPro/libctru/lib\libctru.a(shaderProgram.o)
                0x0010b124                shaderInstanceInit
 .text.shaderInstanceFree
                0x0010b360       0x38 c:/devkitPro/libctru/lib\libctru.a(shaderProgram.o)
                0x0010b360                shaderInstanceFree
 .text.shaderInstanceGetUniformLocation
                0x0010b398       0x18 c:/devkitPro/libctru/lib\libctru.a(shaderProgram.o)
                0x0010b398                shaderInstanceGetUniformLocation
 .text.shaderProgramInit
                0x0010b3b0       0x18 c:/devkitPro/libctru/lib\libctru.a(shaderProgram.o)
                0x0010b3b0                shaderProgramInit
 .text.shaderProgramFree
                0x0010b3c8       0x30 c:/devkitPro/libctru/lib\libctru.a(shaderProgram.o)
                0x0010b3c8                shaderProgramFree
 .text.shaderProgramSetVsh
                0x0010b3f8       0x6c c:/devkitPro/libctru/lib\libctru.a(shaderProgram.o)
                0x0010b3f8                shaderProgramSetVsh
 .text.shaderProgramConfigure
                0x0010b464      0x340 c:/devkitPro/libctru/lib\libctru.a(shaderProgram.o)
                0x0010b464                shaderProgramConfigure
 .text.DVLB_Free
                0x0010b7a4       0x3c c:/devkitPro/libctru/lib\libctru.a(shbin.o)
                0x0010b7a4                DVLB_Free
 .text.DVLE_GetUniformRegister
                0x0010b7e0       0x80 c:/devkitPro/libctru/lib\libctru.a(shbin.o)
                0x0010b7e0                DVLE_GetUniformRegister
 .text.DVLE_GenerateOutmap
                0x0010b860      0x198 c:/devkitPro/libctru/lib\libctru.a(shbin.o)
                0x0010b860                DVLE_GenerateOutmap
 .text.DVLB_ParseFile
                0x0010b9f8      0x198 c:/devkitPro/libctru/lib\libctru.a(shbin.o)
                0x0010b9f8                DVLB_ParseFile
 .text.__apt_initservicehandle
                0x0010bb90       0x68 c:/devkitPro/libctru/lib\libctru.a(apt.o)
 .text._aptDebug
                0x0010bbf8        0x4 c:/devkitPro/libctru/lib\libctru.a(apt.o)
                0x0010bbf8                _aptDebug
 .text.aptInitCaptureInfo
                0x0010bbfc       0x98 c:/devkitPro/libctru/lib\libctru.a(apt.o)
                0x0010bbfc                aptInitCaptureInfo
 .text.aptWaitStatusEvent
                0x0010bc94       0x28 c:/devkitPro/libctru/lib\libctru.a(apt.o)
                0x0010bc94                aptWaitStatusEvent
 .text.aptGetMenuAppID
                0x0010bcbc       0x60 c:/devkitPro/libctru/lib\libctru.a(apt.o)
                0x0010bcbc                aptGetMenuAppID
 .text.aptHook  0x0010bd1c       0x34 c:/devkitPro/libctru/lib\libctru.a(apt.o)
                0x0010bd1c                aptHook
 .text.aptUnhook
                0x0010bd50       0x2c c:/devkitPro/libctru/lib\libctru.a(apt.o)
                0x0010bd50                aptUnhook
 .text.aptSetStatus
                0x0010bd7c       0x6c c:/devkitPro/libctru/lib\libctru.a(apt.o)
                0x0010bd7c                aptSetStatus
 .text.APT_GetLockHandle
                0x0010bde8       0x48 c:/devkitPro/libctru/lib\libctru.a(apt.o)
                0x0010bde8                APT_GetLockHandle
 .text.APT_Initialize
                0x0010be30       0x60 c:/devkitPro/libctru/lib\libctru.a(apt.o)
                0x0010be30                APT_Initialize
 .text.APT_Finalize
                0x0010be90       0x34 c:/devkitPro/libctru/lib\libctru.a(apt.o)
                0x0010be90                APT_Finalize
 .text.APT_InquireNotification
                0x0010bec4       0x48 c:/devkitPro/libctru/lib\libctru.a(apt.o)
                0x0010bec4                APT_InquireNotification
 .text.APT_PrepareToJumpToHomeMenu
                0x0010bf0c       0x2c c:/devkitPro/libctru/lib\libctru.a(apt.o)
                0x0010bf0c                APT_PrepareToJumpToHomeMenu
 .text.APT_JumpToHomeMenu
                0x0010bf38       0x50 c:/devkitPro/libctru/lib\libctru.a(apt.o)
                0x0010bf38                APT_JumpToHomeMenu
 .text.APT_PrepareToJumpToApplication
                0x0010bf88       0x34 c:/devkitPro/libctru/lib\libctru.a(apt.o)
                0x0010bf88                APT_PrepareToJumpToApplication
 .text.APT_JumpToApplication
                0x0010bfbc       0x50 c:/devkitPro/libctru/lib\libctru.a(apt.o)
                0x0010bfbc                APT_JumpToApplication
 .text.APT_NotifyToWait
                0x0010c00c       0x34 c:/devkitPro/libctru/lib\libctru.a(apt.o)
                0x0010c00c                APT_NotifyToWait
 .text.APT_AppletUtility
                0x0010c040       0x7c c:/devkitPro/libctru/lib\libctru.a(apt.o)
                0x0010c040                APT_AppletUtility
 .text.aptAppletUtility_Exit_RetToApp
                0x0010c0bc      0x188 c:/devkitPro/libctru/lib\libctru.a(apt.o)
                0x0010c0bc                aptAppletUtility_Exit_RetToApp
 .text.aptAppletClosed
                0x0010c244       0x3c c:/devkitPro/libctru/lib\libctru.a(apt.o)
                0x0010c244                aptAppletClosed
 .text.aptAppStarted
                0x0010c280      0x114 c:/devkitPro/libctru/lib\libctru.a(apt.o)
 .text.aptInit  0x0010c394      0x298 c:/devkitPro/libctru/lib\libctru.a(apt.o)
                0x0010c394                aptInit
 .text.APT_ReceiveParameter
                0x0010c62c       0x6c c:/devkitPro/libctru/lib\libctru.a(apt.o)
                0x0010c62c                APT_ReceiveParameter
 .text.APT_SendParameter
                0x0010c698       0x64 c:/devkitPro/libctru/lib\libctru.a(apt.o)
                0x0010c698                APT_SendParameter
 .text.APT_SendCaptureBufferInfo
                0x0010c6fc       0x44 c:/devkitPro/libctru/lib\libctru.a(apt.o)
                0x0010c6fc                APT_SendCaptureBufferInfo
 .text.aptReturnToMenu
                0x0010c740      0x264 c:/devkitPro/libctru/lib\libctru.a(apt.o)
                0x0010c740                aptReturnToMenu
 .text.APT_ReplySleepQuery
                0x0010c9a4       0x38 c:/devkitPro/libctru/lib\libctru.a(apt.o)
                0x0010c9a4                APT_ReplySleepQuery
 .text.APT_ReplySleepNotificationComplete
                0x0010c9dc       0x34 c:/devkitPro/libctru/lib\libctru.a(apt.o)
                0x0010c9dc                APT_ReplySleepNotificationComplete
 .text.aptEventHandler
                0x0010ca10      0x3f4 c:/devkitPro/libctru/lib\libctru.a(apt.o)
                0x0010ca10                aptEventHandler
 .text.APT_PrepareToCloseApplication
                0x0010ce04       0x34 c:/devkitPro/libctru/lib\libctru.a(apt.o)
                0x0010ce04                APT_PrepareToCloseApplication
 .text.APT_CloseApplication
                0x0010ce38       0x50 c:/devkitPro/libctru/lib\libctru.a(apt.o)
                0x0010ce38                APT_CloseApplication
 .text.aptExit  0x0010ce88      0x2d0 c:/devkitPro/libctru/lib\libctru.a(apt.o)
                0x0010ce88                aptExit
 .text.APT_CheckNew3DS_System
                0x0010d158       0x6c c:/devkitPro/libctru/lib\libctru.a(apt.o)
                0x0010d158                APT_CheckNew3DS_System
 .text.APT_CheckNew3DS
                0x0010d1c4       0x8c c:/devkitPro/libctru/lib\libctru.a(apt.o)
                0x0010d1c4                APT_CheckNew3DS
 .text.APT_StartLibraryApplet
                0x0010d250       0x54 c:/devkitPro/libctru/lib\libctru.a(apt.o)
                0x0010d250                APT_StartLibraryApplet
 .text.aptAppletStarted
                0x0010d2a4      0x174 c:/devkitPro/libctru/lib\libctru.a(apt.o)
                0x0010d2a4                aptAppletStarted
 .text.aptMainLoop
                0x0010d418      0x1a4 c:/devkitPro/libctru/lib\libctru.a(apt.o)
                0x0010d418                aptMainLoop
 .text.gspEventThreadMain
                0x0010d5bc      0x124 c:/devkitPro/libctru/lib\libctru.a(gspgpu.o)
 .text.gspInit  0x0010d6e0       0x74 c:/devkitPro/libctru/lib\libctru.a(gspgpu.o)
                0x0010d6e0                gspInit
 .text.gspExit  0x0010d754       0x3c c:/devkitPro/libctru/lib\libctru.a(gspgpu.o)
                0x0010d754                gspExit
 .text.gspSetEventCallback
                0x0010d790       0x34 c:/devkitPro/libctru/lib\libctru.a(gspgpu.o)
                0x0010d790                gspSetEventCallback
 .text.gspInitEventHandler
                0x0010d7c4       0xd0 c:/devkitPro/libctru/lib\libctru.a(gspgpu.o)
                0x0010d7c4                gspInitEventHandler
 .text.gspExitEventHandler
                0x0010d894       0x5c c:/devkitPro/libctru/lib\libctru.a(gspgpu.o)
                0x0010d894                gspExitEventHandler
 .text.gspWaitForEvent
                0x0010d8f0       0x58 c:/devkitPro/libctru/lib\libctru.a(gspgpu.o)
                0x0010d8f0                gspWaitForEvent
 .text.gspWaitForAnyEvent
                0x0010d948       0x58 c:/devkitPro/libctru/lib\libctru.a(gspgpu.o)
                0x0010d948                gspWaitForAnyEvent
 .text.gspSubmitGxCommand
                0x0010d9a0      0x128 c:/devkitPro/libctru/lib\libctru.a(gspgpu.o)
                0x0010d9a0                gspSubmitGxCommand
 .text.GSPGPU_SetBufferSwap
                0x0010dac8       0x6c c:/devkitPro/libctru/lib\libctru.a(gspgpu.o)
                0x0010dac8                GSPGPU_SetBufferSwap
 .text.GSPGPU_FlushDataCache
                0x0010db34       0x4c c:/devkitPro/libctru/lib\libctru.a(gspgpu.o)
                0x0010db34                GSPGPU_FlushDataCache
 .text.GSPGPU_SetLcdForceBlack
                0x0010db80       0x34 c:/devkitPro/libctru/lib\libctru.a(gspgpu.o)
                0x0010db80                GSPGPU_SetLcdForceBlack
 .text.GSPGPU_RegisterInterruptRelayQueue
                0x0010dbb4       0x64 c:/devkitPro/libctru/lib\libctru.a(gspgpu.o)
                0x0010dbb4                GSPGPU_RegisterInterruptRelayQueue
 .text.GSPGPU_UnregisterInterruptRelayQueue
                0x0010dc18       0x2c c:/devkitPro/libctru/lib\libctru.a(gspgpu.o)
                0x0010dc18                GSPGPU_UnregisterInterruptRelayQueue
 .text.GSPGPU_AcquireRight
                0x0010dc44       0x48 c:/devkitPro/libctru/lib\libctru.a(gspgpu.o)
                0x0010dc44                GSPGPU_AcquireRight
 .text.GSPGPU_ReleaseRight
                0x0010dc8c       0x2c c:/devkitPro/libctru/lib\libctru.a(gspgpu.o)
                0x0010dc8c                GSPGPU_ReleaseRight
 .text.GSPGPU_ImportDisplayCaptureInfo
                0x0010dcb8       0x80 c:/devkitPro/libctru/lib\libctru.a(gspgpu.o)
                0x0010dcb8                GSPGPU_ImportDisplayCaptureInfo
 .text.GSPGPU_SaveVramSysArea
                0x0010dd38       0x2c c:/devkitPro/libctru/lib\libctru.a(gspgpu.o)
                0x0010dd38                GSPGPU_SaveVramSysArea
 .text.GSPGPU_RestoreVramSysArea
                0x0010dd64       0x2c c:/devkitPro/libctru/lib\libctru.a(gspgpu.o)
                0x0010dd64                GSPGPU_RestoreVramSysArea
 .text.hidExit  0x0010dd90       0xd8 c:/devkitPro/libctru/lib\libctru.a(hid.o)
                0x0010dd90                hidExit
 .text.hidScanInput
                0x0010de68      0x238 c:/devkitPro/libctru/lib\libctru.a(hid.o)
                0x0010de68                hidScanInput
 .text.hidKeysDown
                0x0010e0a0       0x10 c:/devkitPro/libctru/lib\libctru.a(hid.o)
                0x0010e0a0                hidKeysDown
 .text.hidTouchRead
                0x0010e0b0       0x18 c:/devkitPro/libctru/lib\libctru.a(hid.o)
                0x0010e0b0                hidTouchRead
 .text.HIDUSER_GetHandles
                0x0010e0c8       0x90 c:/devkitPro/libctru/lib\libctru.a(hid.o)
                0x0010e0c8                HIDUSER_GetHandles
 .text.hidInit  0x0010e158      0x184 c:/devkitPro/libctru/lib\libctru.a(hid.o)
                0x0010e158                hidInit
 .text.irrstScanInput
                0x0010e2dc       0xb0 c:/devkitPro/libctru/lib\libctru.a(irrst.o)
                0x0010e2dc                irrstScanInput
 .text.irrstKeysHeld
                0x0010e38c       0x1c c:/devkitPro/libctru/lib\libctru.a(irrst.o)
                0x0010e38c                irrstKeysHeld
 .text.IRRST_GetHandles
                0x0010e3a8       0x50 c:/devkitPro/libctru/lib\libctru.a(irrst.o)
                0x0010e3a8                IRRST_GetHandles
 .text.irrstInit
                0x0010e3f8      0x148 c:/devkitPro/libctru/lib\libctru.a(irrst.o)
                0x0010e3f8                irrstInit
 .text.IRRST_Shutdown
                0x0010e540       0x2c c:/devkitPro/libctru/lib\libctru.a(irrst.o)
                0x0010e540                IRRST_Shutdown
 .text.irrstExit
                0x0010e56c       0xb0 c:/devkitPro/libctru/lib\libctru.a(irrst.o)
                0x0010e56c                irrstExit
 .text.ptmSysmInit
                0x0010e61c       0x70 c:/devkitPro/libctru/lib\libctru.a(ptmsysm.o)
                0x0010e61c                ptmSysmInit
 .text.ptmSysmExit
                0x0010e68c       0x34 c:/devkitPro/libctru/lib\libctru.a(ptmsysm.o)
                0x0010e68c                ptmSysmExit
 .text.PTMSYSM_ConfigureNew3DSCPU
                0x0010e6c0       0x34 c:/devkitPro/libctru/lib\libctru.a(ptmsysm.o)
                0x0010e6c0                PTMSYSM_ConfigureNew3DSCPU
 .text.rbtree_find
                0x0010e6f4       0x70 c:/devkitPro/libctru/lib\libctru.a(rbtree_find.o)
                0x0010e6f4                rbtree_find
 .text.rbtree_init
                0x0010e764       0x14 c:/devkitPro/libctru/lib\libctru.a(rbtree_init.o)
                0x0010e764                rbtree_init
 .text.do_insert
                0x0010e778      0x1d4 c:/devkitPro/libctru/lib\libctru.a(rbtree_insert.o)
 .text.rbtree_insert
                0x0010e94c        0x8 c:/devkitPro/libctru/lib\libctru.a(rbtree_insert.o)
                0x0010e94c                rbtree_insert
 .text.rbtree_remove
                0x0010e954      0x35c c:/devkitPro/libctru/lib\libctru.a(rbtree_remove.o)
                0x0010e954                rbtree_remove
 .text.rbtree_rotate
                0x0010ecb0       0xac c:/devkitPro/libctru/lib\libctru.a(rbtree_rotate.o)
                0x0010ecb0                rbtree_rotate
 .text.osGetMemRegionSize
                0x0010ed5c       0x58 c:/devkitPro/libctru/lib\libctru.a(allocateHeaps.o)
 .text.__system_allocateHeaps
                0x0010edb4      0x124 c:/devkitPro/libctru/lib\libctru.a(allocateHeaps.o)
                0x0010edb4                __system_allocateHeaps
 .text.__system_initArgv
                0x0010eed8       0xf4 c:/devkitPro/libctru/lib\libctru.a(initArgv.o)
                0x0010eed8                __system_initArgv
 .text.__libctru_init
                0x0010efcc       0x38 c:/devkitPro/libctru/lib\libctru.a(initSystem.o)
                0x0010efcc                __libctru_init
 .text.__ctru_get_reent
                0x0010f004       0x30 c:/devkitPro/libctru/lib\libctru.a(syscalls.o)
 .text.__system_initSyscalls
                0x0010f034       0xe8 c:/devkitPro/libctru/lib\libctru.a(syscalls.o)
                0x0010f034                __system_initSyscalls
 .text.svcControlMemory
                0x0010f11c       0x20 c:/devkitPro/libctru/lib\libctru.a(svc.o)
                0x0010f11c                svcControlMemory
 .text.svcExitProcess
                0x0010f13c        0x8 c:/devkitPro/libctru/lib\libctru.a(svc.o)
                0x0010f13c                svcExitProcess
 .text.svcCreateThread
                0x0010f144       0x20 c:/devkitPro/libctru/lib\libctru.a(svc.o)
                0x0010f144                svcCreateThread
 .text.svcExitThread
                0x0010f164        0x8 c:/devkitPro/libctru/lib\libctru.a(svc.o)
                0x0010f164                svcExitThread
 .text.svcCreateEvent
                0x0010f16c       0x14 c:/devkitPro/libctru/lib\libctru.a(svc.o)
                0x0010f16c                svcCreateEvent
 .text.svcSignalEvent
                0x0010f180        0x8 c:/devkitPro/libctru/lib\libctru.a(svc.o)
                0x0010f180                svcSignalEvent
 .text.svcClearEvent
                0x0010f188        0x8 c:/devkitPro/libctru/lib\libctru.a(svc.o)
                0x0010f188                svcClearEvent
 .text.svcMapMemoryBlock
                0x0010f190        0x8 c:/devkitPro/libctru/lib\libctru.a(svc.o)
                0x0010f190                svcMapMemoryBlock
 .text.svcUnmapMemoryBlock
                0x0010f198        0x8 c:/devkitPro/libctru/lib\libctru.a(svc.o)
                0x0010f198                svcUnmapMemoryBlock
 .text.svcCreateAddressArbiter
                0x0010f1a0       0x14 c:/devkitPro/libctru/lib\libctru.a(svc.o)
                0x0010f1a0                svcCreateAddressArbiter
 .text.svcArbitrateAddress
                0x0010f1b4       0x18 c:/devkitPro/libctru/lib\libctru.a(svc.o)
                0x0010f1b4                svcArbitrateAddress
 .text.svcCloseHandle
                0x0010f1cc        0x8 c:/devkitPro/libctru/lib\libctru.a(svc.o)
                0x0010f1cc                svcCloseHandle
 .text.svcWaitSynchronization
                0x0010f1d4        0x8 c:/devkitPro/libctru/lib\libctru.a(svc.o)
                0x0010f1d4                svcWaitSynchronization
 .text.svcWaitSynchronizationN
                0x0010f1dc       0x28 c:/devkitPro/libctru/lib\libctru.a(svc.o)
                0x0010f1dc                svcWaitSynchronizationN
 .text.svcDuplicateHandle
                0x0010f204       0x14 c:/devkitPro/libctru/lib\libctru.a(svc.o)
                0x0010f204                svcDuplicateHandle
 .text.svcGetSystemTick
                0x0010f218        0x8 c:/devkitPro/libctru/lib\libctru.a(svc.o)
                0x0010f218                svcGetSystemTick
 .text.svcGetSystemInfo
                0x0010f220       0x18 c:/devkitPro/libctru/lib\libctru.a(svc.o)
                0x0010f220                svcGetSystemInfo
 .text.svcConnectToPort
                0x0010f238       0x14 c:/devkitPro/libctru/lib\libctru.a(svc.o)
                0x0010f238                svcConnectToPort
 .text.svcSendSyncRequest
                0x0010f24c        0x8 c:/devkitPro/libctru/lib\libctru.a(svc.o)
                0x0010f24c                svcSendSyncRequest
 .text.svcBreak
                0x0010f254        0x8 c:/devkitPro/libctru/lib\libctru.a(svc.o)
                0x0010f254                svcBreak
 .text._ZL21addrMapNodeComparatorPK11rbtree_nodeS1_
                0x0010f25c       0x24 c:/devkitPro/libctru/lib\libctru.a(mappable.o)
 .text._ZL21addrMapNodeDestructorP11rbtree_node
                0x0010f280        0x4 c:/devkitPro/libctru/lib\libctru.a(mappable.o)
 .text.mappableAlloc
                0x0010f284       0xf4 c:/devkitPro/libctru/lib\libctru.a(mappable.o)
                0x0010f284                mappableAlloc
 .text.mappableFree
                0x0010f378       0x50 c:/devkitPro/libctru/lib\libctru.a(mappable.o)
                0x0010f378                mappableFree
 .text.envGetHandle
                0x0010f3c8       0x94 c:/devkitPro/libctru/lib\libctru.a(env.o)
                0x0010f3c8                envGetHandle
 .text.envDestroyHandles
                0x0010f45c       0x4c c:/devkitPro/libctru/lib\libctru.a(env.o)
                0x0010f45c                envDestroyHandles
 .text.srvExit  0x0010f4a8       0x50 c:/devkitPro/libctru/lib\libctru.a(srv.o)
                0x0010f4a8                srvExit
 .text.srvRegisterClient
                0x0010f4f8       0x38 c:/devkitPro/libctru/lib\libctru.a(srv.o)
                0x0010f4f8                srvRegisterClient
 .text.srvInit  0x0010f530       0x70 c:/devkitPro/libctru/lib\libctru.a(srv.o)
                0x0010f530                srvInit
 .text.srvGetServiceHandleDirect
                0x0010f5a0       0x68 c:/devkitPro/libctru/lib\libctru.a(srv.o)
                0x0010f5a0                srvGetServiceHandleDirect
 .text.srvGetServiceHandle
                0x0010f608       0x38 c:/devkitPro/libctru/lib\libctru.a(srv.o)
                0x0010f608                srvGetServiceHandle
 .text.LightLock_Unlock.part.1
                0x0010f640       0x34 c:/devkitPro/libctru/lib\libctru.a(synchronization.o)
 .text.__sync_init
                0x0010f674        0xc c:/devkitPro/libctru/lib\libctru.a(synchronization.o)
                0x0010f674                __sync_init
 .text.__sync_fini
                0x0010f680       0x18 c:/devkitPro/libctru/lib\libctru.a(synchronization.o)
                0x0010f680                __sync_fini
 .text.LightLock_Init
                0x0010f698       0x18 c:/devkitPro/libctru/lib\libctru.a(synchronization.o)
                0x0010f698                LightLock_Init
 .text.LightLock_Lock
                0x0010f6b0       0x94 c:/devkitPro/libctru/lib\libctru.a(synchronization.o)
                0x0010f6b0                LightLock_Lock
 .text.LightLock_TryLock
                0x0010f744       0x34 c:/devkitPro/libctru/lib\libctru.a(synchronization.o)
                0x0010f744                LightLock_TryLock
 .text.LightLock_Unlock
                0x0010f778       0x20 c:/devkitPro/libctru/lib\libctru.a(synchronization.o)
                0x0010f778                LightLock_Unlock
 .text.RecursiveLock_Init
                0x0010f798       0x24 c:/devkitPro/libctru/lib\libctru.a(synchronization.o)
                0x0010f798                RecursiveLock_Init
 .text.RecursiveLock_Lock
                0x0010f7bc       0x30 c:/devkitPro/libctru/lib\libctru.a(synchronization.o)
                0x0010f7bc                RecursiveLock_Lock
 .text.RecursiveLock_TryLock
                0x0010f7ec       0x58 c:/devkitPro/libctru/lib\libctru.a(synchronization.o)
                0x0010f7ec                RecursiveLock_TryLock
 .text.RecursiveLock_Unlock
                0x0010f844       0x38 c:/devkitPro/libctru/lib\libctru.a(synchronization.o)
                0x0010f844                RecursiveLock_Unlock
 .text.threadCreate
                0x0010f87c      0x1c8 c:/devkitPro/libctru/lib\libctru.a(thread.o)
                0x0010f87c                threadCreate
 .text.threadJoin
                0x0010fa44       0x24 c:/devkitPro/libctru/lib\libctru.a(thread.o)
                0x0010fa44                threadJoin
 .text.threadExit
                0x0010fa68       0x6c c:/devkitPro/libctru/lib\libctru.a(thread.o)
                0x0010fa68                threadExit
 .text._thread_begin
                0x0010fad4       0x3c c:/devkitPro/libctru/lib\libctru.a(thread.o)
 .text.rbtree_node_next
                0x0010fb10       0x8c c:/devkitPro/libctru/lib\libctru.a(rbtree_iterator.o)
                0x0010fb10                rbtree_node_next
 .text.__appExit
                0x0010fb9c       0x1c c:/devkitPro/libctru/lib\libctru.a(appExit.o)
                0x0010fb9c                __appExit
 .text.__appInit
                0x0010fbb8       0x1c c:/devkitPro/libctru/lib\libctru.a(appInit.o)
                0x0010fbb8                __appInit
 .text.__libctru_exit
                0x0010fbd4       0xa4 c:/devkitPro/libctru/lib\libctru.a(ctru_exit.o)
                0x0010fbd4                __libctru_exit
 .text.sdmc_link
                0x0010fc78       0x10 c:/devkitPro/libctru/lib\libctru.a(sdmc_dev.o)
 .text.sdmc_dirreset
                0x0010fc88       0x10 c:/devkitPro/libctru/lib\libctru.a(sdmc_dev.o)
 .text.sdmc_chmod
                0x0010fc98       0x10 c:/devkitPro/libctru/lib\libctru.a(sdmc_dev.o)
 .text.sdmc_fchmod
                0x0010fca8       0x10 c:/devkitPro/libctru/lib\libctru.a(sdmc_dev.o)
 .text.error_cmp
                0x0010fcb8       0x24 c:/devkitPro/libctru/lib\libctru.a(sdmc_dev.o)
 .text.sdmc_translate_error
                0x0010fcdc       0x50 c:/devkitPro/libctru/lib\libctru.a(sdmc_dev.o)
 .text.sdmc_fsync
                0x0010fd2c       0x34 c:/devkitPro/libctru/lib\libctru.a(sdmc_dev.o)
 .text.sdmc_ftruncate
                0x0010fd60       0x54 c:/devkitPro/libctru/lib\libctru.a(sdmc_dev.o)
 .text.sdmc_statvfs
                0x0010fdb4       0xac c:/devkitPro/libctru/lib\libctru.a(sdmc_dev.o)
 .text.sdmc_dirclose
                0x0010fe60       0x38 c:/devkitPro/libctru/lib\libctru.a(sdmc_dev.o)
 .text.sdmc_dirnext
                0x0010fe98       0xe0 c:/devkitPro/libctru/lib\libctru.a(sdmc_dev.o)
 .text.sdmc_close
                0x0010ff78       0x34 c:/devkitPro/libctru/lib\libctru.a(sdmc_dev.o)
 .text.sdmc_fstat
                0x0010ffac       0x74 c:/devkitPro/libctru/lib\libctru.a(sdmc_dev.o)
 .text.sdmc_seek
                0x00110020       0xc0 c:/devkitPro/libctru/lib\libctru.a(sdmc_dev.o)
 .text.sdmc_read
                0x001100e0       0x8c c:/devkitPro/libctru/lib\libctru.a(sdmc_dev.o)
 .text.sdmc_write
                0x0011016c      0x108 c:/devkitPro/libctru/lib\libctru.a(sdmc_dev.o)
 .text.sdmc_utf16path
                0x00110274      0x1b4 c:/devkitPro/libctru/lib\libctru.a(sdmc_dev.o)
 .text.sdmc_rmdir
                0x00110428       0x80 c:/devkitPro/libctru/lib\libctru.a(sdmc_dev.o)
 .text.sdmc_diropen
                0x001104a8       0x9c c:/devkitPro/libctru/lib\libctru.a(sdmc_dev.o)
 .text.sdmc_chdir
                0x00110544       0xa8 c:/devkitPro/libctru/lib\libctru.a(sdmc_dev.o)
 .text.sdmc_mkdir
                0x001105ec       0x84 c:/devkitPro/libctru/lib\libctru.a(sdmc_dev.o)
 .text.sdmc_rename
                0x00110670      0x138 c:/devkitPro/libctru/lib\libctru.a(sdmc_dev.o)
 .text.sdmc_unlink
                0x001107a8       0x80 c:/devkitPro/libctru/lib\libctru.a(sdmc_dev.o)
 .text.sdmc_stat
                0x00110828      0x120 c:/devkitPro/libctru/lib\libctru.a(sdmc_dev.o)
 .text.sdmc_open
                0x00110948      0x1ac c:/devkitPro/libctru/lib\libctru.a(sdmc_dev.o)
 .text.sdmcInit
                0x00110af4      0x134 c:/devkitPro/libctru/lib\libctru.a(sdmc_dev.o)
                0x00110af4                sdmcInit
 .text.sdmcExit
                0x00110c28       0x50 c:/devkitPro/libctru/lib\libctru.a(sdmc_dev.o)
                0x00110c28                sdmcExit
 .text.fsInit   0x00110c78       0xc8 c:/devkitPro/libctru/lib\libctru.a(fs.o)
                0x00110c78                fsInit
 .text.fsExit   0x00110d40       0x34 c:/devkitPro/libctru/lib\libctru.a(fs.o)
                0x00110d40                fsExit
 .text.FSUSER_OpenFile
                0x00110d74       0xdc c:/devkitPro/libctru/lib\libctru.a(fs.o)
                0x00110d74                FSUSER_OpenFile
 .text.FSUSER_DeleteFile
                0x00110e50       0xb8 c:/devkitPro/libctru/lib\libctru.a(fs.o)
                0x00110e50                FSUSER_DeleteFile
 .text.FSUSER_RenameFile
                0x00110f08       0xf4 c:/devkitPro/libctru/lib\libctru.a(fs.o)
                0x00110f08                FSUSER_RenameFile
 .text.FSUSER_DeleteDirectory
                0x00110ffc       0xb8 c:/devkitPro/libctru/lib\libctru.a(fs.o)
                0x00110ffc                FSUSER_DeleteDirectory
 .text.FSUSER_CreateFile
                0x001110b4       0xd0 c:/devkitPro/libctru/lib\libctru.a(fs.o)
                0x001110b4                FSUSER_CreateFile
 .text.FSUSER_CreateDirectory
                0x00111184       0xc0 c:/devkitPro/libctru/lib\libctru.a(fs.o)
                0x00111184                FSUSER_CreateDirectory
 .text.FSUSER_RenameDirectory
                0x00111244       0xf4 c:/devkitPro/libctru/lib\libctru.a(fs.o)
                0x00111244                FSUSER_RenameDirectory
 .text.FSUSER_OpenDirectory
                0x00111338       0xc4 c:/devkitPro/libctru/lib\libctru.a(fs.o)
                0x00111338                FSUSER_OpenDirectory
 .text.FSUSER_OpenArchive
                0x001113fc       0xbc c:/devkitPro/libctru/lib\libctru.a(fs.o)
                0x001113fc                FSUSER_OpenArchive
 .text.FSUSER_CloseArchive
                0x001114b8       0x88 c:/devkitPro/libctru/lib\libctru.a(fs.o)
                0x001114b8                FSUSER_CloseArchive
 .text.FSUSER_GetSdmcArchiveResource
                0x00111540       0x8c c:/devkitPro/libctru/lib\libctru.a(fs.o)
                0x00111540                FSUSER_GetSdmcArchiveResource
 .text.FSUSER_IsSdmcWritable
                0x001115cc       0x64 c:/devkitPro/libctru/lib\libctru.a(fs.o)
                0x001115cc                FSUSER_IsSdmcWritable
 .text.FSFILE_Read
                0x00111630       0x5c c:/devkitPro/libctru/lib\libctru.a(fs.o)
                0x00111630                FSFILE_Read
 .text.FSFILE_Write
                0x0011168c       0x64 c:/devkitPro/libctru/lib\libctru.a(fs.o)
                0x0011168c                FSFILE_Write
 .text.FSFILE_GetSize
                0x001116f0       0x3c c:/devkitPro/libctru/lib\libctru.a(fs.o)
                0x001116f0                FSFILE_GetSize
 .text.FSFILE_SetSize
                0x0011172c       0x2c c:/devkitPro/libctru/lib\libctru.a(fs.o)
                0x0011172c                FSFILE_SetSize
 .text.FSFILE_Close
                0x00111758       0x3c c:/devkitPro/libctru/lib\libctru.a(fs.o)
                0x00111758                FSFILE_Close
 .text.FSFILE_Flush
                0x00111794       0x24 c:/devkitPro/libctru/lib\libctru.a(fs.o)
                0x00111794                FSFILE_Flush
 .text.FSDIR_Read
                0x001117b8       0x54 c:/devkitPro/libctru/lib\libctru.a(fs.o)
                0x001117b8                FSDIR_Read
 .text.FSDIR_Close
                0x0011180c       0x3c c:/devkitPro/libctru/lib\libctru.a(fs.o)
                0x0011180c                FSDIR_Close
 .text.decode_utf8
                0x00111848      0x138 c:/devkitPro/libctru/lib\libctru.a(decode_utf8.o)
                0x00111848                decode_utf8
 .text.utf16_to_utf8
                0x00111980       0xe4 c:/devkitPro/libctru/lib\libctru.a(utf16_to_utf8.o)
                0x00111980                utf16_to_utf8
 .text.utf8_to_utf16
                0x00111a64       0xbc c:/devkitPro/libctru/lib\libctru.a(utf8_to_utf16.o)
                0x00111a64                utf8_to_utf16
 .text.__aeabi_read_tp
                0x00111b20        0xc c:/devkitPro/libctru/lib\libctru.a(readtp.o)
                0x00111b20                __aeabi_read_tp
 .text.decode_utf16
                0x00111b2c       0x60 c:/devkitPro/libctru/lib\libctru.a(decode_utf16.o)
                0x00111b2c                decode_utf16
 .text.encode_utf16
                0x00111b8c       0x68 c:/devkitPro/libctru/lib\libctru.a(encode_utf16.o)
                0x00111b8c                encode_utf16
 .text.encode_utf8
                0x00111bf4      0x104 c:/devkitPro/libctru/lib\libctru.a(encode_utf8.o)
                0x00111bf4                encode_utf8
 .text.bsearch  0x00111cf8       0x78 c:/devkitpro/devkitarm/bin/../lib/gcc/arm-none-eabi/5.3.0/../../../../arm-none-eabi/lib/armv6k/fpu\libg.a(lib_a-bsearch.o)
                0x00111cf8                bsearch
 .text.calloc   0x00111d70       0x20 c:/devkitpro/devkitarm/bin/../lib/gcc/arm-none-eabi/5.3.0/../../../../arm-none-eabi/lib/armv6k/fpu\libg.a(lib_a-calloc.o)
                0x00111d70                calloc
 .text._calloc_r
                0x00111d90       0x90 c:/devkitpro/devkitarm/bin/../lib/gcc/arm-none-eabi/5.3.0/../../../../arm-none-eabi/lib/armv6k/fpu\libg.a(lib_a-callocr.o)
                0x00111d90                _calloc_r
 .text._fclose_r
                0x00111e20      0x120 c:/devkitpro/devkitarm/bin/../lib/gcc/arm-none-eabi/5.3.0/../../../../arm-none-eabi/lib/armv6k/fpu\libg.a(lib_a-fclose.o)
                0x00111e20                _fclose_r
 .text.__sflush_r
                0x00111f40      0x230 c:/devkitpro/devkitarm/bin/../lib/gcc/arm-none-eabi/5.3.0/../../../../arm-none-eabi/lib/armv6k/fpu\libg.a(lib_a-fflush.o)
                0x00111f40                __sflush_r
 .text._fflush_r
                0x00112170       0x90 c:/devkitpro/devkitarm/bin/../lib/gcc/arm-none-eabi/5.3.0/../../../../arm-none-eabi/lib/armv6k/fpu\libg.a(lib_a-fflush.o)
                0x00112170                _fflush_r
 .text._cleanup_r
                0x00112200        0xc c:/devkitpro/devkitarm/bin/../lib/gcc/arm-none-eabi/5.3.0/../../../../arm-none-eabi/lib/armv6k/fpu\libg.a(lib_a-findfp.o)
                0x00112200                _cleanup_r
 .text.std.isra.0
                0x0011220c       0x80 c:/devkitpro/devkitarm/bin/../lib/gcc/arm-none-eabi/5.3.0/../../../../arm-none-eabi/lib/armv6k/fpu\libg.a(lib_a-findfp.o)
 .text.__sinit  0x0011228c       0x8c c:/devkitpro/devkitarm/bin/../lib/gcc/arm-none-eabi/5.3.0/../../../../arm-none-eabi/lib/armv6k/fpu\libg.a(lib_a-findfp.o)
                0x0011228c                __sinit
 .text.__sfp_lock_acquire
                0x00112318        0xc c:/devkitpro/devkitarm/bin/../lib/gcc/arm-none-eabi/5.3.0/../../../../arm-none-eabi/lib/armv6k/fpu\libg.a(lib_a-findfp.o)
                0x00112318                __sfp_lock_acquire
 .text.__sfp_lock_release
                0x00112324        0xc c:/devkitpro/devkitarm/bin/../lib/gcc/arm-none-eabi/5.3.0/../../../../arm-none-eabi/lib/armv6k/fpu\libg.a(lib_a-findfp.o)
                0x00112324                __sfp_lock_release
 .text.__libc_fini_array
                0x00112330       0x3c c:/devkitpro/devkitarm/bin/../lib/gcc/arm-none-eabi/5.3.0/../../../../arm-none-eabi/lib/armv6k/fpu\libg.a(lib_a-fini.o)
                0x00112330                __libc_fini_array
 .text._malloc_trim_r
                0x0011236c       0xf8 c:/devkitpro/devkitarm/bin/../lib/gcc/arm-none-eabi/5.3.0/../../../../arm-none-eabi/lib/armv6k/fpu\libg.a(lib_a-freer.o)
                0x0011236c                _malloc_trim_r
 .text._free_r  0x00112464      0x2e4 c:/devkitpro/devkitarm/bin/../lib/gcc/arm-none-eabi/5.3.0/../../../../arm-none-eabi/lib/armv6k/fpu\libg.a(lib_a-freer.o)
                0x00112464                _free_r
 .text._fwalk_reent
                0x00112748       0x80 c:/devkitpro/devkitarm/bin/../lib/gcc/arm-none-eabi/5.3.0/../../../../arm-none-eabi/lib/armv6k/fpu\libg.a(lib_a-fwalk.o)
                0x00112748                _fwalk_reent
 .text.__libc_init_array
                0x001127c8       0x78 c:/devkitpro/devkitarm/bin/../lib/gcc/arm-none-eabi/5.3.0/../../../../arm-none-eabi/lib/armv6k/fpu\libg.a(lib_a-init.o)
                0x001127c8                __libc_init_array
 .text.__smakebuf_r
                0x00112840      0x160 c:/devkitpro/devkitarm/bin/../lib/gcc/arm-none-eabi/5.3.0/../../../../arm-none-eabi/lib/armv6k/fpu\libg.a(lib_a-makebuf.o)
                0x00112840                __smakebuf_r
 .text.memalign
                0x001129a0       0x20 c:/devkitpro/devkitarm/bin/../lib/gcc/arm-none-eabi/5.3.0/../../../../arm-none-eabi/lib/armv6k/fpu\libg.a(lib_a-malign.o)
                0x001129a0                memalign
 .text._memalign_r
                0x001129c0      0x15c c:/devkitpro/devkitarm/bin/../lib/gcc/arm-none-eabi/5.3.0/../../../../arm-none-eabi/lib/armv6k/fpu\libg.a(lib_a-malignr.o)
                0x001129c0                _memalign_r
 .text.malloc   0x00112b1c       0x18 c:/devkitpro/devkitarm/bin/../lib/gcc/arm-none-eabi/5.3.0/../../../../arm-none-eabi/lib/armv6k/fpu\libg.a(lib_a-malloc.o)
                0x00112b1c                malloc
 .text.free     0x00112b34       0x18 c:/devkitpro/devkitarm/bin/../lib/gcc/arm-none-eabi/5.3.0/../../../../arm-none-eabi/lib/armv6k/fpu\libg.a(lib_a-malloc.o)
                0x00112b34                free
 .text._malloc_r
                0x00112b4c      0x7a8 c:/devkitpro/devkitarm/bin/../lib/gcc/arm-none-eabi/5.3.0/../../../../arm-none-eabi/lib/armv6k/fpu\libg.a(lib_a-mallocr.o)
                0x00112b4c                _malloc_r
 .text.memcpy   0x001132f4       0xf0 c:/devkitpro/devkitarm/bin/../lib/gcc/arm-none-eabi/5.3.0/../../../../arm-none-eabi/lib/armv6k/fpu\libg.a(lib_a-memcpy.o)
                0x001132f4                memcpy
 .text.memset   0x001133e4       0xf4 c:/devkitpro/devkitarm/bin/../lib/gcc/arm-none-eabi/5.3.0/../../../../arm-none-eabi/lib/armv6k/fpu\libg.a(lib_a-memset.o)
                0x001133e4                memset
 .text.__malloc_lock
                0x001134d8        0xc c:/devkitpro/devkitarm/bin/../lib/gcc/arm-none-eabi/5.3.0/../../../../arm-none-eabi/lib/armv6k/fpu\libg.a(lib_a-mlock.o)
                0x001134d8                __malloc_lock
 .text.__malloc_unlock
                0x001134e4        0xc c:/devkitpro/devkitarm/bin/../lib/gcc/arm-none-eabi/5.3.0/../../../../arm-none-eabi/lib/armv6k/fpu\libg.a(lib_a-mlock.o)
                0x001134e4                __malloc_unlock
 .text.printf   0x001134f0       0x38 c:/devkitpro/devkitarm/bin/../lib/gcc/arm-none-eabi/5.3.0/../../../../arm-none-eabi/lib/armv6k/fpu\libg.a(lib_a-printf.o)
                0x001134f0                printf
 .text.srand    0x00113528       0x1c c:/devkitpro/devkitarm/bin/../lib/gcc/arm-none-eabi/5.3.0/../../../../arm-none-eabi/lib/armv6k/fpu\libg.a(lib_a-rand.o)
                0x00113528                srand
 .text.rand     0x00113544       0x44 c:/devkitpro/devkitarm/bin/../lib/gcc/arm-none-eabi/5.3.0/../../../../arm-none-eabi/lib/armv6k/fpu\libg.a(lib_a-rand.o)
                0x00113544                rand
 .text.realloc  0x00113588       0x20 c:/devkitpro/devkitarm/bin/../lib/gcc/arm-none-eabi/5.3.0/../../../../arm-none-eabi/lib/armv6k/fpu\libg.a(lib_a-realloc.o)
                0x00113588                realloc
 .text._realloc_r
                0x001135a8      0x4c0 c:/devkitpro/devkitarm/bin/../lib/gcc/arm-none-eabi/5.3.0/../../../../arm-none-eabi/lib/armv6k/fpu\libg.a(lib_a-reallocr.o)
                0x001135a8                _realloc_r
 .text.__sread  0x00113a68       0x30 c:/devkitpro/devkitarm/bin/../lib/gcc/arm-none-eabi/5.3.0/../../../../arm-none-eabi/lib/armv6k/fpu\libg.a(lib_a-stdio.o)
                0x00113a68                __sread
 .text.__swrite
                0x00113a98       0x54 c:/devkitpro/devkitarm/bin/../lib/gcc/arm-none-eabi/5.3.0/../../../../arm-none-eabi/lib/armv6k/fpu\libg.a(lib_a-stdio.o)
                0x00113a98                __swrite
 .text.__sseek  0x00113aec       0x2c c:/devkitpro/devkitarm/bin/../lib/gcc/arm-none-eabi/5.3.0/../../../../arm-none-eabi/lib/armv6k/fpu\libg.a(lib_a-stdio.o)
                0x00113aec                __sseek
 .text.__sclose
                0x00113b18        0x8 c:/devkitpro/devkitarm/bin/../lib/gcc/arm-none-eabi/5.3.0/../../../../arm-none-eabi/lib/armv6k/fpu\libg.a(lib_a-stdio.o)
                0x00113b18                __sclose
 .text.strlen   0x00113b20       0x5c c:/devkitpro/devkitarm/bin/../lib/gcc/arm-none-eabi/5.3.0/../../../../arm-none-eabi/lib/armv6k/fpu\libg.a(lib_a-strlen.o)
                0x00113b20                strlen
 .text.strncat  0x00113b7c       0xa4 c:/devkitpro/devkitarm/bin/../lib/gcc/arm-none-eabi/5.3.0/../../../../arm-none-eabi/lib/armv6k/fpu\libg.a(lib_a-strncat.o)
                0x00113b7c                strncat
 .text.strncpy  0x00113c20       0xe0 c:/devkitpro/devkitarm/bin/../lib/gcc/arm-none-eabi/5.3.0/../../../../arm-none-eabi/lib/armv6k/fpu\libg.a(lib_a-strncpy.o)
                0x00113c20                strncpy
 .text.time     0x00113d00       0x40 c:/devkitpro/devkitarm/bin/../lib/gcc/arm-none-eabi/5.3.0/../../../../arm-none-eabi/lib/armv6k/fpu\libg.a(lib_a-time.o)
                0x00113d00                time
 .text.get_arg  0x00113d40     0x161c c:/devkitpro/devkitarm/bin/../lib/gcc/arm-none-eabi/5.3.0/../../../../arm-none-eabi/lib/armv6k/fpu\libg.a(lib_a-vfprintf.o)
 *fill*         0x0011535c        0x4 
 .text._vfprintf_r
                0x00115360     0x4878 c:/devkitpro/devkitarm/bin/../lib/gcc/arm-none-eabi/5.3.0/../../../../arm-none-eabi/lib/armv6k/fpu\libg.a(lib_a-vfprintf.o)
                0x00115360                _vfprintf_r
 .text.__sbprintf
                0x00119bd8       0xcc c:/devkitpro/devkitarm/bin/../lib/gcc/arm-none-eabi/5.3.0/../../../../arm-none-eabi/lib/armv6k/fpu\libg.a(lib_a-vfprintf.o)
 .text._wcrtomb_r
                0x00119ca4       0x8c c:/devkitpro/devkitarm/bin/../lib/gcc/arm-none-eabi/5.3.0/../../../../arm-none-eabi/lib/armv6k/fpu\libg.a(lib_a-wcrtomb.o)
                0x00119ca4                _wcrtomb_r
 .text._wcsrtombs_r
                0x00119d30       0x20 c:/devkitpro/devkitarm/bin/../lib/gcc/arm-none-eabi/5.3.0/../../../../arm-none-eabi/lib/armv6k/fpu\libg.a(lib_a-wcsrtombs.o)
                0x00119d30                _wcsrtombs_r
 .text.__utf8_wctomb
                0x00119d50      0x114 c:/devkitpro/devkitarm/bin/../lib/gcc/arm-none-eabi/5.3.0/../../../../arm-none-eabi/lib/armv6k/fpu\libg.a(lib_a-wctomb_r.o)
                0x00119d50                __utf8_wctomb
 .text.__swsetup_r
                0x00119e64      0x148 c:/devkitpro/devkitarm/bin/../lib/gcc/arm-none-eabi/5.3.0/../../../../arm-none-eabi/lib/armv6k/fpu\libg.a(lib_a-wsetup.o)
                0x00119e64                __swsetup_r
 .text.quorem   0x00119fac      0x1bc c:/devkitpro/devkitarm/bin/../lib/gcc/arm-none-eabi/5.3.0/../../../../arm-none-eabi/lib/armv6k/fpu\libg.a(lib_a-dtoa.o)
 .text._dtoa_r  0x0011a168     0x12c8 c:/devkitpro/devkitarm/bin/../lib/gcc/arm-none-eabi/5.3.0/../../../../arm-none-eabi/lib/armv6k/fpu\libg.a(lib_a-dtoa.o)
                0x0011a168                _dtoa_r
 .text.__sfvwrite_r
                0x0011b430      0x4a4 c:/devkitpro/devkitarm/bin/../lib/gcc/arm-none-eabi/5.3.0/../../../../arm-none-eabi/lib/armv6k/fpu\libg.a(lib_a-fvwrite.o)
                0x0011b430                __sfvwrite_r
 .text.__locale_charset
                0x0011b8d4        0xc c:/devkitpro/devkitarm/bin/../lib/gcc/arm-none-eabi/5.3.0/../../../../arm-none-eabi/lib/armv6k/fpu\libg.a(lib_a-locale.o)
                0x0011b8d4                __locale_charset
 .text.__locale_mb_cur_max
                0x0011b8e0       0x10 c:/devkitpro/devkitarm/bin/../lib/gcc/arm-none-eabi/5.3.0/../../../../arm-none-eabi/lib/armv6k/fpu\libg.a(lib_a-locale.o)
                0x0011b8e0                __locale_mb_cur_max
 .text._localeconv_r
                0x0011b8f0        0xc c:/devkitpro/devkitarm/bin/../lib/gcc/arm-none-eabi/5.3.0/../../../../arm-none-eabi/lib/armv6k/fpu\libg.a(lib_a-locale.o)
                0x0011b8f0                _localeconv_r
 .text.__utf8_mbtowc
                0x0011b8fc      0x2fc c:/devkitpro/devkitarm/bin/../lib/gcc/arm-none-eabi/5.3.0/../../../../arm-none-eabi/lib/armv6k/fpu\libg.a(lib_a-mbtowc_r.o)
                0x0011b8fc                __utf8_mbtowc
 .text.memchr   0x0011bbf8      0x100 c:/devkitpro/devkitarm/bin/../lib/gcc/arm-none-eabi/5.3.0/../../../../arm-none-eabi/lib/armv6k/fpu\libg.a(lib_a-memchr.o)
                0x0011bbf8                memchr
 .text.memmove  0x0011bcf8      0x128 c:/devkitpro/devkitarm/bin/../lib/gcc/arm-none-eabi/5.3.0/../../../../arm-none-eabi/lib/armv6k/fpu\libg.a(lib_a-memmove.o)
                0x0011bcf8                memmove
 .text._Balloc  0x0011be20       0x8c c:/devkitpro/devkitarm/bin/../lib/gcc/arm-none-eabi/5.3.0/../../../../arm-none-eabi/lib/armv6k/fpu\libg.a(lib_a-mprec.o)
                0x0011be20                _Balloc
 .text._Bfree   0x0011beac       0x1c c:/devkitpro/devkitarm/bin/../lib/gcc/arm-none-eabi/5.3.0/../../../../arm-none-eabi/lib/armv6k/fpu\libg.a(lib_a-mprec.o)
                0x0011beac                _Bfree
 .text.__multadd
                0x0011bec8       0xd0 c:/devkitpro/devkitarm/bin/../lib/gcc/arm-none-eabi/5.3.0/../../../../arm-none-eabi/lib/armv6k/fpu\libg.a(lib_a-mprec.o)
                0x0011bec8                __multadd
 .text.__hi0bits
                0x0011bf98       0x5c c:/devkitpro/devkitarm/bin/../lib/gcc/arm-none-eabi/5.3.0/../../../../arm-none-eabi/lib/armv6k/fpu\libg.a(lib_a-mprec.o)
                0x0011bf98                __hi0bits
 .text.__lo0bits
                0x0011bff4       0x98 c:/devkitpro/devkitarm/bin/../lib/gcc/arm-none-eabi/5.3.0/../../../../arm-none-eabi/lib/armv6k/fpu\libg.a(lib_a-mprec.o)
                0x0011bff4                __lo0bits
 .text.__i2b    0x0011c08c       0x20 c:/devkitpro/devkitarm/bin/../lib/gcc/arm-none-eabi/5.3.0/../../../../arm-none-eabi/lib/armv6k/fpu\libg.a(lib_a-mprec.o)
                0x0011c08c                __i2b
 .text.__multiply
                0x0011c0ac      0x1dc c:/devkitpro/devkitarm/bin/../lib/gcc/arm-none-eabi/5.3.0/../../../../arm-none-eabi/lib/armv6k/fpu\libg.a(lib_a-mprec.o)
                0x0011c0ac                __multiply
 .text.__pow5mult
                0x0011c288      0x100 c:/devkitpro/devkitarm/bin/../lib/gcc/arm-none-eabi/5.3.0/../../../../arm-none-eabi/lib/armv6k/fpu\libg.a(lib_a-mprec.o)
                0x0011c288                __pow5mult
 .text.__lshift
                0x0011c388       0xf0 c:/devkitpro/devkitarm/bin/../lib/gcc/arm-none-eabi/5.3.0/../../../../arm-none-eabi/lib/armv6k/fpu\libg.a(lib_a-mprec.o)
                0x0011c388                __lshift
 .text.__mcmp   0x0011c478       0x64 c:/devkitpro/devkitarm/bin/../lib/gcc/arm-none-eabi/5.3.0/../../../../arm-none-eabi/lib/armv6k/fpu\libg.a(lib_a-mprec.o)
                0x0011c478                __mcmp
 .text.__mdiff  0x0011c4dc      0x198 c:/devkitpro/devkitarm/bin/../lib/gcc/arm-none-eabi/5.3.0/../../../../arm-none-eabi/lib/armv6k/fpu\libg.a(lib_a-mprec.o)
                0x0011c4dc                __mdiff
 .text.__d2b    0x0011c674      0x104 c:/devkitpro/devkitarm/bin/../lib/gcc/arm-none-eabi/5.3.0/../../../../arm-none-eabi/lib/armv6k/fpu\libg.a(lib_a-mprec.o)
                0x0011c674                __d2b
 .text.__fpclassifyd
                0x0011c778       0x74 c:/devkitpro/devkitarm/bin/../lib/gcc/arm-none-eabi/5.3.0/../../../../arm-none-eabi/lib/armv6k/fpu\libg.a(lib_a-s_fpclassify.o)
                0x0011c778                __fpclassifyd
 *fill*         0x0011c7ec        0x4 
 .text.frexp    0x0011c7f0       0x98 c:/devkitpro/devkitarm/bin/../lib/gcc/arm-none-eabi/5.3.0/../../../../arm-none-eabi/lib/armv6k/fpu\libg.a(lib_a-s_frexp.o)
                0x0011c7f0                frexp
 .text.strchr   0x0011c888      0x15c c:/devkitpro/devkitarm/bin/../lib/gcc/arm-none-eabi/5.3.0/../../../../arm-none-eabi/lib/armv6k/fpu\libg.a(lib_a-strchr.o)
                0x0011c888                strchr
 .text.strncmp  0x0011c9e4      0x11c c:/devkitpro/devkitarm/bin/../lib/gcc/arm-none-eabi/5.3.0/../../../../arm-none-eabi/lib/armv6k/fpu\libg.a(lib_a-strncmp.o)
                0x0011c9e4                strncmp
 .text.__sprint_r.part.0
                0x0011cb00       0xa4 c:/devkitpro/devkitarm/bin/../lib/gcc/arm-none-eabi/5.3.0/../../../../arm-none-eabi/lib/armv6k/fpu\libg.a(lib_a-vfiprintf.o)
 .text.__sprint_r
                0x0011cba4       0x1c c:/devkitpro/devkitarm/bin/../lib/gcc/arm-none-eabi/5.3.0/../../../../arm-none-eabi/lib/armv6k/fpu\libg.a(lib_a-vfiprintf.o)
                0x0011cba4                __sprint_r
 .text._wcsnrtombs_r
                0x0011cbc0      0x190 c:/devkitpro/devkitarm/bin/../lib/gcc/arm-none-eabi/5.3.0/../../../../arm-none-eabi/lib/armv6k/fpu\libg.a(lib_a-wcsnrtombs.o)
                0x0011cbc0                _wcsnrtombs_r
 .text.__fputwc
                0x0011cd50      0x124 c:/devkitpro/devkitarm/bin/../lib/gcc/arm-none-eabi/5.3.0/../../../../arm-none-eabi/lib/armv6k/fpu\libg.a(lib_a-fputwc.o)
                0x0011cd50                __fputwc
 .text._fputwc_r
                0x0011ce74       0xa8 c:/devkitpro/devkitarm/bin/../lib/gcc/arm-none-eabi/5.3.0/../../../../arm-none-eabi/lib/armv6k/fpu\libg.a(lib_a-fputwc.o)
                0x0011ce74                _fputwc_r
 .text.__swbuf_r
                0x0011cf1c      0x124 c:/devkitpro/devkitarm/bin/../lib/gcc/arm-none-eabi/5.3.0/../../../../arm-none-eabi/lib/armv6k/fpu\libg.a(lib_a-wbuf.o)
                0x0011cf1c                __swbuf_r
 .text.__errno  0x0011d040        0xc c:/devkitpro/devkitarm/bin/../lib/gcc/arm-none-eabi/5.3.0/../../../../arm-none-eabi/lib/armv6k/fpu\libg.a(lib_a-errno.o)
                0x0011d040                __errno
 .text.strnlen  0x0011d04c       0x5c c:/devkitpro/devkitarm/bin/../lib/gcc/arm-none-eabi/5.3.0/../../../../arm-none-eabi/lib/armv6k/fpu\libg.a(lib_a-strnlen.o)
                0x0011d04c                strnlen
 .text.strrchr  0x0011d0a8       0x44 c:/devkitpro/devkitarm/bin/../lib/gcc/arm-none-eabi/5.3.0/../../../../arm-none-eabi/lib/armv6k/fpu\libg.a(lib_a-strrchr.o)
                0x0011d0a8                strrchr
 *(.glue_7)
 .glue_7        0x0011d0ec        0x0 linker stubs
 *(.glue_7t)
 .glue_7t       0x0011d0ec        0x0 linker stubs
 *(.stub)
 *(.gnu.warning)
 *(.gnu.linkonce.t*)
                0x0011d0ec                . = ALIGN (0x4)
 *(.fini)
 .fini          0x0011d0ec        0xc c:/devkitpro/devkitarm/bin/../lib/gcc/arm-none-eabi/5.3.0/armv6k/fpu/crti.o
                0x0011d0ec                _fini
 .fini          0x0011d0f8        0xc c:/devkitpro/devkitarm/bin/../lib/gcc/arm-none-eabi/5.3.0/armv6k/fpu/crtn.o
                0x0011d104                . = ALIGN (0x4)

.vfp11_veneer   0x0011d104        0x0
 .vfp11_veneer  0x0011d104        0x0 linker stubs

.v4_bx          0x0011d104        0x0
 .v4_bx         0x0011d104        0x0 linker stubs

.iplt           0x0011d104        0x0
 .iplt          0x0011d104        0x0 c:/devkitpro/devkitarm/bin/../lib/gcc/arm-none-eabi/5.3.0/../../../../arm-none-eabi/lib/armv6k/fpu/3dsx_crt0.o

.rodata         0x0011e000   0x110d5c
 *(.rodata)
 .rodata        0x0011e000     0x3a10 ballsprites.png.o
                0x0011e000                ballsprites_png
                0x00121a0c                ballsprites_png_end
                0x00121a0c                ballsprites_png_size
 .rodata        0x00121a10      0x128 vshader.shbin.o
                0x00121a10                vshader_shbin
                0x00121b34                vshader_shbin_size
                0x00121b34                vshader_shbin_end
 .rodata        0x00121b38    0x38404 again.bgr.o
                0x00121b38                again_bgr
                0x00159f38                again_bgr_end
                0x00159f38                again_bgr_size
 .rodata        0x00159f3c    0x46504 game.bgr.o
                0x00159f3c                game_bgr
                0x001a043c                game_bgr_size
                0x001a043c                game_bgr_end
 .rodata        0x001a0440    0x46504 over.bgr.o
                0x001a0440                over_bgr
                0x001e6940                over_bgr_end
                0x001e6940                over_bgr_size
 .rodata        0x001e6944    0x46504 won.bgr.o
                0x001e6944                won_bgr
                0x0022ce44                won_bgr_size
                0x0022ce44                won_bgr_end
 .rodata        0x0022ce48      0x85c lodepng.o
                0x0022d670                lodepng_default_decompress_settings
                0x0022d680                lodepng_default_compress_settings
 .rodata        0x0022d6a4        0x4 c:/devkitPro/libctru/lib\libcitro3d.a(base.o)
 .rodata        0x0022d6a8       0x10 c:/devkitPro/libctru/lib\libcitro3d.a(renderbuffer.o)
 .rodata        0x0022d6b8       0x14 c:/devkitPro/libctru/lib\libcitro3d.a(texture.o)
 .rodata        0x0022d6cc       0x1c c:/devkitPro/libctru/lib\libctru.a(gfx.o)
 .rodata        0x0022d6e8       0x24 c:/devkitPro/libctru/lib\libctru.a(shbin.o)
 .rodata        0x0022d70c        0xc c:/devkitPro/libctru/lib\libctru.a(apt.o)
 .rodata        0x0022d718       0x30 c:/devkitPro/libctru/lib\libctru.a(sdmc_dev.o)
 .rodata        0x0022d748       0x68 c:/devkitpro/devkitarm/bin/../lib/gcc/arm-none-eabi/5.3.0/../../../../arm-none-eabi/lib/armv6k/fpu\libsysbase.a(iosupport.o)
                0x0022d748                dotab_stdnull
 .rodata        0x0022d7b0        0xc c:/devkitpro/devkitarm/bin/../lib/gcc/arm-none-eabi/5.3.0/../../../../arm-none-eabi/lib/armv6k/fpu\libsysbase.a(chdir.o)
                0x0022d7b0                DIRECTORY_PARENT
                0x0022d7b4                DIRECTORY_THIS
                0x0022d7b8                DIRECTORY_SEPARATOR
 *(.roda)
 *(.rodata.*)
 .rodata.str1.4
                0x0022d7bc      0xf91 lodepng.o
                                0xf94 (size before relaxing)
 *fill*         0x0022e74d        0x3 
 .rodata.str1.4
                0x0022e750        0xb render.o
                                  0xc (size before relaxing)
 *fill*         0x0022e75b        0x1 
 .rodata.str1.4
                0x0022e75c       0x16 samegame.o
                                 0x18 (size before relaxing)
 *fill*         0x0022e772        0x2 
 .rodata.str1.4
                0x0022e774       0x16 c:/devkitPro/libctru/lib\libctru.a(apt.o)
                                 0x18 (size before relaxing)
 *fill*         0x0022e78a        0x2 
 .rodata.str1.4
                0x0022e78c        0x9 c:/devkitPro/libctru/lib\libctru.a(gspgpu.o)
                                  0xc (size before relaxing)
 *fill*         0x0022e795        0x3 
 .rodata.str1.4
                0x0022e798       0x15 c:/devkitPro/libctru/lib\libctru.a(hid.o)
                                 0x18 (size before relaxing)
 *fill*         0x0022e7ad        0x3 
 .rodata.str1.4
                0x0022e7b0        0x7 c:/devkitPro/libctru/lib\libctru.a(irrst.o)
                                  0x8 (size before relaxing)
 *fill*         0x0022e7b7        0x1 
 .rodata.str1.4
                0x0022e7b8        0x9 c:/devkitPro/libctru/lib\libctru.a(ptmsysm.o)
                                  0xc (size before relaxing)
 *fill*         0x0022e7c1        0x3 
 .rodata.str1.4
                0x0022e7c4        0x5 c:/devkitPro/libctru/lib\libctru.a(srv.o)
                                  0x8 (size before relaxing)
 *fill*         0x0022e7c9        0x3 
 .rodata.str1.4
                0x0022e7cc        0x2 c:/devkitPro/libctru/lib\libctru.a(thread.o)
                                  0x4 (size before relaxing)
 *fill*         0x0022e7ce        0x2 
 .rodata.str1.4
                0x0022e7d0        0x5 c:/devkitPro/libctru/lib\libctru.a(sdmc_dev.o)
                                  0xc (size before relaxing)
 *fill*         0x0022e7d5        0x3 
 .rodata.str1.4
                0x0022e7d8        0x8 c:/devkitPro/libctru/lib\libctru.a(fs.o)
                                  0xc (size before relaxing)
 .rodata.str1.4
                0x0022e7e0        0x4 c:/devkitpro/devkitarm/bin/../lib/gcc/arm-none-eabi/5.3.0/../../../../arm-none-eabi/lib/armv6k/fpu\libg.a(lib_a-impure.o)
 .rodata.zeroes.7138
                0x0022e7e0       0x10 c:/devkitpro/devkitarm/bin/../lib/gcc/arm-none-eabi/5.3.0/../../../../arm-none-eabi/lib/armv6k/fpu\libg.a(lib_a-vfprintf.o)
 .rodata.str1.4
                0x0022e7f0       0x3f c:/devkitpro/devkitarm/bin/../lib/gcc/arm-none-eabi/5.3.0/../../../../arm-none-eabi/lib/armv6k/fpu\libg.a(lib_a-vfprintf.o)
                                 0x44 (size before relaxing)
 *fill*         0x0022e82f        0x1 
 .rodata.blanks.7137
                0x0022e830       0x10 c:/devkitpro/devkitarm/bin/../lib/gcc/arm-none-eabi/5.3.0/../../../../arm-none-eabi/lib/armv6k/fpu\libg.a(lib_a-vfprintf.o)
 .rodata.str1.4
                0x0022e840       0x10 c:/devkitpro/devkitarm/bin/../lib/gcc/arm-none-eabi/5.3.0/../../../../arm-none-eabi/lib/armv6k/fpu\libg.a(lib_a-dtoa.o)
                                 0x14 (size before relaxing)
 .rodata.str1.4
                0x0022e850      0x126 c:/devkitpro/devkitarm/bin/../lib/gcc/arm-none-eabi/5.3.0/../../../../arm-none-eabi/lib/armv6k/fpu\libg.a(lib_a-locale.o)
                                0x130 (size before relaxing)
 *fill*         0x0022e976        0x2 
 .rodata.__mprec_tens
                0x0022e978       0xc8 c:/devkitpro/devkitarm/bin/../lib/gcc/arm-none-eabi/5.3.0/../../../../arm-none-eabi/lib/armv6k/fpu\libg.a(lib_a-mprec.o)
                0x0022e978                __mprec_tens
 .rodata.p05.5412
                0x0022ea40        0xc c:/devkitpro/devkitarm/bin/../lib/gcc/arm-none-eabi/5.3.0/../../../../arm-none-eabi/lib/armv6k/fpu\libg.a(lib_a-mprec.o)
 *fill*         0x0022ea4c        0x4 
 .rodata.__mprec_bigtens
                0x0022ea50       0x28 c:/devkitpro/devkitarm/bin/../lib/gcc/arm-none-eabi/5.3.0/../../../../arm-none-eabi/lib/armv6k/fpu\libg.a(lib_a-mprec.o)
                0x0022ea50                __mprec_bigtens
 .rodata.__state_table
                0x0022ea78       0x6c c:/devkitpro/devkitarm/bin/../lib/gcc/arm-none-eabi/5.3.0/../../../../arm-none-eabi/lib/armv6k/fpu\libg.a(lib_a-svfiprintf.o)
                0x0022ea78                __state_table
 .rodata.__chclass
                0x0022eae4      0x100 c:/devkitpro/devkitarm/bin/../lib/gcc/arm-none-eabi/5.3.0/../../../../arm-none-eabi/lib/armv6k/fpu\libg.a(lib_a-svfiprintf.o)
                0x0022eae4                __chclass
 .rodata.__action_table
                0x0022ebe4       0x6c c:/devkitpro/devkitarm/bin/../lib/gcc/arm-none-eabi/5.3.0/../../../../arm-none-eabi/lib/armv6k/fpu\libg.a(lib_a-svfiprintf.o)
                0x0022ebe4                __action_table
 .rodata._ctype_
                0x0022ec50      0x104 c:/devkitpro/devkitarm/bin/../lib/gcc/arm-none-eabi/5.3.0/../../../../arm-none-eabi/lib/armv6k/fpu\libg.a(lib_a-ctype_.o)
                0x0022ec50                _ctype_
 .rodata.str1.4
                0x0022ed54        0x8 c:/devkitpro/devkitarm/bin/../lib/gcc/arm-none-eabi/5.3.0/../../../../arm-none-eabi/lib/armv6k/fpu\libsysbase.a(iosupport.o)
 *all.rodata*(*)
 *(.gnu.linkonce.r*)
                0x0022ed5c                . = ALIGN (0x4)

.eh_frame       0x0022ed5c        0x0
 .eh_frame      0x0022ed5c        0x0 c:/devkitpro/devkitarm/bin/../lib/gcc/arm-none-eabi/5.3.0/armv6k/fpu/crtbegin.o

.rel.dyn        0x0022ed5c        0x0
 .rel.iplt      0x0022ed5c        0x0 c:/devkitpro/devkitarm/bin/../lib/gcc/arm-none-eabi/5.3.0/../../../../arm-none-eabi/lib/armv6k/fpu/3dsx_crt0.o

.ARM.extab
 *(.ARM.extab* .gnu.linkonce.armextab.*)
                0x0022ed5c                __exidx_start = .

ARM.exidx
 *(.ARM.exidx* .gnu.linkonce.armexidx.*)
                0x0022ed5c                __exidx_end = .

.data           0x0022f000     0x2ee8
 *(.data)
 .data          0x0022f000      0x100 render.o
                0x0022f000                images
 .data          0x0022f100        0xc c:/devkitPro/libctru/lib\libctru.a(gfx.o)
 .data          0x0022f10c        0x4 c:/devkitPro/libctru/lib\libctru.a(stack_adjust.o)
                0x0022f10c                __stacksize__
 .data          0x0022f110      0x488 c:/devkitPro/libctru/lib\libctru.a(sdmc_dev.o)
 .data          0x0022f598       0x44 c:/devkitpro/devkitarm/bin/../lib/gcc/arm-none-eabi/5.3.0/../../../../arm-none-eabi/lib/armv6k/fpu\libsysbase.a(iosupport.o)
                0x0022f59c                devoptab_list
 .data          0x0022f5dc     0x1000 c:/devkitpro/devkitarm/bin/../lib/gcc/arm-none-eabi/5.3.0/../../../../arm-none-eabi/lib/armv6k/fpu\libsysbase.a(chdir.o)
 .data          0x002305dc     0x1028 c:/devkitpro/devkitarm/bin/../lib/gcc/arm-none-eabi/5.3.0/../../../../arm-none-eabi/lib/armv6k/fpu\libsysbase.a(handle_manager.o)
 *(.data.*)
 .data.__sfp_lock
                0x00231604        0xc c:/devkitpro/devkitarm/bin/../lib/gcc/arm-none-eabi/5.3.0/../../../../arm-none-eabi/lib/armv6k/fpu\libg.a(lib_a-findfp.o)
 .data.__sinit_lock
                0x00231610        0xc c:/devkitpro/devkitarm/bin/../lib/gcc/arm-none-eabi/5.3.0/../../../../arm-none-eabi/lib/armv6k/fpu\libg.a(lib_a-findfp.o)
 *fill*         0x0023161c        0x4 
 .data.impure_data
                0x00231620      0x440 c:/devkitpro/devkitarm/bin/../lib/gcc/arm-none-eabi/5.3.0/../../../../arm-none-eabi/lib/armv6k/fpu\libg.a(lib_a-impure.o)
 .data._impure_ptr
                0x00231a60        0x4 c:/devkitpro/devkitarm/bin/../lib/gcc/arm-none-eabi/5.3.0/../../../../arm-none-eabi/lib/armv6k/fpu\libg.a(lib_a-impure.o)
                0x00231a60                _impure_ptr
 .data.__malloc_av_
                0x00231a64      0x408 c:/devkitpro/devkitarm/bin/../lib/gcc/arm-none-eabi/5.3.0/../../../../arm-none-eabi/lib/armv6k/fpu\libg.a(lib_a-mallocr.o)
                0x00231a64                __malloc_av_
 .data.__malloc_trim_threshold
                0x00231e6c        0x4 c:/devkitpro/devkitarm/bin/../lib/gcc/arm-none-eabi/5.3.0/../../../../arm-none-eabi/lib/armv6k/fpu\libg.a(lib_a-mallocr.o)
                0x00231e6c                __malloc_trim_threshold
 .data.__malloc_sbrk_base
                0x00231e70        0x4 c:/devkitpro/devkitarm/bin/../lib/gcc/arm-none-eabi/5.3.0/../../../../arm-none-eabi/lib/armv6k/fpu\libg.a(lib_a-mallocr.o)
                0x00231e70                __malloc_sbrk_base
 .data.__malloc_lock_object
                0x00231e74        0xc c:/devkitpro/devkitarm/bin/../lib/gcc/arm-none-eabi/5.3.0/../../../../arm-none-eabi/lib/armv6k/fpu\libg.a(lib_a-mlock.o)
 .data.__wctomb
                0x00231e80        0x4 c:/devkitpro/devkitarm/bin/../lib/gcc/arm-none-eabi/5.3.0/../../../../arm-none-eabi/lib/armv6k/fpu\libg.a(lib_a-wctomb_r.o)
                0x00231e80                __wctomb
 .data.lconv    0x00231e84       0x38 c:/devkitpro/devkitarm/bin/../lib/gcc/arm-none-eabi/5.3.0/../../../../arm-none-eabi/lib/armv6k/fpu\libg.a(lib_a-locale.o)
 .data.lc_ctype_charset
                0x00231ebc       0x20 c:/devkitpro/devkitarm/bin/../lib/gcc/arm-none-eabi/5.3.0/../../../../arm-none-eabi/lib/armv6k/fpu\libg.a(lib_a-locale.o)
 .data.__mb_cur_max
                0x00231edc        0x4 c:/devkitpro/devkitarm/bin/../lib/gcc/arm-none-eabi/5.3.0/../../../../arm-none-eabi/lib/armv6k/fpu\libg.a(lib_a-locale.o)
                0x00231edc                __mb_cur_max
 .data.__mbtowc
                0x00231ee0        0x4 c:/devkitpro/devkitarm/bin/../lib/gcc/arm-none-eabi/5.3.0/../../../../arm-none-eabi/lib/armv6k/fpu\libg.a(lib_a-mbtowc_r.o)
                0x00231ee0                __mbtowc
 .data.__ctype_ptr__
                0x00231ee4        0x4 c:/devkitpro/devkitarm/bin/../lib/gcc/arm-none-eabi/5.3.0/../../../../arm-none-eabi/lib/armv6k/fpu\libg.a(lib_a-ctype_.o)
                0x00231ee4                __ctype_ptr__
 *(.gnu.linkonce.d*)
                0x00231ee8                . = ALIGN (0x4)

.igot.plt       0x00231ee8        0x0
 .igot.plt      0x00231ee8        0x0 c:/devkitpro/devkitarm/bin/../lib/gcc/arm-none-eabi/5.3.0/../../../../arm-none-eabi/lib/armv6k/fpu/3dsx_crt0.o

.jcr            0x00231ee8        0x0
 .jcr           0x00231ee8        0x0 c:/devkitpro/devkitarm/bin/../lib/gcc/arm-none-eabi/5.3.0/armv6k/fpu/crtbegin.o

.tm_clone_table
                0x00231ee8        0x0
 .tm_clone_table
                0x00231ee8        0x0 c:/devkitpro/devkitarm/bin/../lib/gcc/arm-none-eabi/5.3.0/armv6k/fpu/crtbegin.o
 .tm_clone_table
                0x00231ee8        0x0 c:/devkitpro/devkitarm/bin/../lib/gcc/arm-none-eabi/5.3.0/armv6k/fpu/crtend.o
                0x00231ee8                __TMC_END__

.tdata          0x00231ee8        0x0
                0x00231ee8                __tdata_lma = .
 *(.tdata)
 *(.tdata.*)
 *(.gnu.linkonce.td.*)
                0x00231ee8                . = ALIGN (0x4)